Archive member included because of file (symbol)

C:\fehqt\Proteus/EWL/lib/armv7e-m\libm.a(s_atanf.o)
                              ..\main.o (atanf)
C:\fehqt\Proteus/EWL/lib/armv7e-m\libm.a(s_cosf.o)
                              ..\main.o (cosf)
C:\fehqt\Proteus/EWL/lib/armv7e-m\libm.a(s_sinf.o)
                              ..\main.o (sinf)
C:\fehqt\Proteus/EWL/lib/armv7e-m\libm.a(w_fmod.o)
                              ..\main.o (fmod)
C:\fehqt\Proteus/EWL/lib/armv7e-m\libm.a(w_powf.o)
                              ..\main.o (powf)
C:\fehqt\Proteus/EWL/lib/armv7e-m\libm.a(w_sqrtf.o)
                              ..\main.o (sqrtf)
C:\fehqt\Proteus/EWL/lib/armv7e-m\libm.a(e_fmod.o)
                              C:\fehqt\Proteus/EWL/lib/armv7e-m\libm.a(w_fmod.o) (__ieee754_fmod)
C:\fehqt\Proteus/EWL/lib/armv7e-m\libm.a(e_powf.o)
                              C:\fehqt\Proteus/EWL/lib/armv7e-m\libm.a(w_powf.o) (__ieee754_powf)
C:\fehqt\Proteus/EWL/lib/armv7e-m\libm.a(e_rem_pio2f.o)
                              C:\fehqt\Proteus/EWL/lib/armv7e-m\libm.a(s_cosf.o) (__ieee754_rem_pio2f)
C:\fehqt\Proteus/EWL/lib/armv7e-m\libm.a(e_sqrtf.o)
                              C:\fehqt\Proteus/EWL/lib/armv7e-m\libm.a(w_sqrtf.o) (__ieee754_sqrtf)
C:\fehqt\Proteus/EWL/lib/armv7e-m\libm.a(k_cosf.o)
                              C:\fehqt\Proteus/EWL/lib/armv7e-m\libm.a(s_cosf.o) (__kernel_cosf)
C:\fehqt\Proteus/EWL/lib/armv7e-m\libm.a(k_rem_pio2f.o)
                              C:\fehqt\Proteus/EWL/lib/armv7e-m\libm.a(e_rem_pio2f.o) (__kernel_rem_pio2f)
C:\fehqt\Proteus/EWL/lib/armv7e-m\libm.a(k_sinf.o)
                              C:\fehqt\Proteus/EWL/lib/armv7e-m\libm.a(s_cosf.o) (__kernel_sinf)
C:\fehqt\Proteus/EWL/lib/armv7e-m\libm.a(math_api.o)
                              C:\fehqt\Proteus/EWL/lib/armv7e-m\libm.a(e_powf.o) (__fpclassifyf)
C:\fehqt\Proteus/EWL/lib/armv7e-m\libm.a(s_floorf.o)
                              C:\fehqt\Proteus/EWL/lib/armv7e-m\libm.a(k_rem_pio2f.o) (floorf)
C:\fehqt\Proteus/EWL/lib/armv7e-m\libm.a(s_scalbnf.o)
                              C:\fehqt\Proteus/EWL/lib/armv7e-m\libm.a(e_powf.o) (scalbnf)
C:\fehqt\Proteus/EWL/lib/armv7e-m\libc.a(errno.o)
                              C:\fehqt\Proteus/EWL/lib/armv7e-m\libm.a(e_fmod.o) (errno)
C:\fehqt\Proteus/EWL/lib/armv7e-m\libc.a(sprintf.o)
                              Libraries\FEHLCD.o (sprintf)
C:\fehqt\Proteus/EWL/lib/armv7e-m\libc.a(vsnprintf.o)
                              C:\fehqt\Proteus/EWL/lib/armv7e-m\libc.a(sprintf.o) (vsnprintf)
C:\fehqt\Proteus/EWL/lib/armv7e-m\libc.a(vsscanf.o)
                              Libraries\FEHSD.o (vsscanf)
C:\fehqt\Proteus/EWL/lib/armv7e-m\libc.a(exit.o)
                              Startup\__arm_start.o (exit)
C:\fehqt\Proteus/EWL/lib/armv7e-m\libc.a(memcpy.o)
                              C:\fehqt\Proteus/EWL/lib/armv7e-m\libc.a(vsnprintf.o) (memcpy)
C:\fehqt\Proteus/EWL/lib/armv7e-m\libc.a(memset.o)
                              Startup\__arm_start.o (memset)
C:\fehqt\Proteus/EWL/lib/armv7e-m\libc.a(strcmp.o)
                              Libraries\FEHLCD.o (strcmp)
C:\fehqt\Proteus/EWL/lib/armv7e-m\libc.a(strcpy.o)
                              Libraries\FEHLCD.o (strcpy)
C:\fehqt\Proteus/EWL/lib/armv7e-m\libc.a(strlen.o)
                              Libraries\FEHLCD.o (strlen)
C:\fehqt\Proteus/EWL/lib/armv7e-m\libc.a(math_ARM.o)
                              C:\fehqt\Proteus/EWL/lib/armv7e-m\libm.a(math_api.o) (__ewl_count_bits32)
C:\fehqt\Proteus/EWL/lib/armv7e-m\libc.a(printformat_.o)
                              (__pformatter_)
C:\fehqt\Proteus/EWL/lib/armv7e-m\libc.a(scanformat_.o)
                              (__sformatter)
C:\fehqt\Proteus/EWL/lib/armv7e-m\libc.a(ctype_aeabi.o)
                              C:\fehqt\Proteus/EWL/lib/armv7e-m\libc.a(scanformat_.o) (isspace)
C:\fehqt\Proteus/EWL/lib/armv7e-m\libc.a(__strtoul.o)
                              C:\fehqt\Proteus/EWL/lib/armv7e-m\libc.a(scanformat_.o) (__strtoul)
C:\fehqt\Proteus/EWL/lib/armv7e-m\libc.a(__filll_mem.o)
                              C:\fehqt\Proteus/EWL/lib/armv7e-m\libc.a(memset.o) (__fill_mem)
C:\fehqt\Proteus/EWL/lib/armv7e-m\libc.a(memchr.o)
                              C:\fehqt\Proteus/EWL/lib/armv7e-m\libc.a(printformat_.o) (memchr)
C:\fehqt\Proteus/EWL/lib/armv7e-m\libc.a(strchr.o)
                              C:\fehqt\Proteus/EWL/lib/armv7e-m\libc.a(printformat_.o) (strchr)
c:/fehqt/proteus/gcc/bin/../lib/gcc/arm-none-eabi/4.6.2/armv7e-m\libgcc.a(_lshrdi3.o)
                              C:\fehqt\Proteus/EWL/lib/armv7e-m\libc.a(math_ARM.o) (__aeabi_llsr)
c:/fehqt/proteus/gcc/bin/../lib/gcc/arm-none-eabi/4.6.2/armv7e-m\libgcc.a(_ashldi3.o)
                              C:\fehqt\Proteus/EWL/lib/armv7e-m\libc.a(math_ARM.o) (__aeabi_llsl)
c:/fehqt/proteus/gcc/bin/../lib/gcc/arm-none-eabi/4.6.2/armv7e-m\libgcc.a(_arm_addsubdf3.o)
                              Libraries\FEHLCD.o (__aeabi_dsub)
[...]
Memory Configuration

Name             Origin             Length             Attributes
m_interrupts     0x0000c000         0x00000400         xr
m_cfmprotrom     0x0000c400         0x00000010         xr
m_text           0x0000c410         0x00073bf0         xr
m_data           0x1fff0400         0x0000fc00         xrw
m_data2          0x20000000         0x00010000         xrw
*default*        0x00000000         0xffffffff

Linker script and memory map

LOAD ..\main.o
LOAD Startup\__arm_start.o
LOAD Startup\__arm_end.o
LOAD Startup\kinetis_sysinit.o
LOAD Libraries\FEHMotor.o
LOAD Drivers\mcg.o
LOAD Drivers\i2c.o
LOAD Drivers\spi.o
LOAD Drivers\uart.o
LOAD Drivers\ff.o
LOAD Drivers\SDHC.o
LOAD Drivers\lptmr.o
LOAD FEHProteus.o
LOAD Drivers\FEHPropeller.o
LOAD Libraries\FEHUtility.o
LOAD Libraries\FEHIO.o
LOAD Drivers\adc16.o
LOAD Libraries\FEHBuzzer.o
LOAD Libraries\FEHServo.o
LOAD Libraries\FEHLCD.o
LOAD Libraries\FEHAccel.o
LOAD Libraries\FEHBattery.o
LOAD Drivers\FEHXBee.o
LOAD Libraries\FEHRPS.o
LOAD Libraries\FEHSD.o
                0x0001bc40                __pformatter = __pformatter_
                [0x0001c038]                __sformatter = __sformatter
LOAD C:\fehqt\Proteus/EWL/lib/armv7e-m\libstdc++.a
LOAD C:\fehqt\Proteus/EWL/lib/armv7e-m\libm.a
START GROUP
LOAD C:\fehqt\Proteus/EWL/lib/armv7e-m\libc.a
LOAD C:\fehqt\Proteus/EWL/lib/armv7e-m\libc++.a
LOAD C:\fehqt\Proteus/EWL/lib/armv7e-m\libm.a
LOAD c:/fehqt/proteus/gcc/bin/../lib/gcc/arm-none-eabi/4.6.2/armv7e-m\libgcc.a
LOAD C:\fehqt\Proteus/EWL/lib/armv7e-m\librt.a
LOAD c:/fehqt/proteus/gcc/bin/../lib/gcc/arm-none-eabi/4.6.2/../../../../arm-none-eabi/lib/armv7e-m\libsupc++.a
END GROUP
                0x20000000                _estack = 0x20000000
                0x20000000                __SP_INIT = _estack
                0x00000800                __heap_size = 0x800
                0x00000800                __stack_size = 0x800

.interrupts     0x0000c000      0x1e0
                0x0000c000                __vector_table = .
                0x0000c000                . = ALIGN (0x4)
 *(.vectortable)
 .vectortable   0x0000c000      0x1e0 Startup\kinetis_sysinit.o
                0x0000c1e0                . = ALIGN (0x4)

.cfmprotect     0x0000c400        0x0
                0x0000c400                . = ALIGN (0x4)
 *(.cfmconfig)
                0x0000c400                . = ALIGN (0x4)

.text           0x0000c410    0x11758
                0x0000c410                . = ALIGN (0x4)
 *(.text)
 .text          0x0000c410      0x370 c:/fehqt/proteus/gcc/bin/../lib/gcc/arm-none-eabi/4.6.2/armv7e-m\libgcc.a(_arm_addsubdf3.o)
                0x0000c410                __aeabi_drsub
                0x0000c418                __aeabi_dsub
                0x0000c418                __subdf3
                0x0000c41c                __aeabi_dadd
                0x0000c41c                __adddf3
                0x0000c694                __floatunsidf
                0x0000c694                __aeabi_ui2d
                0x0000c6b4                __floatsidf
                0x0000c6b4                __aeabi_i2d
                0x0000c6d8                __aeabi_f2d
                0x0000c6d8                __extendsfdf2
                0x0000c714                __floatundidf
                0x0000c714                __aeabi_ul2d
                0x0000c724                __floatdidf
                0x0000c724                __aeabi_l2d
 .text          0x0000c780      0x424 c:/fehqt/proteus/gcc/bin/../lib/gcc/arm-none-eabi/4.6.2/armv7e-m\libgcc.a(_arm_muldivdf3.o)
                0x0000c780                __aeabi_dmul
                0x0000c780                __muldf3
                0x0000c9d4                __divdf3
                0x0000c9d4                __aeabi_ddiv
 .text          0x0000cba4      0x110 c:/fehqt/proteus/gcc/bin/../lib/gcc/arm-none-eabi/4.6.2/armv7e-m\libgcc.a(_arm_cmpdf2.o)
                0x0000cba4                __gtdf2
                0x0000cba4                __gedf2
                0x0000cbac                __ltdf2
                0x0000cbac                __ledf2
                0x0000cbb4                __nedf2
                0x0000cbb4                __eqdf2
                0x0000cbb4                __cmpdf2
                0x0000cc30                __aeabi_cdrcmple
                0x0000cc40                __aeabi_cdcmpeq
                0x0000cc40                __aeabi_cdcmple
                0x0000cc50                __aeabi_dcmpeq
                0x0000cc64                __aeabi_dcmplt
                0x0000cc78                __aeabi_dcmple
                0x0000cc8c                __aeabi_dcmpge
                0x0000cca0                __aeabi_dcmpgt
 .text          0x0000ccb4       0x50 c:/fehqt/proteus/gcc/bin/../lib/gcc/arm-none-eabi/4.6.2/armv7e-m\libgcc.a(_arm_fixdfsi.o)
                0x0000ccb4                __aeabi_d2iz
                0x0000ccb4                __fixdfsi
 .text          0x0000cd04       0x40 c:/fehqt/proteus/gcc/bin/../lib/gcc/arm-none-eabi/4.6.2/armv7e-m\libgcc.a(_arm_fixunsdfsi.o)
                0x0000cd04                __aeabi_d2uiz
                0x0000cd04                __fixunsdfsi
 .text          0x0000cd44       0xa0 c:/fehqt/proteus/gcc/bin/../lib/gcc/arm-none-eabi/4.6.2/armv7e-m\libgcc.a(_arm_truncdfsf2.o)
                0x0000cd44                __truncdfsf2
                0x0000cd44                __aeabi_d2f
 .text          0x0000cde4      0x21c c:/fehqt/proteus/gcc/bin/../lib/gcc/arm-none-eabi/4.6.2/armv7e-m\libgcc.a(_arm_addsubsf3.o)
                0x0000cde4                __aeabi_frsub
                0x0000cdec                __subsf3
                0x0000cdec                __aeabi_fsub
                0x0000cdf0                __aeabi_fadd
                0x0000cdf0                __addsf3
                0x0000cf50                __aeabi_ui2f
                0x0000cf50                __floatunsisf
                0x0000cf58                __aeabi_i2f
                0x0000cf58                __floatsisf
                0x0000cf74                __aeabi_ul2f
                0x0000cf74                __floatundisf
                0x0000cf84                __aeabi_l2f
                0x0000cf84                __floatdisf
 .text          0x0000d000      0x2a0 c:/fehqt/proteus/gcc/bin/../lib/gcc/arm-none-eabi/4.6.2/armv7e-m\libgcc.a(_arm_muldivsf3.o)
                0x0000d000                __mulsf3
                0x0000d000                __aeabi_fmul
                0x0000d168                __aeabi_fdiv
                0x0000d168                __divsf3
 .text          0x0000d2a0       0xec c:/fehqt/proteus/gcc/bin/../lib/gcc/arm-none-eabi/4.6.2/armv7e-m\libgcc.a(_arm_cmpsf2.o)
                0x0000d2a0                __gesf2
                0x0000d2a0                __gtsf2
                0x0000d2a8                __lesf2
                0x0000d2a8                __ltsf2
                0x0000d2b0                __nesf2
                0x0000d2b0                __eqsf2
                0x0000d2b0                __cmpsf2
                0x0000d310                __aeabi_cfrcmple
                0x0000d318                __aeabi_cfcmpeq
                0x0000d318                __aeabi_cfcmple
                0x0000d328                __aeabi_fcmpeq
                0x0000d33c                __aeabi_fcmplt
                0x0000d350                __aeabi_fcmple
                0x0000d364                __aeabi_fcmpge
                0x0000d378                __aeabi_fcmpgt
 .text          0x0000d38c       0x4c c:/fehqt/proteus/gcc/bin/../lib/gcc/arm-none-eabi/4.6.2/armv7e-m\libgcc.a(_arm_fixsfsi.o)
                0x0000d38c                __aeabi_f2iz
                0x0000d38c                __fixsfsi
 *(.text*)
 .text._ZSt4atanf
                0x0000d3d8       0x1c ..\main.o
                0x0000d3d8                std::atan(float)
 .text._ZSt3cosf
                0x0000d3f4       0x1c ..\main.o
                0x0000d3f4                std::cos(float)
 .text._ZSt4sqrtf
                0x0000d410       0x1c ..\main.o
                0x0000d410                std::sqrt(float)
 .text._ZSt3sinf
                0x0000d42c       0x1c ..\main.o
                0x0000d42c                std::sin(float)
 .text._ZSt3powfi
                0x0000d448       0x28 ..\main.o
                0x0000d448                std::pow(float, int)
 .text._ZSt3absf
                0x0000d470       0x1c ..\main.o
                0x0000d470                std::abs(float)
 *fill*         0x0000d48c        0x4 00
 .text._Z14radianToDegreef
                0x0000d490       0x40 ..\main.o
                0x0000d490                radianToDegree(float)
 .text._Z14degreeToRadianf
                0x0000d4d0       0x40 ..\main.o
                0x0000d4d0                degreeToRadian(float)
 .text._Z11getDistanceffff
                0x0000d510       0x58 ..\main.o
                0x0000d510                getDistance(float, float, float, float)
 .text._Z8clearLCDv
                0x0000d568       0x28 ..\main.o
                0x0000d568                clearLCD()
 .text._Z14loopWhileNoRPSv
                0x0000d590       0xd8 ..\main.o
                0x0000d590                loopWhileNoRPS()
 .text._Z15rpsXToCentroidXv
                0x0000d668      0x28c ..\main.o
                0x0000d668                rpsXToCentroidX()
 .text._Z15rpsYToCentroidYv
                0x0000d8f4      0x28c ..\main.o
                0x0000d8f4                rpsYToCentroidY()
 .text._Z31smallestDistanceBetweenHeadingsff
                0x0000db80       0xe4 ..\main.o
                0x0000db80                smallestDistanceBetweenHeadings(float, float)
 .text._Z17getDesiredHeadingffff
                0x0000dc64      0x1e0 ..\main.o
                0x0000dc64                getDesiredHeading(float, float, float, float)
 .text._Z17goToPointRPSIsBadv
                0x0000de44       0xc4 ..\main.o
                0x0000de44                goToPointRPSIsBad()
 .text._Z9goToPointfffbffbf
                0x0000df08      0x6a0 ..\main.o
                0x0000df08                goToPoint(float, float, float, bool, float, float, bool, float)
 .text._Z24updateLastValidRPSValuesv
                0x0000e5a8      0x128 ..\main.o
                0x0000e5a8                updateLastValidRPSValues()
 .text._Z22turnSouthAndGoUntilRPSf
                0x0000e6d0      0x168 ..\main.o
                0x0000e6d0                turnSouthAndGoUntilRPS(float)
 .text._Z14shouldTurnLeftff
                0x0000e838       0xd8 ..\main.o
                0x0000e838                shouldTurnLeft(float, float)
 .text._Z4turnff
                0x0000e910       0x34 ..\main.o
                0x0000e910                turn(float, float)
 *fill*         0x0000e944        0x4 00
 .text._Z4turnf
                0x0000e948      0x1d0 ..\main.o
                0x0000e948                turn(float)
 .text.main     0x0000eb18       0xb8 ..\main.o
                0x0000eb18                main
 .text._Z12finalRoutinev
                0x0000ebd0      0x38c ..\main.o
                0x0000ebd0                finalRoutine()
 .text._Z4initv
                0x0000ef5c       0x30 ..\main.o
                0x0000ef5c                init()
 .text._Z6deinitv
                0x0000ef8c       0x14 ..\main.o
                0x0000ef8c                deinit()
 .text._Z41__static_initialization_and_destruction_0ii
                0x0000efa0       0x8c ..\main.o
 .text._GLOBAL__sub_I_leftMotor
                0x0000f02c       0x14 ..\main.o
 .text.zero_fill_bss
                0x0000f040       0x34 Startup\__arm_start.o
 .text.__thumb_startup
                0x0000f074       0x34 Startup\__arm_start.o
                0x0000f074                __thumb_startup
 .text.InitFEHProteus
                0x0000f0a8      0x15c Startup\__arm_start.o
                0x0000f0a8                InitFEHProteus
 .text.pll_init_bl
                0x0000f204      0x130 Startup\__arm_start.o
 .text.InitPowerButton
                0x0000f334       0x90 Startup\__arm_start.o
                0x0000f334                InitPowerButton
 .text._ExitProcess
                0x0000f3c4        0xc Startup\__arm_end.o
                0x0000f3c4                _ExitProcess
 .text.Default_Handler
                0x0000f3d0        0xc Startup\kinetis_sysinit.o
                0x0000f3d0                BusFault_Handler()
                0x0000f3d0                HardFault_Handler()
                0x0000f3d0                SysTick_Handler()
                0x0000f3d0                PendSV_Handler()
                0x0000f3d0                DebugMonitor_Handler()
                0x0000f3d0                MemManage_Handler()
                0x0000f3d0                NMI_Handler()
                0x0000f3d0                SVC_Handler()
                0x0000f3d0                Default_Handler
                0x0000f3d0                UsageFault_Handler()
 .text.__init_hardware
                0x0000f3dc       0x44 Startup\kinetis_sysinit.o
                0x0000f3dc                __init_hardware
 .text._Z8PortDISRv
                0x0000f420       0x64 Startup\kinetis_sysinit.o
                0x0000f420                PortDISR()
 *fill*         0x0000f484        0x4 00
 .text._ZN8FEHMotorC2ENS_12FEHMotorPortEf
                0x0000f488       0xb0 Libraries\FEHMotor.o
                0x0000f488                FEHMotor::FEHMotor(FEHMotor::FEHMotorPort, float)
                0x0000f488                FEHMotor::FEHMotor(FEHMotor::FEHMotorPort, float)
 .text._ZN8FEHMotor4StopEv
                0x0000f538       0x3c Libraries\FEHMotor.o
                0x0000f538                FEHMotor::Stop()
 .text._ZN8FEHMotor8SetPowerEi
                0x0000f574       0x60 Libraries\FEHMotor.o
                0x0000f574                FEHMotor::SetPower(int)
 *fill*         0x0000f5d4        0x4 00
 .text._ZN8FEHMotor10SetPercentEf
                0x0000f5d8      0x158 Libraries\FEHMotor.o
                0x0000f5d8                FEHMotor::SetPercent(float)
 .text._Z21IIC_StartTransmissionhh
                0x0000f730       0x98 Drivers\i2c.o
                0x0000f730                IIC_StartTransmission(unsigned char, unsigned char)
 .text._Z5Pausev
                0x0000f7c8       0x34 Drivers\i2c.o
                0x0000f7c8                Pause()
 .text._Z21MMA8451QWriteRegisterhh
                0x0000f7fc      0x12c Drivers\i2c.o
                0x0000f7fc                MMA8451QWriteRegister(unsigned char, unsigned char)
 .text._Z12SPI_SendCharh
                0x0000f928       0x1c Drivers\spi.o
                0x0000f928                SPI_SendChar(unsigned char)
 .text._Z16SPI_WriteCommandhh
                0x0000f944       0x34 Drivers\spi.o
                0x0000f944                SPI_WriteCommand(unsigned char, unsigned char)
 .text._Z11SPI_GetCharv
                0x0000f978       0x14 Drivers\spi.o
                0x0000f978                SPI_GetChar()
 .text._Z15SPI_ReadCommandh
                0x0000f98c       0x3c Drivers\spi.o
                0x0000f98c                SPI_ReadCommand(unsigned char)
 .text._Z13SPI_CS_Assertv
                0x0000f9c8       0x24 Drivers\spi.o
                0x0000f9c8                SPI_CS_Assert()
 .text._Z15SPI_CS_Deassertv
                0x0000f9ec       0x24 Drivers\spi.o
                0x0000f9ec                SPI_CS_Deassert()
 .text._Z12SPI_Transferh
                0x0000fa10       0x88 Drivers\spi.o
                0x0000fa10                SPI_Transfer(unsigned char)
 .text._Z8SPI_Initv
                0x0000fa98       0xe8 Drivers\spi.o
                0x0000fa98                SPI_Init()
 .text._Z9uart_initPV11UART_MemMapii
                0x0000fb80      0x20c Drivers\uart.o
                0x0000fb80                uart_init(UART_MemMap volatile*, int, int)
 .text._Z12uart_getcharPV11UART_MemMap
                0x0000fd8c       0x34 Drivers\uart.o
                0x0000fd8c                uart_getchar(UART_MemMap volatile*)
 .text._Z12uart_putcharPV11UART_MemMapc
                0x0000fdc0       0x38 Drivers\uart.o
                0x0000fdc0                uart_putchar(UART_MemMap volatile*, char)
 .text._ZL7mem_cpyPvPKvj
                0x0000fdf8       0x50 Drivers\ff.o
 .text._ZL7mem_setPvij
                0x0000fe48       0x44 Drivers\ff.o
 .text._ZL7mem_cmpPKvS0_j
                0x0000fe8c       0x7c Drivers\ff.o
 .text._ZL7chk_chrPKci
                0x0000ff08       0x48 Drivers\ff.o
 .text._ZL11move_windowP5FATFSm
                0x0000ff50       0xf0 Drivers\ff.o
 .text._ZL4syncP5FATFS
                0x00010040      0x188 Drivers\ff.o
 .text._Z10clust2sectP5FATFSm
                0x000101c8       0x44 Drivers\ff.o
                0x000101c8                clust2sect(FATFS*, unsigned long)
 .text._Z7get_fatP5FATFSm
                0x0001020c      0x1d4 Drivers\ff.o
                0x0001020c                get_fat(FATFS*, unsigned long)
 .text._Z7put_fatP5FATFSmm
                0x000103e0      0x268 Drivers\ff.o
                0x000103e0                put_fat(FATFS*, unsigned long, unsigned long)
 .text._ZL12remove_chainP5FATFSm
                0x00010648       0xbc Drivers\ff.o
 .text._ZL12create_chainP5FATFSm
                0x00010704      0x130 Drivers\ff.o
 .text._ZL10clmt_clustP3FILm
                0x00010834       0x70 Drivers\ff.o
 .text._ZL7dir_sdiP3DIRt
                0x000108a4      0x124 Drivers\ff.o
 .text._ZL8dir_nextP3DIRi
                0x000109c8      0x1fc Drivers\ff.o
 .text._ZL8dir_findP3DIR
                0x00010bc4       0xbc Drivers\ff.o
 .text._ZL12dir_registerP3DIR
                0x00010c80       0xcc Drivers\ff.o
 .text._ZL11create_nameP3DIRPPKc
                0x00010d4c      0x250 Drivers\ff.o
 .text._ZL11follow_pathP3DIRPKc
                0x00010f9c      0x150 Drivers\ff.o
 .text._ZL8check_fsP5FATFSm
                0x000110ec       0xf0 Drivers\ff.o
 .text._ZL11chk_mountedPPKcPP5FATFSh
                0x000111dc      0x5f8 Drivers\ff.o
 .text._ZL8validateP5FATFSt
                0x000117d4       0x54 Drivers\ff.o
 .text._Z7f_mounthP5FATFS
                0x00011828       0x64 Drivers\ff.o
                0x00011828                f_mount(unsigned char, FATFS*)
 .text._Z6f_openP3FILPKch
                0x0001188c      0x358 Drivers\ff.o
                0x0001188c                f_open(FIL*, char const*, unsigned char)
 .text._Z7f_writeP3FILPKvjPj
                0x00011be4      0x39c Drivers\ff.o
                0x00011be4                f_write(FIL*, void const*, unsigned int, unsigned int*)
 .text._Z6f_syncP3FIL
                0x00011f80      0x1c0 Drivers\ff.o
                0x00011f80                f_sync(FIL*)
 .text._Z7f_closeP3FIL
                0x00012140       0x2c Drivers\ff.o
                0x00012140                f_close(FIL*)
 .text._Z6f_putccP3FIL
                0x0001216c       0x44 Drivers\ff.o
                0x0001216c                f_putc(char, FIL*)
 .text._Z6f_putsPKcP3FIL
                0x000121b0       0x64 Drivers\ff.o
                0x000121b0                f_puts(char const*, FIL*)
 .text._Z5powerii
                0x00012214       0x50 Drivers\ff.o
                0x00012214                power(int, int)
 .text._Z8f_printfP3FILPKcSt9__va_list
                0x00012264      0x76c Drivers\ff.o
                0x00012264                f_printf(FIL*, char const*, std::__va_list)
 .text._ZL17SDHC_set_baudratemm
                0x000129d0      0x14c Drivers\SDHC.o
 .text._Z9SDHC_initP17esdhc_info_structPK17esdhc_init_struct
                0x00012b1c      0x1c4 Drivers\SDHC.o
                0x00012b1c                SDHC_init(esdhc_info_struct*, esdhc_init_struct const*)
 .text._ZL15SDHC_is_runningv
                0x00012ce0       0x28 Drivers\SDHC.o
 .text._ZL16SDHC_status_waitm
                0x00012d08       0x38 Drivers\SDHC.o
 .text._ZL17SDHC_send_commandP20esdhc_command_struct
                0x00012d40      0x2a0 Drivers\SDHC.o
 .text._Z10SDHC_ioctlmPv
                0x00012fe0      0x978 Drivers\SDHC.o
                0x00012fe0                SDHC_ioctl(unsigned long, void*)
 .text._Z15disk_initializeh
                0x00013958      0x448 Drivers\SDHC.o
                0x00013958                disk_initialize(unsigned char)
 .text._ZL14rcvr_datablockPhm
                0x00013da0      0x134 Drivers\SDHC.o
 .text._Z9disk_readhPhmh
                0x00013ed4      0x13c Drivers\SDHC.o
                0x00013ed4                disk_read(unsigned char, unsigned char*, unsigned long, unsigned char)
 .text._ZL14xmit_datablockPKhm
                0x00014010       0xe0 Drivers\SDHC.o
 .text._Z10disk_writehPKhmh
                0x000140f0      0x1cc Drivers\SDHC.o
                0x000140f0                disk_write(unsigned char, unsigned char const*, unsigned long, unsigned char)
 .text._Z10disk_ioctlhhPv
                0x000142bc      0x128 Drivers\SDHC.o
                0x000142bc                disk_ioctl(unsigned char, unsigned char, void*)
 .text._Z11disk_statush
                0x000143e4       0x30 Drivers\SDHC.o
                0x000143e4                disk_status(unsigned char)
 .text._Z13time_delay_msm
                0x00014414       0xa4 Drivers\lptmr.o
                0x00014414                time_delay_ms(unsigned long)
 .text._Z41__static_initialization_and_destruction_0ii
                0x000144b8       0x30 FEHProteus.o
 .text._GLOBAL__sub_I_Propeller
                0x000144e8       0x14 FEHProteus.o
 .text._ZN12FEHPropellerC2Ev
                0x000144fc       0x20 Drivers\FEHPropeller.o
                0x000144fc                FEHPropeller::FEHPropeller()
                0x000144fc                FEHPropeller::FEHPropeller()
 .text._ZN12FEHPropeller10InitializeEv
                0x0001451c       0x94 Drivers\FEHPropeller.o
                0x0001451c                FEHPropeller::Initialize()
 .text._ZN12FEHPropeller12SetMotorRateEhhh
                0x000145b0       0x78 Drivers\FEHPropeller.o
                0x000145b0                FEHPropeller::SetMotorRate(unsigned char, unsigned char, unsigned char)
 .text._ZL5Delaymjj
                0x00014628       0xc4 Libraries\FEHUtility.o
 .text._Z5Sleepi
                0x000146ec       0x34 Libraries\FEHUtility.o
                0x000146ec                Sleep(int)
 .text._Z5Sleepd
                0x00014720       0x58 Libraries\FEHUtility.o
                0x00014720                Sleep(double)
 .text._Z11TimeNowMSecv
                0x00014778       0x44 Libraries\FEHUtility.o
                0x00014778                TimeNowMSec()
 .text._ZN15DigitalInputPinC2EN5FEHIO8FEHIOPinE
                0x000147bc       0x24 Libraries\FEHIO.o
                0x000147bc                DigitalInputPin::DigitalInputPin(FEHIO::FEHIOPin)
                0x000147bc                DigitalInputPin::DigitalInputPin(FEHIO::FEHIOPin)
 .text._ZN15DigitalInputPin10InitializeEN5FEHIO8FEHIOPinE
                0x000147e0      0x224 Libraries\FEHIO.o
                0x000147e0                DigitalInputPin::Initialize(FEHIO::FEHIOPin)
 .text._Z9portB_isrv
                0x00014a04       0xd4 Libraries\FEHIO.o
                0x00014a04                portB_isr()
 .text._Z9portC_isrv
                0x00014ad8       0xd8 Libraries\FEHIO.o
                0x00014ad8                portC_isr()
 .text._Z9portA_isrv
                0x00014bb0       0xd8 Libraries\FEHIO.o
                0x00014bb0                portA_isr()
 .text._Z9portE_isrv
                0x00014c88       0xd0 Libraries\FEHIO.o
                0x00014c88                portE_isr()
 .text._ZN14AnalogInputPinC2EN5FEHIO8FEHIOPinE
                0x00014d58       0x20 Libraries\FEHIO.o
                0x00014d58                AnalogInputPin::AnalogInputPin(FEHIO::FEHIOPin)
                0x00014d58                AnalogInputPin::AnalogInputPin(FEHIO::FEHIOPin)
 .text._ZN14AnalogInputPin5ValueEv
                0x00014d78      0x180 Libraries\FEHIO.o
                0x00014d78                AnalogInputPin::Value()
 .text._ZN13AnalogEncoder12EncoderValueEv
                0x00014ef8       0xe4 Libraries\FEHIO.o
                0x00014ef8                AnalogEncoder::EncoderValue()
 .text._ZN14AnalogInputPin8InitADCsEv
                0x00014fdc      0x120 Libraries\FEHIO.o
                0x00014fdc                AnalogInputPin::InitADCs()
 .text._Z8pit0_isrv
                0x000150fc       0x34 Libraries\FEHIO.o
                0x000150fc                pit0_isr()
 .text._ZN13AnalogEncoder4InitEv
                0x00015130       0x64 Libraries\FEHIO.o
                0x00015130                AnalogEncoder::Init()
 .text._ZN13AnalogEncoder14SetCounterInitEj
                0x00015194       0x20 Libraries\FEHIO.o
                0x00015194                AnalogEncoder::SetCounterInit(unsigned int)
 .text._ZN13AnalogEncoder10ProcessIntEv
                0x000151b4       0x80 Libraries\FEHIO.o
                0x000151b4                AnalogEncoder::ProcessInt()
 .text._ZN13AnalogEncoder14ProcessIntSelfEv
                0x00015234       0x80 Libraries\FEHIO.o
                0x00015234                AnalogEncoder::ProcessIntSelf()
 .text._Z7ADC_CalPV10ADC_MemMap
                0x000152b4      0x14c Drivers\adc16.o
                0x000152b4                ADC_Cal(ADC_MemMap volatile*)
 .text._Z14ADC_Config_AltPV10ADC_MemMapP7adc_cfg
                0x00015400       0x6c Drivers\adc16.o
                0x00015400                ADC_Config_Alt(ADC_MemMap volatile*, adc_cfg*)
 .text._ZN9FEHBuzzerC2Ev
                0x0001546c       0x18 Libraries\FEHBuzzer.o
                0x0001546c                FEHBuzzer::FEHBuzzer()
                0x0001546c                FEHBuzzer::FEHBuzzer()
 .text._Z41__static_initialization_and_destruction_0ii
                0x00015484       0x30 Libraries\FEHBuzzer.o
 .text._GLOBAL__sub_I_Buzzer
                0x000154b4       0x14 Libraries\FEHBuzzer.o
 .text._ZN8FEHServoC2ENS_12FEHServoPortE
                0x000154c8       0x3c Libraries\FEHServo.o
                0x000154c8                FEHServo::FEHServo(FEHServo::FEHServoPort)
                0x000154c8                FEHServo::FEHServo(FEHServo::FEHServoPort)
 *fill*         0x00015504        0x4 00
 .text._ZN8FEHServo9SetDegreeEf
                0x00015508      0x148 Libraries\FEHServo.o
                0x00015508                FEHServo::SetDegree(float)
 .text._ZN6FEHLCD11_InitializeEv
                0x00015650      0x5dc Libraries\FEHLCD.o
                0x00015650                FEHLCD::_Initialize()
 .text._ZN6FEHLCDC2Ev
                0x00015c2c       0x64 Libraries\FEHLCD.o
                0x00015c2c                FEHLCD::FEHLCD()
                0x00015c2c                FEHLCD::FEHLCD()
 .text._ZN6FEHLCD10InitializeEv
                0x00015c90       0x38 Libraries\FEHLCD.o
                0x00015c90                FEHLCD::Initialize()
 .text._ZN6FEHLCD10PrintImageEii
                0x00015cc8      0x100 Libraries\FEHLCD.o
                0x00015cc8                FEHLCD::PrintImage(int, int)
 .text._ZN6FEHLCD9PrintLogoEii
                0x00015dc8      0x100 Libraries\FEHLCD.o
                0x00015dc8                FEHLCD::PrintLogo(int, int)
 .text._ZN6FEHLCD22ConvertFEHColorTo24BitENS_11FEHLCDColorE
                0x00015ec8       0x80 Libraries\FEHLCD.o
                0x00015ec8                FEHLCD::ConvertFEHColorTo24Bit(FEHLCD::FEHLCDColor)
 .text._ZN6FEHLCD24Convert24BitColorTo16BitEj
                0x00015f48       0x40 Libraries\FEHLCD.o
                0x00015f48                FEHLCD::Convert24BitColorTo16Bit(unsigned int)
 .text._ZN6FEHLCD22ConvertRGBColorTo16BitEhhh
                0x00015f88       0x44 Libraries\FEHLCD.o
                0x00015f88                FEHLCD::ConvertRGBColorTo16Bit(unsigned char, unsigned char, unsigned char)
 .text._ZN6FEHLCD5ClearENS_11FEHLCDColorE
                0x00015fcc       0x28 Libraries\FEHLCD.o
                0x00015fcc                FEHLCD::Clear(FEHLCD::FEHLCDColor)
 .text._ZN6FEHLCD5ClearEj
                0x00015ff4       0x2c Libraries\FEHLCD.o
                0x00015ff4                FEHLCD::Clear(unsigned int)
 .text._ZN6FEHLCD5ClearEv
                0x00016020       0x18 Libraries\FEHLCD.o
                0x00016020                FEHLCD::Clear()
 .text._ZN6FEHLCD18SetBackgroundColorENS_11FEHLCDColorE
                0x00016038       0x28 Libraries\FEHLCD.o
                0x00016038                FEHLCD::SetBackgroundColor(FEHLCD::FEHLCDColor)
 .text._ZN6FEHLCD18SetBackgroundColorEj
                0x00016060       0x28 Libraries\FEHLCD.o
                0x00016060                FEHLCD::SetBackgroundColor(unsigned int)
 .text._ZN6FEHLCD12SetFontColorENS_11FEHLCDColorE
                0x00016088       0x28 Libraries\FEHLCD.o
                0x00016088                FEHLCD::SetFontColor(FEHLCD::FEHLCDColor)
 .text._ZN6FEHLCD12SetFontColorEj
                0x000160b0       0x28 Libraries\FEHLCD.o
                0x000160b0                FEHLCD::SetFontColor(unsigned int)
 .text._ZN6FEHLCD7WriteAtEPKcii
                0x000160d8       0x58 Libraries\FEHLCD.o
                0x000160d8                FEHLCD::WriteAt(char const*, int, int)
 .text._ZN6FEHLCD11TS_SPI_InitEv
                0x00016130       0xa8 Libraries\FEHLCD.o
                0x00016130                FEHLCD::TS_SPI_Init()
 .text._ZN6FEHLCD5TouchEPfS0_
                0x000161d8      0x240 Libraries\FEHLCD.o
                0x000161d8                FEHLCD::Touch(float*, float*)
 .text._ZN6FEHLCD3absEi
                0x00016418       0x28 Libraries\FEHLCD.o
                0x00016418                FEHLCD::abs(int)
 .text._ZN6FEHLCD5WriteEPKc
                0x00016440       0x5c Libraries\FEHLCD.o
                0x00016440                FEHLCD::Write(char const*)
 .text._ZN6FEHLCD5WriteEi
                0x0001649c       0x34 Libraries\FEHLCD.o
                0x0001649c                FEHLCD::Write(int)
 .text._ZN6FEHLCD5WriteEf
                0x000164d0       0xdc Libraries\FEHLCD.o
                0x000164d0                FEHLCD::Write(float)
 .text._ZN6FEHLCD5WriteEc
                0x000165ac       0x30 Libraries\FEHLCD.o
                0x000165ac                FEHLCD::Write(char)
 .text._ZN6FEHLCD9WriteLineEPKc
                0x000165dc       0x28 Libraries\FEHLCD.o
                0x000165dc                FEHLCD::WriteLine(char const*)
 .text._ZN6FEHLCD9WriteLineEi
                0x00016604       0x28 Libraries\FEHLCD.o
                0x00016604                FEHLCD::WriteLine(int)
 .text._ZN6FEHLCD9WriteLineEf
                0x0001662c       0x28 Libraries\FEHLCD.o
                0x0001662c                FEHLCD::WriteLine(float)
 .text._ZN6FEHLCD9WriteLineEc
                0x00016654       0x2c Libraries\FEHLCD.o
                0x00016654                FEHLCD::WriteLine(char)
 .text._ZN6FEHLCD10WriteIndexEh
                0x00016680      0x288 Libraries\FEHLCD.o
                0x00016680                FEHLCD::WriteIndex(unsigned char)
 .text._ZN6FEHLCD14WriteParameterEh
                0x00016908      0x254 Libraries\FEHLCD.o
                0x00016908                FEHLCD::WriteParameter(unsigned char)
 .text._ZN6FEHLCD6_ClearEv
                0x00016b5c      0x228 Libraries\FEHLCD.o
                0x00016b5c                FEHLCD::_Clear()
 .text._ZN6FEHLCD8NextLineEv
                0x00016d84       0x30 Libraries\FEHLCD.o
                0x00016d84                FEHLCD::NextLine()
 .text._ZN6FEHLCD9CheckLineEv
                0x00016db4       0x2c Libraries\FEHLCD.o
                0x00016db4                FEHLCD::CheckLine()
 .text._ZN6FEHLCD8NextCharEv
                0x00016de0       0x34 Libraries\FEHLCD.o
                0x00016de0                FEHLCD::NextChar()
 .text._ZN6FEHLCD9DrawPixelEii
                0x00016e14       0x30 Libraries\FEHLCD.o
                0x00016e14                FEHLCD::DrawPixel(int, int)
 .text._Z4SwapRiS_
                0x00016e44       0x28 Libraries\FEHLCD.o
                0x00016e44                Swap(int&, int&)
 .text._ZN6FEHLCD13DrawRectangleEiiii
                0x00016e6c       0x80 Libraries\FEHLCD.o
                0x00016e6c                FEHLCD::DrawRectangle(int, int, int, int)
 .text._ZN6FEHLCD13SetDrawRegionEiiii
                0x00016eec      0x10c Libraries\FEHLCD.o
                0x00016eec                FEHLCD::SetDrawRegion(int, int, int, int)
 .text._ZN6FEHLCD8DrawLineEiiii
                0x00016ff8      0x17c Libraries\FEHLCD.o
                0x00016ff8                FEHLCD::DrawLine(int, int, int, int)
 .text._ZN6FEHLCD9WriteCharEiic
                0x00017174       0x40 Libraries\FEHLCD.o
                0x00017174                FEHLCD::WriteChar(int, int, char)
 .text._ZN6FEHLCD11WriteCharAtEiic
                0x000171b4      0x278 Libraries\FEHLCD.o
                0x000171b4                FEHLCD::WriteCharAt(int, int, char)
 .text._ZN6FEHLCD11RepeatColorEv
                0x0001742c       0xbc Libraries\FEHLCD.o
                0x0001742c                FEHLCD::RepeatColor()
 .text._ZN6FEHLCD10_ForePixelEv
                0x000174e8      0x160 Libraries\FEHLCD.o
                0x000174e8                FEHLCD::_ForePixel()
 .text._ZN6FEHLCD10_BackPixelEv
                0x00017648      0x160 Libraries\FEHLCD.o
                0x00017648                FEHLCD::_BackPixel()
 .text._ZN6FEHLCD22SetRegisterColorValuesEv
                0x000177a8      0x4c0 Libraries\FEHLCD.o
                0x000177a8                FEHLCD::SetRegisterColorValues()
 .text._ZN7FEHIcon4IconC2Ev
                0x00017c68       0x18 Libraries\FEHLCD.o
                0x00017c68                FEHIcon::Icon::Icon()
                0x00017c68                FEHIcon::Icon::Icon()
 .text._ZN7FEHIcon4Icon13SetPropertiesEPciiiijj
                0x00017c80       0x70 Libraries\FEHLCD.o
                0x00017c80                FEHIcon::Icon::SetProperties(char*, int, int, int, int, unsigned int, unsigned int)
 .text._ZN7FEHIcon4Icon4DrawEv
                0x00017cf0       0xb0 Libraries\FEHLCD.o
                0x00017cf0                FEHIcon::Icon::Draw()
 .text._ZN7FEHIcon4Icon6SelectEv
                0x00017da0       0xb8 Libraries\FEHLCD.o
                0x00017da0                FEHIcon::Icon::Select()
 .text._ZN7FEHIcon4Icon8DeselectEv
                0x00017e58       0xb4 Libraries\FEHLCD.o
                0x00017e58                FEHIcon::Icon::Deselect()
 .text._ZN7FEHIcon4Icon7PressedEffi
                0x00017f0c      0x1dc Libraries\FEHLCD.o
                0x00017f0c                FEHIcon::Icon::Pressed(float, float, int)
 .text._ZN7FEHIcon4Icon12WhilePressedEff
                0x000180e8       0x5c Libraries\FEHLCD.o
                0x000180e8                FEHIcon::Icon::WhilePressed(float, float)
 .text._ZN7FEHIcon13DrawIconArrayEPNS_4IconEiiiiiiPA20_cjj
                0x00018144      0x194 Libraries\FEHLCD.o
                0x00018144                FEHIcon::DrawIconArray(FEHIcon::Icon*, int, int, int, int, int, int, char (*) [20], unsigned int, unsigned int)
 .text._Z41__static_initialization_and_destruction_0ii
                0x000182d8       0x30 Libraries\FEHLCD.o
 .text._GLOBAL__sub_I_image
                0x00018308       0x14 Libraries\FEHLCD.o
 .text._ZN8FEHAccelC2Ev
                0x0001831c       0x8c Libraries\FEHAccel.o
                0x0001831c                FEHAccel::FEHAccel()
                0x0001831c                FEHAccel::FEHAccel()
 .text._Z41__static_initialization_and_destruction_0ii
                0x000183a8       0x30 Libraries\FEHAccel.o
 .text._GLOBAL__sub_I_Accel
                0x000183d8       0x14 Libraries\FEHAccel.o
 .text._ZN10FEHBatteryC2EN5FEHIO8FEHIOPinE
                0x000183ec       0x24 Libraries\FEHBattery.o
                0x000183ec                FEHBattery::FEHBattery(FEHIO::FEHIOPin)
                0x000183ec                FEHBattery::FEHBattery(FEHIO::FEHIOPin)
 .text._Z41__static_initialization_and_destruction_0ii
                0x00018410       0x34 Libraries\FEHBattery.o
 .text._GLOBAL__sub_I_Battery
                0x00018444       0x14 Libraries\FEHBattery.o
 .text._ZN7FEHXBeeC2Ev
                0x00018458       0x20 Drivers\FEHXBee.o
                0x00018458                FEHXBee::FEHXBee()
                0x00018458                FEHXBee::FEHXBee()
 .text._ZN7FEHXBee10InitializeEv
                0x00018478      0x148 Drivers\FEHXBee.o
                0x00018478                FEHXBee::Initialize()
 .text._ZN7FEHXBee13IsInitializedEv
                0x000185c0       0x18 Drivers\FEHXBee.o
                0x000185c0                FEHXBee::IsInitialized()
 .text._ZN7FEHXBee17ReceiveDataSearchEPcjh
                0x000185d8       0xb4 Drivers\FEHXBee.o
                0x000185d8                FEHXBee::ReceiveDataSearch(char*, unsigned int, unsigned char)
 .text._ZN7FEHXBee8SendDataEPcj
                0x0001868c       0x50 Drivers\FEHXBee.o
                0x0001868c                FEHXBee::SendData(char*, unsigned int)
 .text._ZN7FEHXBee17SetPacketCallBackEPFvPhhE
                0x000186dc       0x20 Drivers\FEHXBee.o
                0x000186dc                FEHXBee::SetPacketCallBack(void (*)(unsigned char*, unsigned char))
 .text._Z9UART0_ISRv
                0x000186fc      0x174 Drivers\FEHXBee.o
                0x000186fc                UART0_ISR()
 .text._ZN6FEHRPSC2Ev
                0x00018870       0x88 Libraries\FEHRPS.o
                0x00018870                FEHRPS::FEHRPS()
                0x00018870                FEHRPS::FEHRPS()
 .text._ZN6FEHRPS10InitializeEi
                0x000188f8      0x994 Libraries\FEHRPS.o
                0x000188f8                FEHRPS::Initialize(int)
 .text._ZN6FEHRPS10InitializeEc
                0x0001928c       0x4c Libraries\FEHRPS.o
                0x0001928c                FEHRPS::Initialize(char)
 .text._ZN6FEHRPS19InitializeTouchMenuEv
                0x000192d8      0x908 Libraries\FEHRPS.o
                0x000192d8                FEHRPS::InitializeTouchMenu()
 .text._ZN6FEHRPS19CurrentRegionLetterEv
                0x00019be0       0x20 Libraries\FEHRPS.o
                0x00019be0                FEHRPS::CurrentRegionLetter()
 .text._ZN6FEHRPS13WaitForPacketEv
                0x00019c00       0x78 Libraries\FEHRPS.o
                0x00019c00                FEHRPS::WaitForPacket()
 .text._ZN6FEHRPS1XEv
                0x00019c78       0x20 Libraries\FEHRPS.o
                0x00019c78                FEHRPS::X()
 .text._ZN6FEHRPS1YEv
                0x00019c98       0x20 Libraries\FEHRPS.o
                0x00019c98                FEHRPS::Y()
 .text._ZN6FEHRPS7HeadingEv
                0x00019cb8       0x20 Libraries\FEHRPS.o
                0x00019cb8                FEHRPS::Heading()
 .text._Z14RPSDataProcessPhh
                0x00019cd8      0x164 Libraries\FEHRPS.o
                0x00019cd8                RPSDataProcess(unsigned char*, unsigned char)
 .text._Z41__static_initialization_and_destruction_0ii
                0x00019e3c       0x30 Libraries\FEHRPS.o
 .text._GLOBAL__sub_I_RPS
                0x00019e6c       0x14 Libraries\FEHRPS.o
 .text._ZN5FEHSDC2Ev
                0x00019e80       0x24 Libraries\FEHSD.o
                0x00019e80                FEHSD::FEHSD()
                0x00019e80                FEHSD::FEHSD()
 .text._ZN5FEHSD7OpenLogEv
                0x00019ea4      0x1a4 Libraries\FEHSD.o
                0x00019ea4                FEHSD::OpenLog()
 .text._ZN5FEHSD8CloseLogEv
                0x0001a048       0x38 Libraries\FEHSD.o
                0x0001a048                FEHSD::CloseLog()
 .text._ZN5FEHSD6PrintfEPKcz
                0x0001a080       0x30 Libraries\FEHSD.o
                0x0001a080                FEHSD::Printf(char const*, ...)
 .text._ZN5FEHSD10InitializeEv
                0x0001a0b0      0x118 Libraries\FEHSD.o
                0x0001a0b0                FEHSD::Initialize()
 .text._Z41__static_initialization_and_destruction_0ii
                0x0001a1c8       0x30 Libraries\FEHSD.o
 .text._GLOBAL__sub_I_SD
                0x0001a1f8       0x14 Libraries\FEHSD.o
 .text.atanf    0x0001a20c      0x240 C:\fehqt\Proteus/EWL/lib/armv7e-m\libm.a(s_atanf.o)
                0x0001a20c                atanf
 .text.cosf     0x0001a44c       0x98 C:\fehqt\Proteus/EWL/lib/armv7e-m\libm.a(s_cosf.o)
                0x0001a44c                cosf
 .text.sinf     0x0001a4e4       0x88 C:\fehqt\Proteus/EWL/lib/armv7e-m\libm.a(s_sinf.o)
                0x0001a4e4                sinf
 .text.powf     0x0001a56c        0x4 C:\fehqt\Proteus/EWL/lib/armv7e-m\libm.a(w_powf.o)
                0x0001a56c                powf
 .text.sqrtf    0x0001a570        0x4 C:\fehqt\Proteus/EWL/lib/armv7e-m\libm.a(w_sqrtf.o)
                0x0001a570                sqrtf
 .text.__ieee754_powf
                0x0001a574      0x774 C:\fehqt\Proteus/EWL/lib/armv7e-m\libm.a(e_powf.o)
                0x0001a574                __ieee754_powf
 .text.__ieee754_rem_pio2f
                0x0001ace8      0x2ac C:\fehqt\Proteus/EWL/lib/armv7e-m\libm.a(e_rem_pio2f.o)
                0x0001ace8                __ieee754_rem_pio2f
 .text.__ieee754_sqrtf
                0x0001af94       0xb0 C:\fehqt\Proteus/EWL/lib/armv7e-m\libm.a(e_sqrtf.o)
                0x0001af94                __ieee754_sqrtf
 .text.__kernel_cosf
                0x0001b044      0x138 C:\fehqt\Proteus/EWL/lib/armv7e-m\libm.a(k_cosf.o)
                0x0001b044                __kernel_cosf
 .text.__kernel_rem_pio2f
                0x0001b17c      0x5e8 C:\fehqt\Proteus/EWL/lib/armv7e-m\libm.a(k_rem_pio2f.o)
                0x0001b17c                __kernel_rem_pio2f
 .text.__kernel_sinf
                0x0001b764       0xf4 C:\fehqt\Proteus/EWL/lib/armv7e-m\libm.a(k_sinf.o)
                0x0001b764                __kernel_sinf
 .text.__fpclassifyf
                0x0001b858       0x2c C:\fehqt\Proteus/EWL/lib/armv7e-m\libm.a(math_api.o)
                0x0001b858                __fpclassifyf
 .text.floorf   0x0001b884       0x84 C:\fehqt\Proteus/EWL/lib/armv7e-m\libm.a(s_floorf.o)
                0x0001b884                floorf
 .text.scalbnf  0x0001b908       0xac C:\fehqt\Proteus/EWL/lib/armv7e-m\libm.a(s_scalbnf.o)
                0x0001b908                scalbnf
 .text.sprintf  0x0001b9b4       0x1c C:\fehqt\Proteus/EWL/lib/armv7e-m\libc.a(sprintf.o)
                0x0001b9b4                sprintf
 .text.__StringWrite
                0x0001b9d0       0x28 C:\fehqt\Proteus/EWL/lib/armv7e-m\libc.a(vsnprintf.o)
                0x0001b9d0                __StringWrite
 .text.vsnprintf
                0x0001b9f8       0x34 C:\fehqt\Proteus/EWL/lib/armv7e-m\libc.a(vsnprintf.o)
                0x0001b9f8                vsnprintf
 .text.exit     0x0001ba2c       0x38 C:\fehqt\Proteus/EWL/lib/armv7e-m\libc.a(exit.o)
                0x0001ba2c                exit
 .text.memcpy   0x0001ba64       0x12 C:\fehqt\Proteus/EWL/lib/armv7e-m\libc.a(memcpy.o)
                0x0001ba64                memcpy
 .text.memset   0x0001ba76        0xc C:\fehqt\Proteus/EWL/lib/armv7e-m\libc.a(memset.o)
                0x0001ba76                memset
 .text.strcpy   0x0001ba82       0x18 C:\fehqt\Proteus/EWL/lib/armv7e-m\libc.a(strcpy.o)
                0x0001ba82                strcpy
 .text.strlen   0x0001ba9a       0x10 C:\fehqt\Proteus/EWL/lib/armv7e-m\libc.a(strlen.o)
                0x0001ba9a                strlen
 .text.long2str.isra.0
                0x0001baaa      0x196 C:\fehqt\Proteus/EWL/lib/armv7e-m\libc.a(printformat_.o)
 .text.__pformatter_
                0x0001bc40      0x3f8 C:\fehqt\Proteus/EWL/lib/armv7e-m\libc.a(printformat_.o)
                0x0001bc40                __pformatter_
 .text.__sformatter
                0x0001c038      0x74e C:\fehqt\Proteus/EWL/lib/armv7e-m\libc.a(scanformat_.o)
                0x0001c038                __sformatter
 *fill*         0x0001c786        0x2 00
 .text.isalpha  0x0001c788       0x1c C:\fehqt\Proteus/EWL/lib/armv7e-m\libc.a(ctype_aeabi.o)
                0x0001c788                isalpha
 .text.isspace  0x0001c7a4       0x1c C:\fehqt\Proteus/EWL/lib/armv7e-m\libc.a(ctype_aeabi.o)
                0x0001c7a4                isspace
 .text.toupper  0x0001c7c0        0xc C:\fehqt\Proteus/EWL/lib/armv7e-m\libc.a(ctype_aeabi.o)
                0x0001c7c0                toupper
 .text.__strtoul
                0x0001c7cc      0x1dc C:\fehqt\Proteus/EWL/lib/armv7e-m\libc.a(__strtoul.o)
                0x0001c7cc                __strtoul
 .text.__fill_mem
                0x0001c9a8       0x76 C:\fehqt\Proteus/EWL/lib/armv7e-m\libc.a(__filll_mem.o)
                0x0001c9a8                __fill_mem
 .text.memchr   0x0001ca1e       0x1a C:\fehqt\Proteus/EWL/lib/armv7e-m\libc.a(memchr.o)
                0x0001ca1e                memchr
 .text.strchr   0x0001ca38       0x1c C:\fehqt\Proteus/EWL/lib/armv7e-m\libc.a(strchr.o)
                0x0001ca38                strchr
 .text.__init_cpp
                0x0001ca54       0x4c C:\fehqt\Proteus/EWL/lib/armv7e-m\librt.a(gcc_ctor_dtor.o)
                0x0001ca54                __init_cpp
 .text.__fini_cpp
                0x0001caa0       0x34 C:\fehqt\Proteus/EWL/lib/armv7e-m\librt.a(gcc_ctor_dtor.o)
                0x0001caa0                __fini_cpp
 .text.__copy_rom_section
                0x0001cad4       0x44 C:\fehqt\Proteus/EWL/lib/armv7e-m\librt.a(ROMCopy.o)
                0x0001cad4                __copy_rom_section
 .text.__copy_rom_sections_to_ram
                0x0001cb18       0x34 C:\fehqt\Proteus/EWL/lib/armv7e-m\librt.a(ROMCopy.o)
                0x0001cb18                __copy_rom_sections_to_ram
 .text.__destroy_global_chain
                0x0001cb4c       0x1c C:\fehqt\Proteus/EWL/lib/armv7e-m\librt.a(__arm_eabi_init.o)
                0x0001cb4c                __destroy_global_chain
 .text.__init_registers
                0x0001cb68       0x20 C:\fehqt\Proteus/EWL/lib/armv7e-m\librt.a(__arm_eabi_init.o)
                0x0001cb68                __init_registers
 .text.__init_user
                0x0001cb88        0x4 C:\fehqt\Proteus/EWL/lib/armv7e-m\librt.a(__arm_eabi_init.o)
                0x0001cb88                __init_user
 *(.rodata)
 .rodata        0x0001cb8c      0x424 ..\main.o
 .rodata        0x0001cfb0       0x10 Drivers\ff.o
 .rodata        0x0001cfc0       0x78 Libraries\FEHIO.o
 .rodata        0x0001d038       0x34 Libraries\FEHLCD.o
 .rodata        0x0001d06c      0x238 Libraries\FEHRPS.o
 .rodata        0x0001d2a4       0xdc Libraries\FEHSD.o
 *(.rodata*)
 .rodata._ZL18LEFT_MOTOR_PERCENT
                0x0001d380        0x4 ..\main.o
 .rodata._ZL19RIGHT_MOTOR_PERCENT
                0x0001d384        0x4 ..\main.o
 .rodata._ZZL11create_nameP3DIRPPKcE5excvt
                0x0001d388       0x80 Drivers\ff.o
 .rodata.K60_SDHC0_init
                0x0001d408        0xc Drivers\SDHC.o
                0x0001d408                K60_SDHC0_init
 .rodata._ZL21ESDHC_COMMAND_XFERTYP
                0x0001d414      0x100 Drivers\SDHC.o
 .rodata._ZL9GPIOPorts
                0x0001d514       0x20 Libraries\FEHIO.o
 .rodata._ZL10ADCNumbers
                0x0001d534       0x24 Libraries\FEHIO.o
 .rodata._ZL14GPIOPinNumbers
                0x0001d558       0x80 Libraries\FEHIO.o
 .rodata._ZL16AnalogPinNumbers
                0x0001d5d8       0x84 Libraries\FEHIO.o
 .rodata.atanlo
                0x0001d65c       0x10 C:\fehqt\Proteus/EWL/lib/armv7e-m\libm.a(s_atanf.o)
 .rodata.atanhi
                0x0001d66c       0x10 C:\fehqt\Proteus/EWL/lib/armv7e-m\libm.a(s_atanf.o)
 .rodata.dp_h   0x0001d67c        0x8 C:\fehqt\Proteus/EWL/lib/armv7e-m\libm.a(e_powf.o)
 .rodata.dp_l   0x0001d684        0x8 C:\fehqt\Proteus/EWL/lib/armv7e-m\libm.a(e_powf.o)
 .rodata.bp     0x0001d68c        0x8 C:\fehqt\Proteus/EWL/lib/armv7e-m\libm.a(e_powf.o)
 .rodata.npio2_hw
                0x0001d694       0x80 C:\fehqt\Proteus/EWL/lib/armv7e-m\libm.a(e_rem_pio2f.o)
 .rodata.two_over_pi
                0x0001d714      0x318 C:\fehqt\Proteus/EWL/lib/armv7e-m\libm.a(e_rem_pio2f.o)
 .rodata.init_jk
                0x0001da2c        0xc C:\fehqt\Proteus/EWL/lib/armv7e-m\libm.a(k_rem_pio2f.o)
 .rodata.PIo2   0x0001da38       0x2c C:\fehqt\Proteus/EWL/lib/armv7e-m\libm.a(k_rem_pio2f.o)
 .rodata.str1.1
                0x0001da64        0x1 C:\fehqt\Proteus/EWL/lib/armv7e-m\libc.a(printformat_.o)
 .rodata.__aeabi_ctype_table_C
                0x0001da65      0x101 C:\fehqt\Proteus/EWL/lib/armv7e-m\libc.a(ctype_aeabi.o)
                0x0001da65                __aeabi_ctype_table_C
 *(.glue_7)
 .glue_7        0x00000000        0x0 linker stubs
 *(.glue_7t)
 .glue_7t       0x00000000        0x0 linker stubs
 *(.eh_frame)
 *(.init)
 *(.fini)
                0x0001db68                . = ALIGN (0x4)
 *fill*         0x0001db66        0x2 00
                0x0001db68                _etext = .

.vfp11_veneer   0x0001db68        0x0
 .vfp11_veneer  0x00000000        0x0 linker stubs

.v4_bx          0x0001db68        0x0
 .v4_bx         0x00000000        0x0 linker stubs

.ARM.extab
 *(.ARM.extab* .gnu.linkonce.armextab.*)

.ARM            0x0001db68        0x0
                0x0001db68                __exidx_start = .
 *(.ARM.exidx*)
                0x0001db68                __exidx_end = .

.ctors          0x0001db68        0x0
                0x0001db68                __CTOR_LIST__ = .
 *crtbegin.o(.ctors)
 *(EXCLUDE_FILE(*crtend.o) .ctors)
 *(SORT(.ctors.*))
 *(.ctors)
                0x0001db68                __CTOR_END__ = .

.dtors          0x0001db68        0x0
                0x0001db68                __DTOR_LIST__ = .
 *crtbegin.o(.dtors)
 *(EXCLUDE_FILE(*crtend.o) .dtors)
 *(SORT(.dtors.*))
 *(.dtors)
                0x0001db68                __DTOR_END__ = .

.preinit_array  0x0001db68        0x0
                0x0001db68                PROVIDE (__preinit_array_start, .)
 *(.preinit_array*)
                0x0001db68                PROVIDE (__preinit_array_end, .)

.init_array     0x0001db68       0x20
                0x0001db68                PROVIDE (__init_array_start, .)
 *(SORT(.init_array.*))
 *(.init_array*)
 .init_array    0x0001db68        0x4 ..\main.o
 .init_array    0x0001db6c        0x4 FEHProteus.o
 .init_array    0x0001db70        0x4 Libraries\FEHBuzzer.o
 .init_array    0x0001db74        0x4 Libraries\FEHLCD.o
 .init_array    0x0001db78        0x4 Libraries\FEHAccel.o
 .init_array    0x0001db7c        0x4 Libraries\FEHBattery.o
 .init_array    0x0001db80        0x4 Libraries\FEHRPS.o
 .init_array    0x0001db84        0x4 Libraries\FEHSD.o
                0x0001db88                PROVIDE (__init_array_end, .)

.fini_array     0x0001db88        0x0
                0x0001db88                PROVIDE (__fini_array_start, .)
 *(SORT(.fini_array.*))
 *(.fini_array*)
                0x0001db88                PROVIDE (__fini_array_end, .)
                0x0001db88                ___ROM_AT = .

.data           0x1fff0400      0xd1c load address 0x0001db88
                0x1fff0400                . = ALIGN (0x4)
                0x1fff0400                _sdata = .
 *(.data)
 *(.data*)
 .data._ZL4Stat
                0x1fff0400        0x1 Drivers\SDHC.o
 *fill*         0x1fff0401        0x3 00
 .data.image    0x1fff0404      0x750 Libraries\FEHLCD.o
                0x1fff0404                image
 .data.logo     0x1fff0b54      0x3e8 Libraries\FEHLCD.o
                0x1fff0b54                logo
 .data._ZN6FEHLCD8fontDataE
                0x1fff0f3c      0x1e0 Libraries\FEHLCD.o
                0x1fff0f3c                FEHLCD::fontData
                0x1fff111c                . = ALIGN (0x4)
                0x1fff111c                _edata = .
                0x00000d1c                ___data_size = (_edata - _sdata)
                0x0001e8a4                ___m_data2_ROMStart = (___ROM_AT + SIZEOF (.data))

.user_data2     0x20000000        0x0 load address 0x0001e8a4
                0x20000000                . = ALIGN (0x4)
                0x20000000                ___m_data2_RAMStart = .
 *(.data2)
                0x20000000                ___m_data2_RAMEnd = .
                0x20000000                . = ALIGN (0x4)
                0x00000000                ___m_data2_ROMSize = (___m_data2_RAMEnd - ___m_data2_RAMStart)
                0x20000000                . = ALIGN (0x4)

.bss            0x1fff111c      0x830 load address 0x0001e8a4
                0x1fff111c                __START_BSS = .
                0x1fff111c                PROVIDE (__bss_start__, __START_BSS)
 *(.bss)
 *(.bss*)
 .bss.leftMotor
                0x1fff111c        0x8 ..\main.o
                0x1fff111c                leftMotor
 .bss.rightMotor
                0x1fff1124        0x8 ..\main.o
                0x1fff1124                rightMotor
 .bss.armServo  0x1fff112c        0xc ..\main.o
                0x1fff112c                armServo
 .bss.leftBumpSwitch
                0x1fff1138        0x4 ..\main.o
                0x1fff1138                leftBumpSwitch
 .bss.rightBumpSwitch
                0x1fff113c        0x4 ..\main.o
                0x1fff113c                rightBumpSwitch
 .bss.lightSensor
                0x1fff1140        0x4 ..\main.o
                0x1fff1140                lightSensor
 .bss.hasExhaustedDeadzone
                0x1fff1144        0x1 ..\main.o
                0x1fff1144                hasExhaustedDeadzone
 *fill*         0x1fff1145        0x3 00
 .bss.lastValidX
                0x1fff1148        0x4 ..\main.o
                0x1fff1148                lastValidX
 .bss.lastValidY
                0x1fff114c        0x4 ..\main.o
                0x1fff114c                lastValidY
 .bss.lastValidHeading
                0x1fff1150        0x4 ..\main.o
                0x1fff1150                lastValidHeading
 .bss._ZL4argv  0x1fff1154        0x4 Startup\__arm_start.o
 .bss.MasterTransmission
                0x1fff1158        0x1 Drivers\i2c.o
                0x1fff1158                MasterTransmission
 .bss.SlaveID   0x1fff1159        0x1 Drivers\i2c.o
                0x1fff1159                SlaveID
 *fill*         0x1fff115a        0x2 00
 .bss._ZL5FatFs
                0x1fff115c        0x4 Drivers\ff.o
 .bss._ZL4Fsid  0x1fff1160        0x2 Drivers\ff.o
 .bss._ZL7CurrVol
                0x1fff1162        0x1 Drivers\ff.o
 *fill*         0x1fff1163        0x1 00
 .bss.SDHC_Card
                0x1fff1164       0x14 Drivers\SDHC.o
                0x1fff1164                SDHC_Card
 .bss.SDHC_Init
                0x1fff1178        0x4 Drivers\SDHC.o
                0x1fff1178                SDHC_Init
 .bss.SDHC_Info
                0x1fff117c      0x204 Drivers\SDHC.o
                0x1fff117c                SDHC_Info
 .bss.SDHC_Device
                0x1fff1380        0x8 Drivers\SDHC.o
                0x1fff1380                SDHC_Device
 .bss.Propeller
                0x1fff1388        0x4 FEHProteus.o
                0x1fff1388                Propeller
 .bss.CoreClockKHz
                0x1fff138c        0x4 FEHProteus.o
                0x1fff138c                CoreClockKHz
 .bss.CoreClockMHz
                0x1fff1390        0x4 FEHProteus.o
                0x1fff1390                CoreClockMHz
 .bss.PeripheralClockKHz
                0x1fff1394        0x4 FEHProteus.o
                0x1fff1394                PeripheralClockKHz
 .bss._ZN14AnalogInputPin17Master_Adc_ConfigE
                0x1fff1398       0x10 Libraries\FEHIO.o
                0x1fff1398                AnalogInputPin::Master_Adc_Config
 .bss._ZN14AnalogInputPin18Encoder_Adc_ConfigE
                0x1fff13a8       0x10 Libraries\FEHIO.o
                0x1fff13a8                AnalogInputPin::Encoder_Adc_Config
 .bss.interrupt_counts
                0x1fff13b8       0x80 Libraries\FEHIO.o
                0x1fff13b8                interrupt_counts
 .bss._ZN13AnalogEncoder7pinListE
                0x1fff1438        0x4 Libraries\FEHIO.o
                0x1fff1438                AnalogEncoder::pinList
 .bss.__interrupt_counter
                0x1fff143c        0x4 Libraries\FEHIO.o
                0x1fff143c                __interrupt_counter
 .bss.Buzzer    0x1fff1440        0x4 Libraries\FEHBuzzer.o
                0x1fff1440                Buzzer
 .bss.LCD       0x1fff1444       0x44 Libraries\FEHLCD.o
                0x1fff1444                LCD
 .bss.initialized
                0x1fff1488        0x1 Libraries\FEHLCD.o
                0x1fff1488                initialized
 *fill*         0x1fff1489        0x3 00
 .bss.Accel     0x1fff148c        0x4 Libraries\FEHAccel.o
                0x1fff148c                Accel
 .bss.Battery   0x1fff1490        0x4 Libraries\FEHBattery.o
                0x1fff1490                Battery
 .bss.XBeeDataProcess
                0x1fff1494        0x4 Drivers\FEHXBee.o
                0x1fff1494                XBeeDataProcess
 .bss._xbeebuffer
                0x1fff1498       0x10 Drivers\FEHXBee.o
                0x1fff1498                _xbeebuffer
 .bss._xbeebufferindex
                0x1fff14a8        0x1 Drivers\FEHXBee.o
                0x1fff14a8                _xbeebufferindex
 .bss._xbeestate
                0x1fff14a9        0x1 Drivers\FEHXBee.o
                0x1fff14a9                _xbeestate
 .bss._xbeebytereceived
                0x1fff14aa        0x1 Drivers\FEHXBee.o
                0x1fff14aa                _xbeebytereceived
 .bss._xbeebyte
                0x1fff14ab        0x1 Drivers\FEHXBee.o
                0x1fff14ab                _xbeebyte
 .bss.RPS       0x1fff14ac        0x8 Libraries\FEHRPS.o
                0x1fff14ac                RPS
 .bss._enabled  0x1fff14b4        0x1 Libraries\FEHRPS.o
                0x1fff14b4                _enabled
 *fill*         0x1fff14b5        0x3 00
 .bss._RPS_x    0x1fff14b8        0x4 Libraries\FEHRPS.o
                0x1fff14b8                _RPS_x
 .bss._RPS_y    0x1fff14bc        0x4 Libraries\FEHRPS.o
                0x1fff14bc                _RPS_y
 .bss._RPS_heading
                0x1fff14c0        0x4 Libraries\FEHRPS.o
                0x1fff14c0                _RPS_heading
 .bss._RPS_objective
                0x1fff14c4        0x4 Libraries\FEHRPS.o
                0x1fff14c4                _RPS_objective
 .bss._RPS_time
                0x1fff14c8        0x1 Libraries\FEHRPS.o
                0x1fff14c8                _RPS_time
 .bss._RPS_stop
                0x1fff14c9        0x1 Libraries\FEHRPS.o
                0x1fff14c9                _RPS_stop
 .bss._RPS_foundpacket
                0x1fff14ca        0x1 Libraries\FEHRPS.o
                0x1fff14ca                _RPS_foundpacket
 *fill*         0x1fff14cb        0x1 00
 .bss.SD        0x1fff14cc        0x4 Libraries\FEHSD.o
                0x1fff14cc                SD
 .bss.logfil    0x1fff14d0      0x228 Libraries\FEHSD.o
                0x1fff14d0                logfil
 .bss._ZL9FATFS_Obj
                0x1fff16f8      0x234 Libraries\FEHSD.o
 .bss.f_res     0x1fff192c        0x1 Libraries\FEHSD.o
                0x1fff192c                f_res
 *fill*         0x1fff192d        0x3 00
 .bss.__stdio_exit
                0x1fff1930        0x4 C:\fehqt\Proteus/EWL/lib/armv7e-m\libc.a(exit.o)
                0x1fff1930                __stdio_exit
 .bss.__console_exit
                0x1fff1934        0x4 C:\fehqt\Proteus/EWL/lib/armv7e-m\libc.a(exit.o)
                0x1fff1934                __console_exit
 .bss.__S_romp  0x1fff1938        0xc C:\fehqt\Proteus/EWL/lib/armv7e-m\librt.a(ROMCopy.o)
 .bss.__global_destructor_chain
                0x1fff1944        0x4 C:\fehqt\Proteus/EWL/lib/armv7e-m\librt.a(__arm_eabi_init.o)
                0x1fff1944                __global_destructor_chain
 *(COMMON)
 COMMON         0x1fff1948        0x4 C:\fehqt\Proteus/EWL/lib/armv7e-m\libc.a(errno.o)
                0x1fff1948                errno
                0x1fff194c                . = ALIGN (0x4)
                0x1fff194c                __END_BSS = .
                0x1fff194c                PROVIDE (__bss_end__, __END_BSS)

._user_heap_stack
                0x1fff194c     0x1000 load address 0x0001f0d4
                0x1fff194c                . = ALIGN (0x4)
                0x1fff194c                PROVIDE (end, .)
                0x1fff194c                PROVIDE (_end, .)
                0x1fff194c                __heap_addr = .
                0x1fff214c                . = (. + __heap_size)
 *fill*         0x1fff194c      0x800 00
                0x1fff294c                . = (. + __stack_size)
 *fill*         0x1fff214c      0x800 00
                0x1fff294c                . = ALIGN (0x4)
                0x0001e8a4                _romp_at = ((___ROM_AT + SIZEOF (.data)) + SIZEOF (.user_data2))

.romp           0x20000000       0x24 load address 0x0001e8a4
                0x0001e8a4                __S_romp = _romp_at
                0x20000000        0x4 LONG 0x1db88 ___ROM_AT
                0x20000004        0x4 LONG 0x1fff0400 _sdata
                0x20000008        0x4 LONG 0xd1c ___data_size
                0x2000000c        0x4 LONG 0x1e8a4 ___m_data2_ROMStart
                0x20000010        0x4 LONG 0x20000000 ___m_data2_RAMStart
                0x20000014        0x4 LONG 0x0 ___m_data2_ROMSize
                0x20000018        0x4 LONG 0x0
                0x2000001c        0x4 LONG 0x0
                0x20000020        0x4 LONG 0x0

.ARM.attributes
                0x00000000       0x33
 *(.ARM.attributes)
 .ARM.attributes
                0x00000000       0x33 ..\main.o
 .ARM.attributes
                0x00000033       0x33 Startup\__arm_start.o
 .ARM.attributes
                0x00000066       0x33 Startup\__arm_end.o
 .ARM.attributes
                0x00000099       0x33 Startup\kinetis_sysinit.o
 .ARM.attributes
                0x000000cc       0x33 Libraries\FEHMotor.o
 .ARM.attributes
                0x000000ff       0x33 Drivers\i2c.o
 .ARM.attributes
                0x00000132       0x33 Drivers\spi.o
 .ARM.attributes
                0x00000165       0x33 Drivers\uart.o
 .ARM.attributes
                0x00000198       0x33 Drivers\ff.o
 .ARM.attributes
                0x000001cb       0x33 Drivers\SDHC.o
 .ARM.attributes
                0x000001fe       0x33 Drivers\lptmr.o
 .ARM.attributes
                0x00000231       0x33 FEHProteus.o
 .ARM.attributes
                0x00000264       0x33 Drivers\FEHPropeller.o
 .ARM.attributes
                0x00000297       0x33 Libraries\FEHUtility.o
 .ARM.attributes
                0x000002ca       0x33 Libraries\FEHIO.o
 .ARM.attributes
                0x000002fd       0x33 Drivers\adc16.o
 .ARM.attributes
                0x00000330       0x33 Libraries\FEHBuzzer.o
 .ARM.attributes
                0x00000363       0x33 Libraries\FEHServo.o
 .ARM.attributes
                0x00000396       0x33 Libraries\FEHLCD.o
 .ARM.attributes
                0x000003c9       0x33 Libraries\FEHAccel.o
 .ARM.attributes
                0x000003fc       0x33 Libraries\FEHBattery.o
 .ARM.attributes
                0x0000042f       0x33 Drivers\FEHXBee.o
 .ARM.attributes
                0x00000462       0x33 Libraries\FEHRPS.o
 .ARM.attributes
                0x00000495       0x33 Libraries\FEHSD.o
 .ARM.attributes
                0x000004c8       0x33 C:\fehqt\Proteus/EWL/lib/armv7e-m\libm.a(s_atanf.o)
 .ARM.attributes
                0x000004fb       0x33 C:\fehqt\Proteus/EWL/lib/armv7e-m\libm.a(s_cosf.o)
 .ARM.attributes
                0x0000052e       0x33 C:\fehqt\Proteus/EWL/lib/armv7e-m\libm.a(s_sinf.o)
 .ARM.attributes
                0x00000561       0x33 C:\fehqt\Proteus/EWL/lib/armv7e-m\libm.a(w_powf.o)
 .ARM.attributes
                0x00000594       0x33 C:\fehqt\Proteus/EWL/lib/armv7e-m\libm.a(w_sqrtf.o)
 .ARM.attributes
                0x000005c7       0x33 C:\fehqt\Proteus/EWL/lib/armv7e-m\libm.a(e_powf.o)
 .ARM.attributes
                0x000005fa       0x33 C:\fehqt\Proteus/EWL/lib/armv7e-m\libm.a(e_rem_pio2f.o)
 .ARM.attributes
                0x0000062d       0x33 C:\fehqt\Proteus/EWL/lib/armv7e-m\libm.a(e_sqrtf.o)
 .ARM.attributes
                0x00000660       0x33 C:\fehqt\Proteus/EWL/lib/armv7e-m\libm.a(k_cosf.o)
 .ARM.attributes
                0x00000693       0x33 C:\fehqt\Proteus/EWL/lib/armv7e-m\libm.a(k_rem_pio2f.o)
 .ARM.attributes
                0x000006c6       0x33 C:\fehqt\Proteus/EWL/lib/armv7e-m\libm.a(k_sinf.o)
 .ARM.attributes
                0x000006f9       0x33 C:\fehqt\Proteus/EWL/lib/armv7e-m\libm.a(math_api.o)
 .ARM.attributes
                0x0000072c       0x33 C:\fehqt\Proteus/EWL/lib/armv7e-m\libm.a(s_floorf.o)
 .ARM.attributes
                0x0000075f       0x33 C:\fehqt\Proteus/EWL/lib/armv7e-m\libm.a(s_scalbnf.o)
 .ARM.attributes
                0x00000792       0x33 C:\fehqt\Proteus/EWL/lib/armv7e-m\libc.a(errno.o)
 .ARM.attributes
                0x000007c5       0x33 C:\fehqt\Proteus/EWL/lib/armv7e-m\libc.a(sprintf.o)
 .ARM.attributes
                0x000007f8       0x33 C:\fehqt\Proteus/EWL/lib/armv7e-m\libc.a(vsnprintf.o)
 .ARM.attributes
                0x0000082b       0x33 C:\fehqt\Proteus/EWL/lib/armv7e-m\libc.a(exit.o)
 .ARM.attributes
                0x0000085e       0x33 C:\fehqt\Proteus/EWL/lib/armv7e-m\libc.a(memcpy.o)
 .ARM.attributes
                0x00000891       0x33 C:\fehqt\Proteus/EWL/lib/armv7e-m\libc.a(memset.o)
 .ARM.attributes
                0x000008c4       0x33 C:\fehqt\Proteus/EWL/lib/armv7e-m\libc.a(strcpy.o)
 .ARM.attributes
                0x000008f7       0x33 C:\fehqt\Proteus/EWL/lib/armv7e-m\libc.a(strlen.o)
 .ARM.attributes
                0x0000092a       0x33 C:\fehqt\Proteus/EWL/lib/armv7e-m\libc.a(printformat_.o)
 .ARM.attributes
                0x0000095d       0x33 C:\fehqt\Proteus/EWL/lib/armv7e-m\libc.a(scanformat_.o)
 .ARM.attributes
                0x00000990       0x33 C:\fehqt\Proteus/EWL/lib/armv7e-m\libc.a(ctype_aeabi.o)
 .ARM.attributes
                0x000009c3       0x33 C:\fehqt\Proteus/EWL/lib/armv7e-m\libc.a(__strtoul.o)
 .ARM.attributes
                0x000009f6       0x33 C:\fehqt\Proteus/EWL/lib/armv7e-m\libc.a(__filll_mem.o)
 .ARM.attributes
                0x00000a29       0x33 C:\fehqt\Proteus/EWL/lib/armv7e-m\libc.a(memchr.o)
 .ARM.attributes
                0x00000a5c       0x33 C:\fehqt\Proteus/EWL/lib/armv7e-m\libc.a(strchr.o)
 .ARM.attributes
                0x00000a8f       0x1e c:/fehqt/proteus/gcc/bin/../lib/gcc/arm-none-eabi/4.6.2/armv7e-m\libgcc.a(_arm_addsubdf3.o)
 .ARM.attributes
                0x00000aad       0x1e c:/fehqt/proteus/gcc/bin/../lib/gcc/arm-none-eabi/4.6.2/armv7e-m\libgcc.a(_arm_muldivdf3.o)
 .ARM.attributes
                0x00000acb       0x1e c:/fehqt/proteus/gcc/bin/../lib/gcc/arm-none-eabi/4.6.2/armv7e-m\libgcc.a(_arm_cmpdf2.o)
 .ARM.attributes
                0x00000ae9       0x1e c:/fehqt/proteus/gcc/bin/../lib/gcc/arm-none-eabi/4.6.2/armv7e-m\libgcc.a(_arm_fixdfsi.o)
 .ARM.attributes
                0x00000b07       0x1e c:/fehqt/proteus/gcc/bin/../lib/gcc/arm-none-eabi/4.6.2/armv7e-m\libgcc.a(_arm_fixunsdfsi.o)
 .ARM.attributes
                0x00000b25       0x1e c:/fehqt/proteus/gcc/bin/../lib/gcc/arm-none-eabi/4.6.2/armv7e-m\libgcc.a(_arm_truncdfsf2.o)
 .ARM.attributes
                0x00000b43       0x1e c:/fehqt/proteus/gcc/bin/../lib/gcc/arm-none-eabi/4.6.2/armv7e-m\libgcc.a(_arm_addsubsf3.o)
 .ARM.attributes
                0x00000b61       0x1e c:/fehqt/proteus/gcc/bin/../lib/gcc/arm-none-eabi/4.6.2/armv7e-m\libgcc.a(_arm_muldivsf3.o)
 .ARM.attributes
                0x00000b7f       0x1e c:/fehqt/proteus/gcc/bin/../lib/gcc/arm-none-eabi/4.6.2/armv7e-m\libgcc.a(_arm_cmpsf2.o)
 .ARM.attributes
                0x00000b9d       0x1e c:/fehqt/proteus/gcc/bin/../lib/gcc/arm-none-eabi/4.6.2/armv7e-m\libgcc.a(_arm_fixsfsi.o)
 .ARM.attributes
                0x00000bbb       0x33 C:\fehqt\Proteus/EWL/lib/armv7e-m\librt.a(gcc_ctor_dtor.o)
 .ARM.attributes
                0x00000bee       0x33 C:\fehqt\Proteus/EWL/lib/armv7e-m\librt.a(ROMCopy.o)
 .ARM.attributes
                0x00000c21       0x33 C:\fehqt\Proteus/EWL/lib/armv7e-m\librt.a(__arm_eabi_init.o)
OUTPUT(../ActualActualRobotProject.elf elf32-littlearm)

.debug_info     0x00000000    0x172c3
 .debug_info    0x00000000     0x1e13 ..\main.o
 .debug_info    0x00001e13     0x12c5 Startup\__arm_start.o
 .debug_info    0x000030d8       0x58 Startup\__arm_end.o
 .debug_info    0x00003130      0x61c Startup\kinetis_sysinit.o
 .debug_info    0x0000374c      0x335 Libraries\FEHMotor.o
 .debug_info    0x00003a81      0x250 Drivers\i2c.o
 .debug_info    0x00003cd1      0x6cf Drivers\spi.o
 .debug_info    0x000043a0      0x59c Drivers\uart.o
 .debug_info    0x0000493c     0x1da0 Drivers\ff.o
 .debug_info    0x000066dc      0xf1d Drivers\SDHC.o
 .debug_info    0x000075f9      0x2de Drivers\lptmr.o
 .debug_info    0x000078d7      0x1a7 FEHProteus.o
 .debug_info    0x00007a7e      0x722 Drivers\FEHPropeller.o
 .debug_info    0x000081a0      0x36c Libraries\FEHUtility.o
 .debug_info    0x0000850c     0x1c6a Libraries\FEHIO.o
 .debug_info    0x0000a176      0x4ab Drivers\adc16.o
 .debug_info    0x0000a621      0xa42 Libraries\FEHBuzzer.o
 .debug_info    0x0000b063     0x1500 Libraries\FEHServo.o
 .debug_info    0x0000c563     0x2c25 Libraries\FEHLCD.o
 .debug_info    0x0000f188      0x26a Libraries\FEHAccel.o
 .debug_info    0x0000f3f2      0x3a9 Libraries\FEHBattery.o
 .debug_info    0x0000f79b      0xac3 Drivers\FEHXBee.o
 .debug_info    0x0001025e     0x1b23 Libraries\FEHRPS.o
 .debug_info    0x00011d81     0x16c8 Libraries\FEHSD.o
 .debug_info    0x00013449      0x1eb C:\fehqt\Proteus/EWL/lib/armv7e-m\libm.a(s_atanf.o)
 .debug_info    0x00013634      0x159 C:\fehqt\Proteus/EWL/lib/armv7e-m\libm.a(s_cosf.o)
 .debug_info    0x0001378d      0x155 C:\fehqt\Proteus/EWL/lib/armv7e-m\libm.a(s_sinf.o)
 .debug_info    0x000138e2       0xc7 C:\fehqt\Proteus/EWL/lib/armv7e-m\libm.a(w_powf.o)
 .debug_info    0x000139a9       0xba C:\fehqt\Proteus/EWL/lib/armv7e-m\libm.a(w_sqrtf.o)
 .debug_info    0x00013a63      0x4fa C:\fehqt\Proteus/EWL/lib/armv7e-m\libm.a(e_powf.o)
 .debug_info    0x00013f5d      0x2e9 C:\fehqt\Proteus/EWL/lib/armv7e-m\libm.a(e_rem_pio2f.o)
 .debug_info    0x00014246      0x1d5 C:\fehqt\Proteus/EWL/lib/armv7e-m\libm.a(e_sqrtf.o)
 .debug_info    0x0001441b      0x1d0 C:\fehqt\Proteus/EWL/lib/armv7e-m\libm.a(k_cosf.o)
 .debug_info    0x000145eb      0x305 C:\fehqt\Proteus/EWL/lib/armv7e-m\libm.a(k_rem_pio2f.o)
 .debug_info    0x000148f0      0x1c6 C:\fehqt\Proteus/EWL/lib/armv7e-m\libm.a(k_sinf.o)
 .debug_info    0x00014ab6      0x32c C:\fehqt\Proteus/EWL/lib/armv7e-m\libm.a(math_api.o)
 .debug_info    0x00014de2      0x14a C:\fehqt\Proteus/EWL/lib/armv7e-m\libm.a(s_floorf.o)
 .debug_info    0x00014f2c      0x18f C:\fehqt\Proteus/EWL/lib/armv7e-m\libm.a(s_scalbnf.o)
 .debug_info    0x000150bb       0xa5 C:\fehqt\Proteus/EWL/lib/armv7e-m\libc.a(errno.o)
 .debug_info    0x00015160      0x11f C:\fehqt\Proteus/EWL/lib/armv7e-m\libc.a(sprintf.o)
 .debug_info    0x0001527f      0x206 C:\fehqt\Proteus/EWL/lib/armv7e-m\libc.a(vsnprintf.o)
 .debug_info    0x00015485      0x103 C:\fehqt\Proteus/EWL/lib/armv7e-m\libc.a(exit.o)
 .debug_info    0x00015588      0x113 C:\fehqt\Proteus/EWL/lib/armv7e-m\libc.a(memcpy.o)
 .debug_info    0x0001569b       0xf4 C:\fehqt\Proteus/EWL/lib/armv7e-m\libc.a(memset.o)
 .debug_info    0x0001578f      0x10a C:\fehqt\Proteus/EWL/lib/armv7e-m\libc.a(strcpy.o)
 .debug_info    0x00015899       0xf3 C:\fehqt\Proteus/EWL/lib/armv7e-m\libc.a(strlen.o)
 .debug_info    0x0001598c      0x512 C:\fehqt\Proteus/EWL/lib/armv7e-m\libc.a(printformat_.o)
 .debug_info    0x00015e9e      0x564 C:\fehqt\Proteus/EWL/lib/armv7e-m\libc.a(scanformat_.o)
 .debug_info    0x00016402      0x32a C:\fehqt\Proteus/EWL/lib/armv7e-m\libc.a(ctype_aeabi.o)
 .debug_info    0x0001672c      0x1d7 C:\fehqt\Proteus/EWL/lib/armv7e-m\libc.a(__strtoul.o)
 .debug_info    0x00016903      0x13d C:\fehqt\Proteus/EWL/lib/armv7e-m\libc.a(__filll_mem.o)
 .debug_info    0x00016a40      0x129 C:\fehqt\Proteus/EWL/lib/armv7e-m\libc.a(memchr.o)
 .debug_info    0x00016b69      0x110 C:\fehqt\Proteus/EWL/lib/armv7e-m\libc.a(strchr.o)
 .debug_info    0x00016c79      0x1c0 C:\fehqt\Proteus/EWL/lib/armv7e-m\librt.a(gcc_ctor_dtor.o)
 .debug_info    0x00016e39      0x1b8 C:\fehqt\Proteus/EWL/lib/armv7e-m\librt.a(ROMCopy.o)
 .debug_info    0x00016ff1      0x2d2 C:\fehqt\Proteus/EWL/lib/armv7e-m\librt.a(__arm_eabi_init.o)

.debug_abbrev   0x00000000     0x4aff
 .debug_abbrev  0x00000000      0x3c2 ..\main.o
 .debug_abbrev  0x000003c2      0x28f Startup\__arm_start.o
 .debug_abbrev  0x00000651       0x45 Startup\__arm_end.o
 .debug_abbrev  0x00000696      0x1c3 Startup\kinetis_sysinit.o
 .debug_abbrev  0x00000859      0x18c Libraries\FEHMotor.o
 .debug_abbrev  0x000009e5       0xfc Drivers\i2c.o
 .debug_abbrev  0x00000ae1      0x18b Drivers\spi.o
 .debug_abbrev  0x00000c6c      0x15f Drivers\uart.o
 .debug_abbrev  0x00000dcb      0x18f Drivers\ff.o
 .debug_abbrev  0x00000f5a      0x223 Drivers\SDHC.o
 .debug_abbrev  0x0000117d       0xd2 Drivers\lptmr.o
 .debug_abbrev  0x0000124f      0x101 FEHProteus.o
 .debug_abbrev  0x00001350      0x1c6 Drivers\FEHPropeller.o
 .debug_abbrev  0x00001516      0x154 Libraries\FEHUtility.o
 .debug_abbrev  0x0000166a      0x448 Libraries\FEHIO.o
 .debug_abbrev  0x00001ab2      0x12a Drivers\adc16.o
 .debug_abbrev  0x00001bdc      0x1da Libraries\FEHBuzzer.o
 .debug_abbrev  0x00001db6      0x312 Libraries\FEHServo.o
 .debug_abbrev  0x000020c8      0x38c Libraries\FEHLCD.o
 .debug_abbrev  0x00002454      0x13b Libraries\FEHAccel.o
 .debug_abbrev  0x0000258f      0x1cb Libraries\FEHBattery.o
 .debug_abbrev  0x0000275a      0x231 Drivers\FEHXBee.o
 .debug_abbrev  0x0000298b      0x38c Libraries\FEHRPS.o
 .debug_abbrev  0x00002d17      0x357 Libraries\FEHSD.o
 .debug_abbrev  0x0000306e       0xe4 C:\fehqt\Proteus/EWL/lib/armv7e-m\libm.a(s_atanf.o)
 .debug_abbrev  0x00003152       0xb0 C:\fehqt\Proteus/EWL/lib/armv7e-m\libm.a(s_cosf.o)
 .debug_abbrev  0x00003202       0xbd C:\fehqt\Proteus/EWL/lib/armv7e-m\libm.a(s_sinf.o)
 .debug_abbrev  0x000032bf       0x5d C:\fehqt\Proteus/EWL/lib/armv7e-m\libm.a(w_powf.o)
 .debug_abbrev  0x0000331c       0x5d C:\fehqt\Proteus/EWL/lib/armv7e-m\libm.a(w_sqrtf.o)
 .debug_abbrev  0x00003379      0x13a C:\fehqt\Proteus/EWL/lib/armv7e-m\libm.a(e_powf.o)
 .debug_abbrev  0x000034b3      0x109 C:\fehqt\Proteus/EWL/lib/armv7e-m\libm.a(e_rem_pio2f.o)
 .debug_abbrev  0x000035bc       0xe3 C:\fehqt\Proteus/EWL/lib/armv7e-m\libm.a(e_sqrtf.o)
 .debug_abbrev  0x0000369f       0xb4 C:\fehqt\Proteus/EWL/lib/armv7e-m\libm.a(k_cosf.o)
 .debug_abbrev  0x00003753      0x104 C:\fehqt\Proteus/EWL/lib/armv7e-m\libm.a(k_rem_pio2f.o)
 .debug_abbrev  0x00003857       0xc3 C:\fehqt\Proteus/EWL/lib/armv7e-m\libm.a(k_sinf.o)
 .debug_abbrev  0x0000391a      0x136 C:\fehqt\Proteus/EWL/lib/armv7e-m\libm.a(math_api.o)
 .debug_abbrev  0x00003a50       0xa7 C:\fehqt\Proteus/EWL/lib/armv7e-m\libm.a(s_floorf.o)
 .debug_abbrev  0x00003af7       0xb4 C:\fehqt\Proteus/EWL/lib/armv7e-m\libm.a(s_scalbnf.o)
 .debug_abbrev  0x00003bab       0x48 C:\fehqt\Proteus/EWL/lib/armv7e-m\libc.a(errno.o)
 .debug_abbrev  0x00003bf3       0xb5 C:\fehqt\Proteus/EWL/lib/armv7e-m\libc.a(sprintf.o)
 .debug_abbrev  0x00003ca8       0xf4 C:\fehqt\Proteus/EWL/lib/armv7e-m\libc.a(vsnprintf.o)
 .debug_abbrev  0x00003d9c       0x8f C:\fehqt\Proteus/EWL/lib/armv7e-m\libc.a(exit.o)
 .debug_abbrev  0x00003e2b       0x97 C:\fehqt\Proteus/EWL/lib/armv7e-m\libc.a(memcpy.o)
 .debug_abbrev  0x00003ec2       0x66 C:\fehqt\Proteus/EWL/lib/armv7e-m\libc.a(memset.o)
 .debug_abbrev  0x00003f28       0x7c C:\fehqt\Proteus/EWL/lib/armv7e-m\libc.a(strcpy.o)
 .debug_abbrev  0x00003fa4       0x7e C:\fehqt\Proteus/EWL/lib/armv7e-m\libc.a(strlen.o)
 .debug_abbrev  0x00004022      0x204 C:\fehqt\Proteus/EWL/lib/armv7e-m\libc.a(printformat_.o)
 .debug_abbrev  0x00004226      0x1fb C:\fehqt\Proteus/EWL/lib/armv7e-m\libc.a(scanformat_.o)
 .debug_abbrev  0x00004421       0x9a C:\fehqt\Proteus/EWL/lib/armv7e-m\libc.a(ctype_aeabi.o)
 .debug_abbrev  0x000044bb       0xc6 C:\fehqt\Proteus/EWL/lib/armv7e-m\libc.a(__strtoul.o)
 .debug_abbrev  0x00004581       0x8b C:\fehqt\Proteus/EWL/lib/armv7e-m\libc.a(__filll_mem.o)
 .debug_abbrev  0x0000460c       0x99 C:\fehqt\Proteus/EWL/lib/armv7e-m\libc.a(memchr.o)
 .debug_abbrev  0x000046a5       0x8d C:\fehqt\Proteus/EWL/lib/armv7e-m\libc.a(strchr.o)
 .debug_abbrev  0x00004732       0x9d C:\fehqt\Proteus/EWL/lib/armv7e-m\librt.a(gcc_ctor_dtor.o)
 .debug_abbrev  0x000047cf      0x160 C:\fehqt\Proteus/EWL/lib/armv7e-m\librt.a(ROMCopy.o)
 .debug_abbrev  0x0000492f      0x1d0 C:\fehqt\Proteus/EWL/lib/armv7e-m\librt.a(__arm_eabi_init.o)

.debug_loc      0x00000000     0x87ae
 .debug_loc     0x00000000      0x712 ..\main.o
 .debug_loc     0x00000712       0xb0 Startup\__arm_start.o
 .debug_loc     0x000007c2       0x38 Startup\__arm_end.o
 .debug_loc     0x000007fa       0x84 Startup\kinetis_sysinit.o
 .debug_loc     0x0000087e       0xe0 Libraries\FEHMotor.o
 .debug_loc     0x0000095e       0xe0 Drivers\i2c.o
 .debug_loc     0x00000a3e      0x19c Drivers\spi.o
 .debug_loc     0x00000bda       0xe0 Drivers\uart.o
 .debug_loc     0x00000cba      0xa96 Drivers\ff.o
 .debug_loc     0x00001750      0x370 Drivers\SDHC.o
 .debug_loc     0x00001ac0       0x38 Drivers\lptmr.o
 .debug_loc     0x00001af8       0x64 FEHProteus.o
 .debug_loc     0x00001b5c      0x118 Drivers\FEHPropeller.o
 .debug_loc     0x00001c74      0x1a8 Libraries\FEHUtility.o
 .debug_loc     0x00001e1c      0x8d6 Libraries\FEHIO.o
 .debug_loc     0x000026f2       0xa8 Drivers\adc16.o
 .debug_loc     0x0000279a      0x304 Libraries\FEHBuzzer.o
 .debug_loc     0x00002a9e      0x1fa Libraries\FEHServo.o
 .debug_loc     0x00002c98     0x1147 Libraries\FEHLCD.o
 .debug_loc     0x00003ddf      0x144 Libraries\FEHAccel.o
 .debug_loc     0x00003f23       0xd4 Libraries\FEHBattery.o
 .debug_loc     0x00003ff7      0x1c0 Drivers\FEHXBee.o
 .debug_loc     0x000041b7      0x3e8 Libraries\FEHRPS.o
 .debug_loc     0x0000459f      0x24a Libraries\FEHSD.o
 .debug_loc     0x000047e9      0x1c0 C:\fehqt\Proteus/EWL/lib/armv7e-m\libm.a(s_atanf.o)
 .debug_loc     0x000049a9       0xf8 C:\fehqt\Proteus/EWL/lib/armv7e-m\libm.a(s_cosf.o)
 .debug_loc     0x00004aa1       0xae C:\fehqt\Proteus/EWL/lib/armv7e-m\libm.a(s_sinf.o)
 .debug_loc     0x00004b4f       0x26 C:\fehqt\Proteus/EWL/lib/armv7e-m\libm.a(w_powf.o)
 .debug_loc     0x00004b75       0x13 C:\fehqt\Proteus/EWL/lib/armv7e-m\libm.a(w_sqrtf.o)
 .debug_loc     0x00004b88      0x6d0 C:\fehqt\Proteus/EWL/lib/armv7e-m\libm.a(e_powf.o)
 .debug_loc     0x00005258      0x321 C:\fehqt\Proteus/EWL/lib/armv7e-m\libm.a(e_rem_pio2f.o)
 .debug_loc     0x00005579      0x110 C:\fehqt\Proteus/EWL/lib/armv7e-m\libm.a(e_sqrtf.o)
 .debug_loc     0x00005689       0xf7 C:\fehqt\Proteus/EWL/lib/armv7e-m\libm.a(k_cosf.o)
 .debug_loc     0x00005780      0x654 C:\fehqt\Proteus/EWL/lib/armv7e-m\libm.a(k_rem_pio2f.o)
 .debug_loc     0x00005dd4       0xdf C:\fehqt\Proteus/EWL/lib/armv7e-m\libm.a(k_sinf.o)
 .debug_loc     0x00005eb3      0x27c C:\fehqt\Proteus/EWL/lib/armv7e-m\libm.a(math_api.o)
 .debug_loc     0x0000612f       0xcf C:\fehqt\Proteus/EWL/lib/armv7e-m\libm.a(s_floorf.o)
 .debug_loc     0x000061fe       0xe5 C:\fehqt\Proteus/EWL/lib/armv7e-m\libm.a(s_scalbnf.o)
 .debug_loc     0x000062e3       0x3f C:\fehqt\Proteus/EWL/lib/armv7e-m\libc.a(sprintf.o)
 .debug_loc     0x00006322      0x105 C:\fehqt\Proteus/EWL/lib/armv7e-m\libc.a(vsnprintf.o)
 .debug_loc     0x00006427       0x3e C:\fehqt\Proteus/EWL/lib/armv7e-m\libc.a(exit.o)
 .debug_loc     0x00006465       0x46 C:\fehqt\Proteus/EWL/lib/armv7e-m\libc.a(memcpy.o)
 .debug_loc     0x000064ab       0x64 C:\fehqt\Proteus/EWL/lib/armv7e-m\libc.a(memset.o)
 .debug_loc     0x0000650f       0x20 C:\fehqt\Proteus/EWL/lib/armv7e-m\libc.a(strcpy.o)
 .debug_loc     0x0000652f       0x31 C:\fehqt\Proteus/EWL/lib/armv7e-m\libc.a(strlen.o)
 .debug_loc     0x00006560     0x106f C:\fehqt\Proteus/EWL/lib/armv7e-m\libc.a(printformat_.o)
 .debug_loc     0x000075cf      0x8cb C:\fehqt\Proteus/EWL/lib/armv7e-m\libc.a(scanformat_.o)
 .debug_loc     0x00007e9a      0x18e C:\fehqt\Proteus/EWL/lib/armv7e-m\libc.a(ctype_aeabi.o)
 .debug_loc     0x00008028      0x2ad C:\fehqt\Proteus/EWL/lib/armv7e-m\libc.a(__strtoul.o)
 .debug_loc     0x000082d5      0x12c C:\fehqt\Proteus/EWL/lib/armv7e-m\libc.a(__filll_mem.o)
 .debug_loc     0x00008401       0x82 C:\fehqt\Proteus/EWL/lib/armv7e-m\libc.a(memchr.o)
 .debug_loc     0x00008483       0x78 C:\fehqt\Proteus/EWL/lib/armv7e-m\libc.a(strchr.o)
 .debug_loc     0x000084fb       0xbe C:\fehqt\Proteus/EWL/lib/armv7e-m\librt.a(gcc_ctor_dtor.o)
 .debug_loc     0x000085b9       0x9b C:\fehqt\Proteus/EWL/lib/armv7e-m\librt.a(ROMCopy.o)
 .debug_loc     0x00008654      0x15a C:\fehqt\Proteus/EWL/lib/armv7e-m\librt.a(__arm_eabi_init.o)

.debug_aranges  0x00000000     0x11a8
 .debug_aranges
                0x00000000      0x128 ..\main.o
 .debug_aranges
                0x00000128       0x48 Startup\__arm_start.o
 .debug_aranges
                0x00000170       0x20 Startup\__arm_end.o
 .debug_aranges
                0x00000190       0x30 Startup\kinetis_sysinit.o
 .debug_aranges
                0x000001c0       0x38 Libraries\FEHMotor.o
 .debug_aranges
                0x000001f8       0x38 Drivers\i2c.o
 .debug_aranges
                0x00000230       0x58 Drivers\spi.o
 .debug_aranges
                0x00000288       0x38 Drivers\uart.o
 .debug_aranges
                0x000002c0      0x198 Drivers\ff.o
 .debug_aranges
                0x00000458       0x98 Drivers\SDHC.o
 .debug_aranges
                0x000004f0       0x20 Drivers\lptmr.o
 .debug_aranges
                0x00000510       0x28 FEHProteus.o
 .debug_aranges
                0x00000538       0x40 Drivers\FEHPropeller.o
 .debug_aranges
                0x00000578       0x58 Libraries\FEHUtility.o
 .debug_aranges
                0x000005d0      0x160 Libraries\FEHIO.o
 .debug_aranges
                0x00000730       0x30 Drivers\adc16.o
 .debug_aranges
                0x00000760       0x88 Libraries\FEHBuzzer.o
 .debug_aranges
                0x000007e8       0x60 Libraries\FEHServo.o
 .debug_aranges
                0x00000848      0x290 Libraries\FEHLCD.o
 .debug_aranges
                0x00000ad8       0x48 Libraries\FEHAccel.o
 .debug_aranges
                0x00000b20       0x38 Libraries\FEHBattery.o
 .debug_aranges
                0x00000b58       0x58 Drivers\FEHXBee.o
 .debug_aranges
                0x00000bb0       0xa8 Libraries\FEHRPS.o
 .debug_aranges
                0x00000c58       0x68 Libraries\FEHSD.o
 .debug_aranges
                0x00000cc0       0x20 C:\fehqt\Proteus/EWL/lib/armv7e-m\libm.a(s_atanf.o)
 .debug_aranges
                0x00000ce0       0x20 C:\fehqt\Proteus/EWL/lib/armv7e-m\libm.a(s_cosf.o)
 .debug_aranges
                0x00000d00       0x20 C:\fehqt\Proteus/EWL/lib/armv7e-m\libm.a(s_sinf.o)
 .debug_aranges
                0x00000d20       0x20 C:\fehqt\Proteus/EWL/lib/armv7e-m\libm.a(w_powf.o)
 .debug_aranges
                0x00000d40       0x20 C:\fehqt\Proteus/EWL/lib/armv7e-m\libm.a(w_sqrtf.o)
 .debug_aranges
                0x00000d60       0x20 C:\fehqt\Proteus/EWL/lib/armv7e-m\libm.a(e_powf.o)
 .debug_aranges
                0x00000d80       0x20 C:\fehqt\Proteus/EWL/lib/armv7e-m\libm.a(e_rem_pio2f.o)
 .debug_aranges
                0x00000da0       0x20 C:\fehqt\Proteus/EWL/lib/armv7e-m\libm.a(e_sqrtf.o)
 .debug_aranges
                0x00000dc0       0x20 C:\fehqt\Proteus/EWL/lib/armv7e-m\libm.a(k_cosf.o)
 .debug_aranges
                0x00000de0       0x20 C:\fehqt\Proteus/EWL/lib/armv7e-m\libm.a(k_rem_pio2f.o)
 .debug_aranges
                0x00000e00       0x20 C:\fehqt\Proteus/EWL/lib/armv7e-m\libm.a(k_sinf.o)
 .debug_aranges
                0x00000e20       0x60 C:\fehqt\Proteus/EWL/lib/armv7e-m\libm.a(math_api.o)
 .debug_aranges
                0x00000e80       0x20 C:\fehqt\Proteus/EWL/lib/armv7e-m\libm.a(s_floorf.o)
 .debug_aranges
                0x00000ea0       0x20 C:\fehqt\Proteus/EWL/lib/armv7e-m\libm.a(s_scalbnf.o)
 .debug_aranges
                0x00000ec0       0x20 C:\fehqt\Proteus/EWL/lib/armv7e-m\libc.a(sprintf.o)
 .debug_aranges
                0x00000ee0       0x28 C:\fehqt\Proteus/EWL/lib/armv7e-m\libc.a(vsnprintf.o)
 .debug_aranges
                0x00000f08       0x20 C:\fehqt\Proteus/EWL/lib/armv7e-m\libc.a(exit.o)
 .debug_aranges
                0x00000f28       0x20 C:\fehqt\Proteus/EWL/lib/armv7e-m\libc.a(memcpy.o)
 .debug_aranges
                0x00000f48       0x20 C:\fehqt\Proteus/EWL/lib/armv7e-m\libc.a(memset.o)
 .debug_aranges
                0x00000f68       0x20 C:\fehqt\Proteus/EWL/lib/armv7e-m\libc.a(strcpy.o)
 .debug_aranges
                0x00000f88       0x20 C:\fehqt\Proteus/EWL/lib/armv7e-m\libc.a(strlen.o)
 .debug_aranges
                0x00000fa8       0x28 C:\fehqt\Proteus/EWL/lib/armv7e-m\libc.a(printformat_.o)
 .debug_aranges
                0x00000fd0       0x20 C:\fehqt\Proteus/EWL/lib/armv7e-m\libc.a(scanformat_.o)
 .debug_aranges
                0x00000ff0       0x88 C:\fehqt\Proteus/EWL/lib/armv7e-m\libc.a(ctype_aeabi.o)
 .debug_aranges
                0x00001078       0x20 C:\fehqt\Proteus/EWL/lib/armv7e-m\libc.a(__strtoul.o)
 .debug_aranges
                0x00001098       0x20 C:\fehqt\Proteus/EWL/lib/armv7e-m\libc.a(__filll_mem.o)
 .debug_aranges
                0x000010b8       0x20 C:\fehqt\Proteus/EWL/lib/armv7e-m\libc.a(memchr.o)
 .debug_aranges
                0x000010d8       0x20 C:\fehqt\Proteus/EWL/lib/armv7e-m\libc.a(strchr.o)
 .debug_aranges
                0x000010f8       0x28 C:\fehqt\Proteus/EWL/lib/armv7e-m\librt.a(gcc_ctor_dtor.o)
 .debug_aranges
                0x00001120       0x30 C:\fehqt\Proteus/EWL/lib/armv7e-m\librt.a(ROMCopy.o)
 .debug_aranges
                0x00001150       0x58 C:\fehqt\Proteus/EWL/lib/armv7e-m\librt.a(__arm_eabi_init.o)

.debug_line     0x00000000     0x934d
 .debug_line    0x00000000      0xa25 ..\main.o
 .debug_line    0x00000a25      0x3ad Startup\__arm_start.o
 .debug_line    0x00000dd2      0x21a Startup\__arm_end.o
 .debug_line    0x00000fec      0x291 Startup\kinetis_sysinit.o
 .debug_line    0x0000127d      0x237 Libraries\FEHMotor.o
 .debug_line    0x000014b4      0x2ad Drivers\i2c.o
 .debug_line    0x00001761      0x295 Drivers\spi.o
 .debug_line    0x000019f6      0x212 Drivers\uart.o
 .debug_line    0x00001c08     0x1114 Drivers\ff.o
 .debug_line    0x00002d1c      0x678 Drivers\SDHC.o
 .debug_line    0x00003394      0x1c0 Drivers\lptmr.o
 .debug_line    0x00003554      0x1da FEHProteus.o
 .debug_line    0x0000372e      0x264 Drivers\FEHPropeller.o
 .debug_line    0x00003992      0x282 Libraries\FEHUtility.o
 .debug_line    0x00003c14      0x6ee Libraries\FEHIO.o
 .debug_line    0x00004302      0x20f Drivers\adc16.o
 .debug_line    0x00004511      0x2df Libraries\FEHBuzzer.o
 .debug_line    0x000047f0      0x545 Libraries\FEHServo.o
 .debug_line    0x00004d35     0x1151 Libraries\FEHLCD.o
 .debug_line    0x00005e86      0x23f Libraries\FEHAccel.o
 .debug_line    0x000060c5      0x218 Libraries\FEHBattery.o
 .debug_line    0x000062dd      0x349 Drivers\FEHXBee.o
 .debug_line    0x00006626      0x746 Libraries\FEHRPS.o
 .debug_line    0x00006d6c      0x3fa Libraries\FEHSD.o
 .debug_line    0x00007166       0xe6 C:\fehqt\Proteus/EWL/lib/armv7e-m\libm.a(s_atanf.o)
 .debug_line    0x0000724c       0xc0 C:\fehqt\Proteus/EWL/lib/armv7e-m\libm.a(s_cosf.o)
 .debug_line    0x0000730c       0xc6 C:\fehqt\Proteus/EWL/lib/armv7e-m\libm.a(s_sinf.o)
 .debug_line    0x000073d2       0x76 C:\fehqt\Proteus/EWL/lib/armv7e-m\libm.a(w_powf.o)
 .debug_line    0x00007448       0x77 C:\fehqt\Proteus/EWL/lib/armv7e-m\libm.a(w_sqrtf.o)
 .debug_line    0x000074bf      0x1f0 C:\fehqt\Proteus/EWL/lib/armv7e-m\libm.a(e_powf.o)
 .debug_line    0x000076af      0x11b C:\fehqt\Proteus/EWL/lib/armv7e-m\libm.a(e_rem_pio2f.o)
 .debug_line    0x000077ca       0xf0 C:\fehqt\Proteus/EWL/lib/armv7e-m\libm.a(e_sqrtf.o)
 .debug_line    0x000078ba       0xbc C:\fehqt\Proteus/EWL/lib/armv7e-m\libm.a(k_cosf.o)
 .debug_line    0x00007976      0x433 C:\fehqt\Proteus/EWL/lib/armv7e-m\libm.a(k_rem_pio2f.o)
 .debug_line    0x00007da9       0xab C:\fehqt\Proteus/EWL/lib/armv7e-m\libm.a(k_sinf.o)
 .debug_line    0x00007e54      0x178 C:\fehqt\Proteus/EWL/lib/armv7e-m\libm.a(math_api.o)
 .debug_line    0x00007fcc       0xc4 C:\fehqt\Proteus/EWL/lib/armv7e-m\libm.a(s_floorf.o)
 .debug_line    0x00008090       0xc7 C:\fehqt\Proteus/EWL/lib/armv7e-m\libm.a(s_scalbnf.o)
 .debug_line    0x00008157       0x4d C:\fehqt\Proteus/EWL/lib/armv7e-m\libc.a(errno.o)
 .debug_line    0x000081a4       0x94 C:\fehqt\Proteus/EWL/lib/armv7e-m\libc.a(sprintf.o)
 .debug_line    0x00008238       0xd2 C:\fehqt\Proteus/EWL/lib/armv7e-m\libc.a(vsnprintf.o)
 .debug_line    0x0000830a       0x94 C:\fehqt\Proteus/EWL/lib/armv7e-m\libc.a(exit.o)
 .debug_line    0x0000839e       0x8d C:\fehqt\Proteus/EWL/lib/armv7e-m\libc.a(memcpy.o)
 .debug_line    0x0000842b       0x8f C:\fehqt\Proteus/EWL/lib/armv7e-m\libc.a(memset.o)
 .debug_line    0x000084ba       0x8e C:\fehqt\Proteus/EWL/lib/armv7e-m\libc.a(strcpy.o)
 .debug_line    0x00008548       0x89 C:\fehqt\Proteus/EWL/lib/armv7e-m\libc.a(strlen.o)
 .debug_line    0x000085d1      0x2c6 C:\fehqt\Proteus/EWL/lib/armv7e-m\libc.a(printformat_.o)
 .debug_line    0x00008897      0x2e3 C:\fehqt\Proteus/EWL/lib/armv7e-m\libc.a(scanformat_.o)
 .debug_line    0x00008b7a      0x1dd C:\fehqt\Proteus/EWL/lib/armv7e-m\libc.a(ctype_aeabi.o)
 .debug_line    0x00008d57      0x141 C:\fehqt\Proteus/EWL/lib/armv7e-m\libc.a(__strtoul.o)
 .debug_line    0x00008e98      0x121 C:\fehqt\Proteus/EWL/lib/armv7e-m\libc.a(__filll_mem.o)
 .debug_line    0x00008fb9       0xa3 C:\fehqt\Proteus/EWL/lib/armv7e-m\libc.a(memchr.o)
 .debug_line    0x0000905c       0x84 C:\fehqt\Proteus/EWL/lib/armv7e-m\libc.a(strchr.o)
 .debug_line    0x000090e0       0x94 C:\fehqt\Proteus/EWL/lib/armv7e-m\librt.a(gcc_ctor_dtor.o)
 .debug_line    0x00009174       0xc0 C:\fehqt\Proteus/EWL/lib/armv7e-m\librt.a(ROMCopy.o)
 .debug_line    0x00009234      0x119 C:\fehqt\Proteus/EWL/lib/armv7e-m\librt.a(__arm_eabi_init.o)

.debug_macinfo  0x00000000   0x89f090
 .debug_macinfo
                0x00000000    0x68026 ..\main.o
 .debug_macinfo
                0x00068026    0x647fb Startup\__arm_start.o
 .debug_macinfo
                0x000cc821     0x3464 Startup\__arm_end.o
 .debug_macinfo
                0x000cfc85    0x64cce Startup\kinetis_sysinit.o
 .debug_macinfo
                0x00134953    0x6305c Libraries\FEHMotor.o
 .debug_macinfo
                0x001979af    0x6318f Drivers\i2c.o
 .debug_macinfo
                0x001fab3e    0x62fd6 Drivers\spi.o
 .debug_macinfo
                0x0025db14    0x62fc7 Drivers\uart.o
 .debug_macinfo
                0x002c0adb     0x4396 Drivers\ff.o
 .debug_macinfo
                0x002c4e71    0x6452b Drivers\SDHC.o
 .debug_macinfo
                0x0032939c    0x63036 Drivers\lptmr.o
 .debug_macinfo
                0x0038c3d2    0x62fdc FEHProteus.o
 .debug_macinfo
                0x003ef3ae    0x63085 Drivers\FEHPropeller.o
 .debug_macinfo
                0x00452433    0x62ff1 Libraries\FEHUtility.o
 .debug_macinfo
                0x004b5424    0x64348 Libraries\FEHIO.o
 .debug_macinfo
                0x0051976c    0x63678 Drivers\adc16.o
 .debug_macinfo
                0x0057cde4    0x6301e Libraries\FEHBuzzer.o
 .debug_macinfo
                0x005dfe02    0x64476 Libraries\FEHServo.o
 .debug_macinfo
                0x00644278    0x649ab Libraries\FEHLCD.o
 .debug_macinfo
                0x006a8c23    0x631be Libraries\FEHAccel.o
 .debug_macinfo
                0x0070bde1    0x636a3 Libraries\FEHBattery.o
 .debug_macinfo
                0x0076f484    0x63d5d Drivers\FEHXBee.o
 .debug_macinfo
                0x007d31e1    0x66196 Libraries\FEHRPS.o
 .debug_macinfo
                0x00839377    0x65d19 Libraries\FEHSD.o

.debug_str      0x00000000     0x572c
 .debug_str     0x00000000     0x1a28 ..\main.o
                               0x1b33 (size before relaxing)
 .debug_str     0x00001a28      0x338 Startup\__arm_start.o
                                0xe7e (size before relaxing)
 .debug_str     0x00001d60       0x23 Startup\__arm_end.o
                                 0xd2 (size before relaxing)
 .debug_str     0x00001d83      0x154 Startup\kinetis_sysinit.o
                                0x3f3 (size before relaxing)
 .debug_str     0x00001ed7       0x2f Libraries\FEHMotor.o
                                0x2f0 (size before relaxing)
 .debug_str     0x00001f06      0x11a Drivers\i2c.o
                                0x219 (size before relaxing)
 .debug_str     0x00002020      0x18b Drivers\spi.o
                                0x3d2 (size before relaxing)
 .debug_str     0x000021ab      0x188 Drivers\uart.o
                                0x367 (size before relaxing)
 .debug_str     0x00002333      0x6b0 Drivers\ff.o
                                0x86a (size before relaxing)
 .debug_str     0x000029e3      0x546 Drivers\SDHC.o
                                0x840 (size before relaxing)
 .debug_str     0x00002f29       0x5a Drivers\lptmr.o
                                0x220 (size before relaxing)
 .debug_str     0x00002f83       0x28 FEHProteus.o
                                0x26c (size before relaxing)
 .debug_str     0x00002fab       0x25 Drivers\FEHPropeller.o
                                0x3ad (size before relaxing)
 .debug_str     0x00002fd0       0xc0 Libraries\FEHUtility.o
                                0x1f1 (size before relaxing)
 .debug_str     0x00003090      0xdf2 Libraries\FEHIO.o
                               0x12c2 (size before relaxing)
 .debug_str     0x00003e82       0xd7 Drivers\adc16.o
                                0x2b1 (size before relaxing)
 .debug_str     0x00003f59      0x1ba Libraries\FEHBuzzer.o
                                0x3c3 (size before relaxing)
 .debug_str     0x00004113      0x24c Libraries\FEHServo.o
                               0x1123 (size before relaxing)
 .debug_str     0x0000435f      0x2c3 Libraries\FEHLCD.o
                               0x1124 (size before relaxing)
 .debug_str     0x00004622       0x68 Libraries\FEHAccel.o
                                0x1b5 (size before relaxing)