Archive member included because of file (symbol)

C:\fehqt\Proteus/EWL/lib/armv7e-m\libm.a(s_atanf.o)
                              ..\main.o (atanf)
C:\fehqt\Proteus/EWL/lib/armv7e-m\libm.a(s_cosf.o)
                              ..\main.o (cosf)
C:\fehqt\Proteus/EWL/lib/armv7e-m\libm.a(s_sinf.o)
                              ..\main.o (sinf)
C:\fehqt\Proteus/EWL/lib/armv7e-m\libm.a(w_fmod.o)
                              ..\main.o (fmod)
C:\fehqt\Proteus/EWL/lib/armv7e-m\libm.a(w_powf.o)
                              ..\main.o (powf)
C:\fehqt\Proteus/EWL/lib/armv7e-m\libm.a(w_sqrtf.o)
                              ..\main.o (sqrtf)
C:\fehqt\Proteus/EWL/lib/armv7e-m\libm.a(e_fmod.o)
                              C:\fehqt\Proteus/EWL/lib/armv7e-m\libm.a(w_fmod.o) (__ieee754_fmod)
C:\fehqt\Proteus/EWL/lib/armv7e-m\libm.a(e_powf.o)
                              C:\fehqt\Proteus/EWL/lib/armv7e-m\libm.a(w_powf.o) (__ieee754_powf)
C:\fehqt\Proteus/EWL/lib/armv7e-m\libm.a(e_rem_pio2f.o)
                              C:\fehqt\Proteus/EWL/lib/armv7e-m\libm.a(s_cosf.o) (__ieee754_rem_pio2f)
C:\fehqt\Proteus/EWL/lib/armv7e-m\libm.a(e_sqrtf.o)
                              C:\fehqt\Proteus/EWL/lib/armv7e-m\libm.a(w_sqrtf.o) (__ieee754_sqrtf)
C:\fehqt\Proteus/EWL/lib/armv7e-m\libm.a(k_cosf.o)
                              C:\fehqt\Proteus/EWL/lib/armv7e-m\libm.a(s_cosf.o) (__kernel_cosf)
C:\fehqt\Proteus/EWL/lib/armv7e-m\libm.a(k_rem_pio2f.o)
                              C:\fehqt\Proteus/EWL/lib/armv7e-m\libm.a(e_rem_pio2f.o) (__kernel_rem_pio2f)
C:\fehqt\Proteus/EWL/lib/armv7e-m\libm.a(k_sinf.o)
                              C:\fehqt\Proteus/EWL/lib/armv7e-m\libm.a(s_cosf.o) (__kernel_sinf)
C:\fehqt\Proteus/EWL/lib/armv7e-m\libm.a(math_api.o)
                              C:\fehqt\Proteus/EWL/lib/armv7e-m\libm.a(e_powf.o) (__fpclassifyf)
C:\fehqt\Proteus/EWL/lib/armv7e-m\libm.a(s_floorf.o)
                              C:\fehqt\Proteus/EWL/lib/armv7e-m\libm.a(k_rem_pio2f.o) (floorf)
C:\fehqt\Proteus/EWL/lib/armv7e-m\libm.a(s_scalbnf.o)
                              C:\fehqt\Proteus/EWL/lib/armv7e-m\libm.a(e_powf.o) (scalbnf)
C:\fehqt\Proteus/EWL/lib/armv7e-m\libc.a(errno.o)
                              C:\fehqt\Proteus/EWL/lib/armv7e-m\libm.a(e_fmod.o) (errno)
C:\fehqt\Proteus/EWL/lib/armv7e-m\libc.a(sprintf.o)
                              Libraries\FEHLCD.o (sprintf)
C:\fehqt\Proteus/EWL/lib/armv7e-m\libc.a(vsnprintf.o)
                              C:\fehqt\Proteus/EWL/lib/armv7e-m\libc.a(sprintf.o) (vsnprintf)
C:\fehqt\Proteus/EWL/lib/armv7e-m\libc.a(vsscanf.o)
                              Libraries\FEHSD.o (vsscanf)
C:\fehqt\Proteus/EWL/lib/armv7e-m\libc.a(exit.o)
                              Startup\__arm_start.o (exit)
C:\fehqt\Proteus/EWL/lib/armv7e-m\libc.a(memcpy.o)
                              C:\fehqt\Proteus/EWL/lib/armv7e-m\libc.a(vsnprintf.o) (memcpy)
C:\fehqt\Proteus/EWL/lib/armv7e-m\libc.a(memset.o)
                              Startup\__arm_start.o (memset)
C:\fehqt\Proteus/EWL/lib/armv7e-m\libc.a(strcmp.o)
                              Libraries\FEHLCD.o (strcmp)
C:\fehqt\Proteus/EWL/lib/armv7e-m\libc.a(strcpy.o)
                              Libraries\FEHLCD.o (strcpy)
C:\fehqt\Proteus/EWL/lib/armv7e-m\libc.a(strlen.o)
                              Libraries\FEHLCD.o (strlen)
C:\fehqt\Proteus/EWL/lib/armv7e-m\libc.a(math_ARM.o)
                              C:\fehqt\Proteus/EWL/lib/armv7e-m\libm.a(math_api.o) (__ewl_count_bits32)
C:\fehqt\Proteus/EWL/lib/armv7e-m\libc.a(printformat_.o)
                              (__pformatter_)
C:\fehqt\Proteus/EWL/lib/armv7e-m\libc.a(scanformat_.o)
                              (__sformatter)
C:\fehqt\Proteus/EWL/lib/armv7e-m\libc.a(ctype_aeabi.o)
                              C:\fehqt\Proteus/EWL/lib/armv7e-m\libc.a(scanformat_.o) (isspace)
C:\fehqt\Proteus/EWL/lib/armv7e-m\libc.a(__strtoul.o)
                              C:\fehqt\Proteus/EWL/lib/armv7e-m\libc.a(scanformat_.o) (__strtoul)
C:\fehqt\Proteus/EWL/lib/armv7e-m\libc.a(__filll_mem.o)
                              C:\fehqt\Proteus/EWL/lib/armv7e-m\libc.a(memset.o) (__fill_mem)
C:\fehqt\Proteus/EWL/lib/armv7e-m\libc.a(memchr.o)
                              C:\fehqt\Proteus/EWL/lib/armv7e-m\libc.a(printformat_.o) (memchr)
C:\fehqt\Proteus/EWL/lib/armv7e-m\libc.a(strchr.o)
                              C:\fehqt\Proteus/EWL/lib/armv7e-m\libc.a(printformat_.o) (strchr)
c:/fehqt/proteus/gcc/bin/../lib/gcc/arm-none-eabi/4.6.2/armv7e-m\libgcc.a(_lshrdi3.o)
                              C:\fehqt\Proteus/EWL/lib/armv7e-m\libc.a(math_ARM.o) (__aeabi_llsr)
c:/fehqt/proteus/gcc/bin/../lib/gcc/arm-none-eabi/4.6.2/armv7e-m\libgcc.a(_ashldi3.o)
                              C:\fehqt\Proteus/EWL/lib/armv7e-m\libc.a(math_ARM.o) (__aeabi_llsl)
c:/fehqt/proteus/gcc/bin/../lib/gcc/arm-none-eabi/4.6.2/armv7e-m\libgcc.a(_arm_addsubdf3.o)
                              Libraries\FEHLCD.o (__aeabi_dsub)
[...]
Memory Configuration

Name             Origin             Length             Attributes
m_interrupts     0x0000c000         0x00000400         xr
m_cfmprotrom     0x0000c400         0x00000010         xr
m_text           0x0000c410         0x00073bf0         xr
m_data           0x1fff0400         0x0000fc00         xrw
m_data2          0x20000000         0x00010000         xrw
*default*        0x00000000         0xffffffff

Linker script and memory map

LOAD ..\main.o
LOAD Startup\__arm_start.o
LOAD Startup\__arm_end.o
LOAD Startup\kinetis_sysinit.o
LOAD Libraries\FEHMotor.o
LOAD Drivers\mcg.o
LOAD Drivers\i2c.o
LOAD Drivers\spi.o
LOAD Drivers\uart.o
LOAD Drivers\ff.o
LOAD Drivers\SDHC.o
LOAD Drivers\lptmr.o
LOAD FEHProteus.o
LOAD Drivers\FEHPropeller.o
LOAD Libraries\FEHUtility.o
LOAD Libraries\FEHIO.o
LOAD Drivers\adc16.o
LOAD Libraries\FEHBuzzer.o
LOAD Libraries\FEHServo.o
LOAD Libraries\FEHLCD.o
LOAD Libraries\FEHAccel.o
LOAD Libraries\FEHBattery.o
LOAD Drivers\FEHXBee.o
LOAD Libraries\FEHRPS.o
LOAD Libraries\FEHSD.o
                0x0001ed38                __pformatter = __pformatter_
                [0x0001f130]                __sformatter = __sformatter
LOAD C:\fehqt\Proteus/EWL/lib/armv7e-m\libstdc++.a
LOAD C:\fehqt\Proteus/EWL/lib/armv7e-m\libm.a
START GROUP
LOAD C:\fehqt\Proteus/EWL/lib/armv7e-m\libc.a
LOAD C:\fehqt\Proteus/EWL/lib/armv7e-m\libc++.a
LOAD C:\fehqt\Proteus/EWL/lib/armv7e-m\libm.a
LOAD c:/fehqt/proteus/gcc/bin/../lib/gcc/arm-none-eabi/4.6.2/armv7e-m\libgcc.a
LOAD C:\fehqt\Proteus/EWL/lib/armv7e-m\librt.a
LOAD c:/fehqt/proteus/gcc/bin/../lib/gcc/arm-none-eabi/4.6.2/../../../../arm-none-eabi/lib/armv7e-m\libsupc++.a
END GROUP
                0x20000000                _estack = 0x20000000
                0x20000000                __SP_INIT = _estack
                0x00000800                __heap_size = 0x800
                0x00000800                __stack_size = 0x800

.interrupts     0x0000c000      0x1e0
                0x0000c000                __vector_table = .
                0x0000c000                . = ALIGN (0x4)
 *(.vectortable)
 .vectortable   0x0000c000      0x1e0 Startup\kinetis_sysinit.o
                0x0000c1e0                . = ALIGN (0x4)

.cfmprotect     0x0000c400        0x0
                0x0000c400                . = ALIGN (0x4)
 *(.cfmconfig)
                0x0000c400                . = ALIGN (0x4)

.text           0x0000c410    0x1543c
                0x0000c410                . = ALIGN (0x4)
 *(.text)
 .text          0x0000c410      0x370 c:/fehqt/proteus/gcc/bin/../lib/gcc/arm-none-eabi/4.6.2/armv7e-m\libgcc.a(_arm_addsubdf3.o)
                0x0000c410                __aeabi_drsub
                0x0000c418                __aeabi_dsub
                0x0000c418                __subdf3
                0x0000c41c                __aeabi_dadd
                0x0000c41c                __adddf3
                0x0000c694                __floatunsidf
                0x0000c694                __aeabi_ui2d
                0x0000c6b4                __floatsidf
                0x0000c6b4                __aeabi_i2d
                0x0000c6d8                __aeabi_f2d
                0x0000c6d8                __extendsfdf2
                0x0000c714                __floatundidf
                0x0000c714                __aeabi_ul2d
                0x0000c724                __floatdidf
                0x0000c724                __aeabi_l2d
 .text          0x0000c780      0x424 c:/fehqt/proteus/gcc/bin/../lib/gcc/arm-none-eabi/4.6.2/armv7e-m\libgcc.a(_arm_muldivdf3.o)
                0x0000c780                __aeabi_dmul
                0x0000c780                __muldf3
                0x0000c9d4                __divdf3
                0x0000c9d4                __aeabi_ddiv
 .text          0x0000cba4      0x110 c:/fehqt/proteus/gcc/bin/../lib/gcc/arm-none-eabi/4.6.2/armv7e-m\libgcc.a(_arm_cmpdf2.o)
                0x0000cba4                __gtdf2
                0x0000cba4                __gedf2
                0x0000cbac                __ltdf2
                0x0000cbac                __ledf2
                0x0000cbb4                __nedf2
                0x0000cbb4                __eqdf2
                0x0000cbb4                __cmpdf2
                0x0000cc30                __aeabi_cdrcmple
                0x0000cc40                __aeabi_cdcmpeq
                0x0000cc40                __aeabi_cdcmple
                0x0000cc50                __aeabi_dcmpeq
                0x0000cc64                __aeabi_dcmplt
                0x0000cc78                __aeabi_dcmple
                0x0000cc8c                __aeabi_dcmpge
                0x0000cca0                __aeabi_dcmpgt
 .text          0x0000ccb4       0x50 c:/fehqt/proteus/gcc/bin/../lib/gcc/arm-none-eabi/4.6.2/armv7e-m\libgcc.a(_arm_fixdfsi.o)
                0x0000ccb4                __aeabi_d2iz
                0x0000ccb4                __fixdfsi
 .text          0x0000cd04       0x40 c:/fehqt/proteus/gcc/bin/../lib/gcc/arm-none-eabi/4.6.2/armv7e-m\libgcc.a(_arm_fixunsdfsi.o)
                0x0000cd04                __aeabi_d2uiz
                0x0000cd04                __fixunsdfsi
 .text          0x0000cd44       0xa0 c:/fehqt/proteus/gcc/bin/../lib/gcc/arm-none-eabi/4.6.2/armv7e-m\libgcc.a(_arm_truncdfsf2.o)
                0x0000cd44                __truncdfsf2
                0x0000cd44                __aeabi_d2f
 .text          0x0000cde4      0x21c c:/fehqt/proteus/gcc/bin/../lib/gcc/arm-none-eabi/4.6.2/armv7e-m\libgcc.a(_arm_addsubsf3.o)
                0x0000cde4                __aeabi_frsub
                0x0000cdec                __subsf3
                0x0000cdec                __aeabi_fsub
                0x0000cdf0                __aeabi_fadd
                0x0000cdf0                __addsf3
                0x0000cf50                __aeabi_ui2f
                0x0000cf50                __floatunsisf
                0x0000cf58                __aeabi_i2f
                0x0000cf58                __floatsisf
                0x0000cf74                __aeabi_ul2f
                0x0000cf74                __floatundisf
                0x0000cf84                __aeabi_l2f
                0x0000cf84                __floatdisf
 .text          0x0000d000      0x2a0 c:/fehqt/proteus/gcc/bin/../lib/gcc/arm-none-eabi/4.6.2/armv7e-m\libgcc.a(_arm_muldivsf3.o)
                0x0000d000                __mulsf3
                0x0000d000                __aeabi_fmul
                0x0000d168                __aeabi_fdiv
                0x0000d168                __divsf3
 .text          0x0000d2a0       0xec c:/fehqt/proteus/gcc/bin/../lib/gcc/arm-none-eabi/4.6.2/armv7e-m\libgcc.a(_arm_cmpsf2.o)
                0x0000d2a0                __gesf2
                0x0000d2a0                __gtsf2
                0x0000d2a8                __lesf2
                0x0000d2a8                __ltsf2
                0x0000d2b0                __nesf2
                0x0000d2b0                __eqsf2
                0x0000d2b0                __cmpsf2
                0x0000d310                __aeabi_cfrcmple
                0x0000d318                __aeabi_cfcmpeq
                0x0000d318                __aeabi_cfcmple
                0x0000d328                __aeabi_fcmpeq
                0x0000d33c                __aeabi_fcmplt
                0x0000d350                __aeabi_fcmple
                0x0000d364                __aeabi_fcmpge
                0x0000d378                __aeabi_fcmpgt
 .text          0x0000d38c       0x4c c:/fehqt/proteus/gcc/bin/../lib/gcc/arm-none-eabi/4.6.2/armv7e-m\libgcc.a(_arm_fixsfsi.o)
                0x0000d38c                __aeabi_f2iz
                0x0000d38c                __fixsfsi
 .text          0x0000d3d8       0x40 c:/fehqt/proteus/gcc/bin/../lib/gcc/arm-none-eabi/4.6.2/armv7e-m\libgcc.a(_arm_fixunssfsi.o)
                0x0000d3d8                __fixunssfsi
                0x0000d3d8                __aeabi_f2uiz
 *(.text*)
 .text._ZSt4atanf
                0x0000d418       0x1c ..\main.o
                0x0000d418                std::atan(float)
 .text._ZSt3cosf
                0x0000d434       0x1c ..\main.o
                0x0000d434                std::cos(float)
 .text._ZSt4sqrtf
                0x0000d450       0x1c ..\main.o
                0x0000d450                std::sqrt(float)
 .text._ZSt3sinf
                0x0000d46c       0x1c ..\main.o
                0x0000d46c                std::sin(float)
 .text._ZSt3powfi
                0x0000d488       0x28 ..\main.o
                0x0000d488                std::pow(float, int)
 .text._ZSt3absf
                0x0000d4b0       0x1c ..\main.o
                0x0000d4b0                std::abs(float)
 .text._Z6deinitv
                0x0000d4cc       0x28 ..\main.o
                0x0000d4cc                deinit()
 .text._Z24updateLastValidRPSValuesv
                0x0000d4f4      0x128 ..\main.o
                0x0000d4f4                updateLastValidRPSValues()
 .text._Z8rpsStatev
                0x0000d61c       0xe4 ..\main.o
                0x0000d61c                rpsState()
 .text._Z17loopUntilValidRPSv
                0x0000d700       0x90 ..\main.o
                0x0000d700                loopUntilValidRPS()
 .text._Z14radianToDegreef
                0x0000d790       0x40 ..\main.o
                0x0000d790                radianToDegree(float)
 .text._Z14degreeToRadianf
                0x0000d7d0       0x40 ..\main.o
                0x0000d7d0                degreeToRadian(float)
 .text._Z15rpsXToCentroidXv
                0x0000d810      0x27c ..\main.o
                0x0000d810                rpsXToCentroidX()
 .text._Z15rpsYToCentroidYv
                0x0000da8c      0x27c ..\main.o
                0x0000da8c                rpsYToCentroidY()
 .text._Z16rotate180Degreesf
                0x0000dd08       0x48 ..\main.o
                0x0000dd08                rotate180Degrees(float)
 .text._Z11getDistanceffff
                0x0000dd50       0x58 ..\main.o
                0x0000dd50                getDistance(float, float, float, float)
 .text._Z8clearLCDv
                0x0000dda8       0x28 ..\main.o
                0x0000dda8                clearLCD()
 .text._Z31smallestDistanceBetweenHeadingsff
                0x0000ddd0       0xe4 ..\main.o
                0x0000ddd0                smallestDistanceBetweenHeadings(float, float)
 .text._Z17getDesiredHeadingffff
                0x0000deb4      0x1d8 ..\main.o
                0x0000deb4                getDesiredHeading(float, float, float, float)
 .text._Z14shouldTurnLeftff
                0x0000e08c       0xd8 ..\main.o
                0x0000e08c                shouldTurnLeft(float, float)
 *fill*         0x0000e164        0x4 00
 .text._Z14loopUntilTouchv
                0x0000e168       0x70 ..\main.o
                0x0000e168                loopUntilTouch()
 .text._Z4initv
                0x0000e1d8       0x34 ..\main.o
                0x0000e1d8                init()
 .text._Z9calibratev
                0x0000e20c      0x404 ..\main.o
                0x0000e20c                calibrate()
 .text._Z9goToPointffbfbfbi
                0x0000e610     0x1b58 ..\main.o
                0x0000e610                goToPoint(float, float, bool, float, bool, float, bool, int)
 .text._Z24getBackToRPSFromDeadzonev
                0x00010168      0x200 ..\main.o
                0x00010168                getBackToRPSFromDeadzone()
 .text._Z4turnff
                0x00010368       0x34 ..\main.o
                0x00010368                turn(float, float)
 *fill*         0x0001039c        0x4 00
 .text._Z4turnf
                0x000103a0      0x7f0 ..\main.o
                0x000103a0                turn(float)
 .text._Z25turnToAngleWhenKindaClosef
                0x00010b90      0x290 ..\main.o
                0x00010b90                turnToAngleWhenKindaClose(float)
 .text._Z33turnToAngleWhenAlreadyReallyClosef
                0x00010e20      0x290 ..\main.o
                0x00010e20                turnToAngleWhenAlreadyReallyClose(float)
 .text._Z9turnNoRPSff
                0x000110b0      0x158 ..\main.o
                0x000110b0                turnNoRPS(float, float)
 .text.main     0x00011208       0xe8 ..\main.o
                0x00011208                main
 .text._Z12finalRoutinev
                0x000112f0      0xb20 ..\main.o
                0x000112f0                finalRoutine()
 .text._ZSt4fmodIfdENSt15__ewl_enable_ifIXaasrSt19__ewl_is_arithmeticIT_E5valuesrS1_IT0_E5valueENSt13__ewl_promoteIS2_S4_vE4typeEE4typeES2_S4_
                0x00011e10       0x34 ..\main.o
                0x00011e10                std::__ewl_enable_if<(std::__ewl_is_arithmetic<float>::value)&&(std::__ewl_is_arithmetic<double>::value), std::__ewl_promote<float, double, void>::type>::type std::fmod<float, double>(float, double)
 .text._Z41__static_initialization_and_destruction_0ii
                0x00011e44       0x7c ..\main.o
 .text._GLOBAL__sub_I_leftMotor
                0x00011ec0       0x14 ..\main.o
 .text.zero_fill_bss
                0x00011ed4       0x34 Startup\__arm_start.o
 .text.__thumb_startup
                0x00011f08       0x34 Startup\__arm_start.o
                0x00011f08                __thumb_startup
 .text.InitFEHProteus
                0x00011f3c      0x15c Startup\__arm_start.o
                0x00011f3c                InitFEHProteus
 .text.pll_init_bl
                0x00012098      0x130 Startup\__arm_start.o
 .text.InitPowerButton
                0x000121c8       0x90 Startup\__arm_start.o
                0x000121c8                InitPowerButton
 .text._ExitProcess
                0x00012258        0xc Startup\__arm_end.o
                0x00012258                _ExitProcess
 .text.Default_Handler
                0x00012264        0xc Startup\kinetis_sysinit.o
                0x00012264                BusFault_Handler()
                0x00012264                HardFault_Handler()
                0x00012264                SysTick_Handler()
                0x00012264                PendSV_Handler()
                0x00012264                DebugMonitor_Handler()
                0x00012264                MemManage_Handler()
                0x00012264                NMI_Handler()
                0x00012264                SVC_Handler()
                0x00012264                Default_Handler
                0x00012264                UsageFault_Handler()
 .text.__init_hardware
                0x00012270       0x44 Startup\kinetis_sysinit.o
                0x00012270                __init_hardware
 .text._Z8PortDISRv
                0x000122b4       0x64 Startup\kinetis_sysinit.o
                0x000122b4                PortDISR()
 .text._ZN8FEHMotorC2ENS_12FEHMotorPortEf
                0x00012318       0xb0 Libraries\FEHMotor.o
                0x00012318                FEHMotor::FEHMotor(FEHMotor::FEHMotorPort, float)
                0x00012318                FEHMotor::FEHMotor(FEHMotor::FEHMotorPort, float)
 .text._ZN8FEHMotor4StopEv
                0x000123c8       0x3c Libraries\FEHMotor.o
                0x000123c8                FEHMotor::Stop()
 .text._ZN8FEHMotor8SetPowerEi
                0x00012404       0x60 Libraries\FEHMotor.o
                0x00012404                FEHMotor::SetPower(int)
 *fill*         0x00012464        0x4 00
 .text._ZN8FEHMotor10SetPercentEf
                0x00012468      0x158 Libraries\FEHMotor.o
                0x00012468                FEHMotor::SetPercent(float)
 .text._Z21IIC_StartTransmissionhh
                0x000125c0       0x98 Drivers\i2c.o
                0x000125c0                IIC_StartTransmission(unsigned char, unsigned char)
 .text._Z5Pausev
                0x00012658       0x34 Drivers\i2c.o
                0x00012658                Pause()
 .text._Z21MMA8451QWriteRegisterhh
                0x0001268c      0x12c Drivers\i2c.o
                0x0001268c                MMA8451QWriteRegister(unsigned char, unsigned char)
 .text._Z12SPI_SendCharh
                0x000127b8       0x1c Drivers\spi.o
                0x000127b8                SPI_SendChar(unsigned char)
 .text._Z16SPI_WriteCommandhh
                0x000127d4       0x34 Drivers\spi.o
                0x000127d4                SPI_WriteCommand(unsigned char, unsigned char)
 .text._Z11SPI_GetCharv
                0x00012808       0x14 Drivers\spi.o
                0x00012808                SPI_GetChar()
 .text._Z15SPI_ReadCommandh
                0x0001281c       0x3c Drivers\spi.o
                0x0001281c                SPI_ReadCommand(unsigned char)
 .text._Z13SPI_CS_Assertv
                0x00012858       0x24 Drivers\spi.o
                0x00012858                SPI_CS_Assert()
 .text._Z15SPI_CS_Deassertv
                0x0001287c       0x24 Drivers\spi.o
                0x0001287c                SPI_CS_Deassert()
 .text._Z12SPI_Transferh
                0x000128a0       0x88 Drivers\spi.o
                0x000128a0                SPI_Transfer(unsigned char)
 .text._Z8SPI_Initv
                0x00012928       0xe8 Drivers\spi.o
                0x00012928                SPI_Init()
 .text._Z9uart_initPV11UART_MemMapii
                0x00012a10      0x20c Drivers\uart.o
                0x00012a10                uart_init(UART_MemMap volatile*, int, int)
 .text._Z12uart_getcharPV11UART_MemMap
                0x00012c1c       0x34 Drivers\uart.o
                0x00012c1c                uart_getchar(UART_MemMap volatile*)
 .text._Z12uart_putcharPV11UART_MemMapc
                0x00012c50       0x38 Drivers\uart.o
                0x00012c50                uart_putchar(UART_MemMap volatile*, char)
 .text._ZL7mem_cpyPvPKvj
                0x00012c88       0x50 Drivers\ff.o
 .text._ZL7mem_setPvij
                0x00012cd8       0x44 Drivers\ff.o
 .text._ZL7mem_cmpPKvS0_j
                0x00012d1c       0x7c Drivers\ff.o
 .text._ZL7chk_chrPKci
                0x00012d98       0x48 Drivers\ff.o
 .text._ZL11move_windowP5FATFSm
                0x00012de0       0xf0 Drivers\ff.o
 .text._ZL4syncP5FATFS
                0x00012ed0      0x188 Drivers\ff.o
 .text._Z10clust2sectP5FATFSm
                0x00013058       0x44 Drivers\ff.o
                0x00013058                clust2sect(FATFS*, unsigned long)
 .text._Z7get_fatP5FATFSm
                0x0001309c      0x1d4 Drivers\ff.o
                0x0001309c                get_fat(FATFS*, unsigned long)
 .text._Z7put_fatP5FATFSmm
                0x00013270      0x268 Drivers\ff.o
                0x00013270                put_fat(FATFS*, unsigned long, unsigned long)
 .text._ZL12remove_chainP5FATFSm
                0x000134d8       0xbc Drivers\ff.o
 .text._ZL12create_chainP5FATFSm
                0x00013594      0x130 Drivers\ff.o
 .text._ZL10clmt_clustP3FILm
                0x000136c4       0x70 Drivers\ff.o
 .text._ZL7dir_sdiP3DIRt
                0x00013734      0x124 Drivers\ff.o
 .text._ZL8dir_nextP3DIRi
                0x00013858      0x1fc Drivers\ff.o
 .text._ZL8dir_findP3DIR
                0x00013a54       0xbc Drivers\ff.o
 .text._ZL12dir_registerP3DIR
                0x00013b10       0xcc Drivers\ff.o
 .text._ZL11create_nameP3DIRPPKc
                0x00013bdc      0x250 Drivers\ff.o
 .text._ZL11follow_pathP3DIRPKc
                0x00013e2c      0x150 Drivers\ff.o
 .text._ZL8check_fsP5FATFSm
                0x00013f7c       0xf0 Drivers\ff.o
 .text._ZL11chk_mountedPPKcPP5FATFSh
                0x0001406c      0x5f8 Drivers\ff.o
 .text._ZL8validateP5FATFSt
                0x00014664       0x54 Drivers\ff.o
 .text._Z7f_mounthP5FATFS
                0x000146b8       0x64 Drivers\ff.o
                0x000146b8                f_mount(unsigned char, FATFS*)
 .text._Z6f_openP3FILPKch
                0x0001471c      0x358 Drivers\ff.o
                0x0001471c                f_open(FIL*, char const*, unsigned char)
 .text._Z7f_writeP3FILPKvjPj
                0x00014a74      0x39c Drivers\ff.o
                0x00014a74                f_write(FIL*, void const*, unsigned int, unsigned int*)
 .text._Z6f_syncP3FIL
                0x00014e10      0x1c0 Drivers\ff.o
                0x00014e10                f_sync(FIL*)
 .text._Z7f_closeP3FIL
                0x00014fd0       0x2c Drivers\ff.o
                0x00014fd0                f_close(FIL*)
 .text._Z6f_putccP3FIL
                0x00014ffc       0x44 Drivers\ff.o
                0x00014ffc                f_putc(char, FIL*)
 .text._Z6f_putsPKcP3FIL
                0x00015040       0x64 Drivers\ff.o
                0x00015040                f_puts(char const*, FIL*)
 .text._Z5powerii
                0x000150a4       0x50 Drivers\ff.o
                0x000150a4                power(int, int)
 .text._Z8f_printfP3FILPKcSt9__va_list
                0x000150f4      0x76c Drivers\ff.o
                0x000150f4                f_printf(FIL*, char const*, std::__va_list)
 .text._ZL17SDHC_set_baudratemm
                0x00015860      0x14c Drivers\SDHC.o
 .text._Z9SDHC_initP17esdhc_info_structPK17esdhc_init_struct
                0x000159ac      0x1c4 Drivers\SDHC.o
                0x000159ac                SDHC_init(esdhc_info_struct*, esdhc_init_struct const*)
 .text._ZL15SDHC_is_runningv
                0x00015b70       0x28 Drivers\SDHC.o
 .text._ZL16SDHC_status_waitm
                0x00015b98       0x38 Drivers\SDHC.o
 .text._ZL17SDHC_send_commandP20esdhc_command_struct
                0x00015bd0      0x2a0 Drivers\SDHC.o
 .text._Z10SDHC_ioctlmPv
                0x00015e70      0x978 Drivers\SDHC.o
                0x00015e70                SDHC_ioctl(unsigned long, void*)
 .text._Z15disk_initializeh
                0x000167e8      0x448 Drivers\SDHC.o
                0x000167e8                disk_initialize(unsigned char)
 .text._ZL14rcvr_datablockPhm
                0x00016c30      0x134 Drivers\SDHC.o
 .text._Z9disk_readhPhmh
                0x00016d64      0x13c Drivers\SDHC.o
                0x00016d64                disk_read(unsigned char, unsigned char*, unsigned long, unsigned char)
 .text._ZL14xmit_datablockPKhm
                0x00016ea0       0xe0 Drivers\SDHC.o
 .text._Z10disk_writehPKhmh
                0x00016f80      0x1cc Drivers\SDHC.o
                0x00016f80                disk_write(unsigned char, unsigned char const*, unsigned long, unsigned char)
 .text._Z10disk_ioctlhhPv
                0x0001714c      0x128 Drivers\SDHC.o
                0x0001714c                disk_ioctl(unsigned char, unsigned char, void*)
 .text._Z11disk_statush
                0x00017274       0x30 Drivers\SDHC.o
                0x00017274                disk_status(unsigned char)
 .text._Z13time_delay_msm
                0x000172a4       0xa4 Drivers\lptmr.o
                0x000172a4                time_delay_ms(unsigned long)
 .text._Z41__static_initialization_and_destruction_0ii
                0x00017348       0x30 FEHProteus.o
 .text._GLOBAL__sub_I_Propeller
                0x00017378       0x14 FEHProteus.o
 .text._ZN12FEHPropellerC2Ev
                0x0001738c       0x20 Drivers\FEHPropeller.o
                0x0001738c                FEHPropeller::FEHPropeller()
                0x0001738c                FEHPropeller::FEHPropeller()
 .text._ZN12FEHPropeller10InitializeEv
                0x000173ac       0x94 Drivers\FEHPropeller.o
                0x000173ac                FEHPropeller::Initialize()
 .text._ZN12FEHPropeller12SetMotorRateEhhh
                0x00017440       0x78 Drivers\FEHPropeller.o
                0x00017440                FEHPropeller::SetMotorRate(unsigned char, unsigned char, unsigned char)
 .text._ZL5Delaymjj
                0x000174b8       0xc4 Libraries\FEHUtility.o
 .text._Z5Sleepi
                0x0001757c       0x34 Libraries\FEHUtility.o
                0x0001757c                Sleep(int)
 .text._Z5Sleepf
                0x000175b0       0x48 Libraries\FEHUtility.o
                0x000175b0                Sleep(float)
 .text._Z5Sleepd
                0x000175f8       0x58 Libraries\FEHUtility.o
                0x000175f8                Sleep(double)
 .text._Z11TimeNowMSecv
                0x00017650       0x44 Libraries\FEHUtility.o
                0x00017650                TimeNowMSec()
 .text._ZN15DigitalInputPinC2EN5FEHIO8FEHIOPinE
                0x00017694       0x24 Libraries\FEHIO.o
                0x00017694                DigitalInputPin::DigitalInputPin(FEHIO::FEHIOPin)
                0x00017694                DigitalInputPin::DigitalInputPin(FEHIO::FEHIOPin)
 .text._ZN15DigitalInputPin10InitializeEN5FEHIO8FEHIOPinE
                0x000176b8      0x224 Libraries\FEHIO.o
                0x000176b8                DigitalInputPin::Initialize(FEHIO::FEHIOPin)
 .text._Z9portB_isrv
                0x000178dc       0xd4 Libraries\FEHIO.o
                0x000178dc                portB_isr()
 .text._Z9portC_isrv
                0x000179b0       0xd8 Libraries\FEHIO.o
                0x000179b0                portC_isr()
 .text._Z9portA_isrv
                0x00017a88       0xd8 Libraries\FEHIO.o
                0x00017a88                portA_isr()
 .text._Z9portE_isrv
                0x00017b60       0xd0 Libraries\FEHIO.o
                0x00017b60                portE_isr()
 .text._ZN14AnalogInputPinC2EN5FEHIO8FEHIOPinE
                0x00017c30       0x20 Libraries\FEHIO.o
                0x00017c30                AnalogInputPin::AnalogInputPin(FEHIO::FEHIOPin)
                0x00017c30                AnalogInputPin::AnalogInputPin(FEHIO::FEHIOPin)
 .text._ZN14AnalogInputPin5ValueEv
                0x00017c50      0x180 Libraries\FEHIO.o
                0x00017c50                AnalogInputPin::Value()
 .text._ZN13AnalogEncoder12EncoderValueEv
                0x00017dd0       0xe4 Libraries\FEHIO.o
                0x00017dd0                AnalogEncoder::EncoderValue()
 .text._ZN14AnalogInputPin8InitADCsEv
                0x00017eb4      0x120 Libraries\FEHIO.o
                0x00017eb4                AnalogInputPin::InitADCs()
 .text._Z8pit0_isrv
                0x00017fd4       0x34 Libraries\FEHIO.o
                0x00017fd4                pit0_isr()
 .text._ZN13AnalogEncoder4InitEv
                0x00018008       0x64 Libraries\FEHIO.o
                0x00018008                AnalogEncoder::Init()
 .text._ZN13AnalogEncoder14SetCounterInitEj
                0x0001806c       0x20 Libraries\FEHIO.o
                0x0001806c                AnalogEncoder::SetCounterInit(unsigned int)
 .text._ZN13AnalogEncoder10ProcessIntEv
                0x0001808c       0x80 Libraries\FEHIO.o
                0x0001808c                AnalogEncoder::ProcessInt()
 .text._ZN13AnalogEncoder14ProcessIntSelfEv
                0x0001810c       0x80 Libraries\FEHIO.o
                0x0001810c                AnalogEncoder::ProcessIntSelf()
 .text._Z7ADC_CalPV10ADC_MemMap
                0x0001818c      0x14c Drivers\adc16.o
                0x0001818c                ADC_Cal(ADC_MemMap volatile*)
 .text._Z14ADC_Config_AltPV10ADC_MemMapP7adc_cfg
                0x000182d8       0x6c Drivers\adc16.o
                0x000182d8                ADC_Config_Alt(ADC_MemMap volatile*, adc_cfg*)
 .text._ZN9FEHBuzzerC2Ev
                0x00018344       0x18 Libraries\FEHBuzzer.o
                0x00018344                FEHBuzzer::FEHBuzzer()
                0x00018344                FEHBuzzer::FEHBuzzer()
 .text._Z41__static_initialization_and_destruction_0ii
                0x0001835c       0x30 Libraries\FEHBuzzer.o
 .text._GLOBAL__sub_I_Buzzer
                0x0001838c       0x14 Libraries\FEHBuzzer.o
 .text._ZN8FEHServoC2ENS_12FEHServoPortE
                0x000183a0       0x3c Libraries\FEHServo.o
                0x000183a0                FEHServo::FEHServo(FEHServo::FEHServoPort)
                0x000183a0                FEHServo::FEHServo(FEHServo::FEHServoPort)
 *fill*         0x000183dc        0x4 00
 .text._ZN8FEHServo9SetDegreeEf
                0x000183e0      0x148 Libraries\FEHServo.o
                0x000183e0                FEHServo::SetDegree(float)
 .text._ZN6FEHLCD11_InitializeEv
                0x00018528      0x5dc Libraries\FEHLCD.o
                0x00018528                FEHLCD::_Initialize()
 .text._ZN6FEHLCDC2Ev
                0x00018b04       0x64 Libraries\FEHLCD.o
                0x00018b04                FEHLCD::FEHLCD()
                0x00018b04                FEHLCD::FEHLCD()
 .text._ZN6FEHLCD10InitializeEv
                0x00018b68       0x38 Libraries\FEHLCD.o
                0x00018b68                FEHLCD::Initialize()
 .text._ZN6FEHLCD10PrintImageEii
                0x00018ba0      0x100 Libraries\FEHLCD.o
                0x00018ba0                FEHLCD::PrintImage(int, int)
 .text._ZN6FEHLCD9PrintLogoEii
                0x00018ca0      0x100 Libraries\FEHLCD.o
                0x00018ca0                FEHLCD::PrintLogo(int, int)
 .text._ZN6FEHLCD22ConvertFEHColorTo24BitENS_11FEHLCDColorE
                0x00018da0       0x80 Libraries\FEHLCD.o
                0x00018da0                FEHLCD::ConvertFEHColorTo24Bit(FEHLCD::FEHLCDColor)
 .text._ZN6FEHLCD24Convert24BitColorTo16BitEj
                0x00018e20       0x40 Libraries\FEHLCD.o
                0x00018e20                FEHLCD::Convert24BitColorTo16Bit(unsigned int)
 .text._ZN6FEHLCD22ConvertRGBColorTo16BitEhhh
                0x00018e60       0x44 Libraries\FEHLCD.o
                0x00018e60                FEHLCD::ConvertRGBColorTo16Bit(unsigned char, unsigned char, unsigned char)
 .text._ZN6FEHLCD5ClearENS_11FEHLCDColorE
                0x00018ea4       0x28 Libraries\FEHLCD.o
                0x00018ea4                FEHLCD::Clear(FEHLCD::FEHLCDColor)
 .text._ZN6FEHLCD5ClearEj
                0x00018ecc       0x2c Libraries\FEHLCD.o
                0x00018ecc                FEHLCD::Clear(unsigned int)
 .text._ZN6FEHLCD5ClearEv
                0x00018ef8       0x18 Libraries\FEHLCD.o
                0x00018ef8                FEHLCD::Clear()
 .text._ZN6FEHLCD18SetBackgroundColorENS_11FEHLCDColorE
                0x00018f10       0x28 Libraries\FEHLCD.o
                0x00018f10                FEHLCD::SetBackgroundColor(FEHLCD::FEHLCDColor)
 .text._ZN6FEHLCD18SetBackgroundColorEj
                0x00018f38       0x28 Libraries\FEHLCD.o
                0x00018f38                FEHLCD::SetBackgroundColor(unsigned int)
 .text._ZN6FEHLCD12SetFontColorENS_11FEHLCDColorE
                0x00018f60       0x28 Libraries\FEHLCD.o
                0x00018f60                FEHLCD::SetFontColor(FEHLCD::FEHLCDColor)
 .text._ZN6FEHLCD12SetFontColorEj
                0x00018f88       0x28 Libraries\FEHLCD.o
                0x00018f88                FEHLCD::SetFontColor(unsigned int)
 .text._ZN6FEHLCD7WriteAtEPKcii
                0x00018fb0       0x58 Libraries\FEHLCD.o
                0x00018fb0                FEHLCD::WriteAt(char const*, int, int)
 .text._ZN6FEHLCD11TS_SPI_InitEv
                0x00019008       0xa8 Libraries\FEHLCD.o
                0x00019008                FEHLCD::TS_SPI_Init()
 .text._ZN6FEHLCD5TouchEPfS0_
                0x000190b0      0x240 Libraries\FEHLCD.o
                0x000190b0                FEHLCD::Touch(float*, float*)
 .text._ZN6FEHLCD3absEi
                0x000192f0       0x28 Libraries\FEHLCD.o
                0x000192f0                FEHLCD::abs(int)
 .text._ZN6FEHLCD5WriteEPKc
                0x00019318       0x5c Libraries\FEHLCD.o
                0x00019318                FEHLCD::Write(char const*)
 .text._ZN6FEHLCD5WriteEi
                0x00019374       0x34 Libraries\FEHLCD.o
                0x00019374                FEHLCD::Write(int)
 .text._ZN6FEHLCD5WriteEf
                0x000193a8       0xdc Libraries\FEHLCD.o
                0x000193a8                FEHLCD::Write(float)
 .text._ZN6FEHLCD5WriteEc
                0x00019484       0x30 Libraries\FEHLCD.o
                0x00019484                FEHLCD::Write(char)
 .text._ZN6FEHLCD9WriteLineEPKc
                0x000194b4       0x28 Libraries\FEHLCD.o
                0x000194b4                FEHLCD::WriteLine(char const*)
 .text._ZN6FEHLCD9WriteLineEf
                0x000194dc       0x28 Libraries\FEHLCD.o
                0x000194dc                FEHLCD::WriteLine(float)
 .text._ZN6FEHLCD9WriteLineEc
                0x00019504       0x2c Libraries\FEHLCD.o
                0x00019504                FEHLCD::WriteLine(char)
 .text._ZN6FEHLCD10WriteIndexEh
                0x00019530      0x288 Libraries\FEHLCD.o
                0x00019530                FEHLCD::WriteIndex(unsigned char)
 .text._ZN6FEHLCD14WriteParameterEh
                0x000197b8      0x254 Libraries\FEHLCD.o
                0x000197b8                FEHLCD::WriteParameter(unsigned char)
 .text._ZN6FEHLCD6_ClearEv
                0x00019a0c      0x228 Libraries\FEHLCD.o
                0x00019a0c                FEHLCD::_Clear()
 .text._ZN6FEHLCD8NextLineEv
                0x00019c34       0x30 Libraries\FEHLCD.o
                0x00019c34                FEHLCD::NextLine()
 .text._ZN6FEHLCD9CheckLineEv
                0x00019c64       0x2c Libraries\FEHLCD.o
                0x00019c64                FEHLCD::CheckLine()
 .text._ZN6FEHLCD8NextCharEv
                0x00019c90       0x34 Libraries\FEHLCD.o
                0x00019c90                FEHLCD::NextChar()
 .text._ZN6FEHLCD9DrawPixelEii
                0x00019cc4       0x30 Libraries\FEHLCD.o
                0x00019cc4                FEHLCD::DrawPixel(int, int)
 .text._Z4SwapRiS_
                0x00019cf4       0x28 Libraries\FEHLCD.o
                0x00019cf4                Swap(int&, int&)
 .text._ZN6FEHLCD13DrawRectangleEiiii
                0x00019d1c       0x80 Libraries\FEHLCD.o
                0x00019d1c                FEHLCD::DrawRectangle(int, int, int, int)
 .text._ZN6FEHLCD13SetDrawRegionEiiii
                0x00019d9c      0x10c Libraries\FEHLCD.o
                0x00019d9c                FEHLCD::SetDrawRegion(int, int, int, int)
 .text._ZN6FEHLCD8DrawLineEiiii
                0x00019ea8      0x17c Libraries\FEHLCD.o
                0x00019ea8                FEHLCD::DrawLine(int, int, int, int)
 .text._ZN6FEHLCD9WriteCharEiic
                0x0001a024       0x40 Libraries\FEHLCD.o
                0x0001a024                FEHLCD::WriteChar(int, int, char)
 .text._ZN6FEHLCD11WriteCharAtEiic
                0x0001a064      0x278 Libraries\FEHLCD.o
                0x0001a064                FEHLCD::WriteCharAt(int, int, char)
 .text._ZN6FEHLCD11RepeatColorEv
                0x0001a2dc       0xbc Libraries\FEHLCD.o
                0x0001a2dc                FEHLCD::RepeatColor()
 .text._ZN6FEHLCD10_ForePixelEv
                0x0001a398      0x160 Libraries\FEHLCD.o
                0x0001a398                FEHLCD::_ForePixel()
 .text._ZN6FEHLCD10_BackPixelEv
                0x0001a4f8      0x160 Libraries\FEHLCD.o
                0x0001a4f8                FEHLCD::_BackPixel()
 .text._ZN6FEHLCD22SetRegisterColorValuesEv
                0x0001a658      0x4c0 Libraries\FEHLCD.o
                0x0001a658                FEHLCD::SetRegisterColorValues()
 .text._ZN7FEHIcon4IconC2Ev
                0x0001ab18       0x18 Libraries\FEHLCD.o
                0x0001ab18                FEHIcon::Icon::Icon()
                0x0001ab18                FEHIcon::Icon::Icon()
 .text._ZN7FEHIcon4Icon13SetPropertiesEPciiiijj
                0x0001ab30       0x70 Libraries\FEHLCD.o
                0x0001ab30                FEHIcon::Icon::SetProperties(char*, int, int, int, int, unsigned int, unsigned int)
 .text._ZN7FEHIcon4Icon4DrawEv
                0x0001aba0       0xb0 Libraries\FEHLCD.o
                0x0001aba0                FEHIcon::Icon::Draw()
 .text._ZN7FEHIcon4Icon6SelectEv
                0x0001ac50       0xb8 Libraries\FEHLCD.o
                0x0001ac50                FEHIcon::Icon::Select()
 .text._ZN7FEHIcon4Icon8DeselectEv
                0x0001ad08       0xb4 Libraries\FEHLCD.o
                0x0001ad08                FEHIcon::Icon::Deselect()
 .text._ZN7FEHIcon4Icon7PressedEffi
                0x0001adbc      0x1dc Libraries\FEHLCD.o
                0x0001adbc                FEHIcon::Icon::Pressed(float, float, int)
 .text._ZN7FEHIcon4Icon12WhilePressedEff
                0x0001af98       0x5c Libraries\FEHLCD.o
                0x0001af98                FEHIcon::Icon::WhilePressed(float, float)
 .text._ZN7FEHIcon13DrawIconArrayEPNS_4IconEiiiiiiPA20_cjj
                0x0001aff4      0x194 Libraries\FEHLCD.o
                0x0001aff4                FEHIcon::DrawIconArray(FEHIcon::Icon*, int, int, int, int, int, int, char (*) [20], unsigned int, unsigned int)
 .text._Z41__static_initialization_and_destruction_0ii
                0x0001b188       0x30 Libraries\FEHLCD.o
 .text._GLOBAL__sub_I_image
                0x0001b1b8       0x14 Libraries\FEHLCD.o
 .text._ZN8FEHAccelC2Ev
                0x0001b1cc       0x8c Libraries\FEHAccel.o
                0x0001b1cc                FEHAccel::FEHAccel()
                0x0001b1cc                FEHAccel::FEHAccel()
 .text._Z41__static_initialization_and_destruction_0ii
                0x0001b258       0x30 Libraries\FEHAccel.o
 .text._GLOBAL__sub_I_Accel
                0x0001b288       0x14 Libraries\FEHAccel.o
 .text._ZN10FEHBatteryC2EN5FEHIO8FEHIOPinE
                0x0001b29c       0x24 Libraries\FEHBattery.o
                0x0001b29c                FEHBattery::FEHBattery(FEHIO::FEHIOPin)
                0x0001b29c                FEHBattery::FEHBattery(FEHIO::FEHIOPin)
 .text._Z41__static_initialization_and_destruction_0ii
                0x0001b2c0       0x34 Libraries\FEHBattery.o
 .text._GLOBAL__sub_I_Battery
                0x0001b2f4       0x14 Libraries\FEHBattery.o
 .text._ZN7FEHXBeeC2Ev
                0x0001b308       0x20 Drivers\FEHXBee.o
                0x0001b308                FEHXBee::FEHXBee()
                0x0001b308                FEHXBee::FEHXBee()
 .text._ZN7FEHXBee10InitializeEv
                0x0001b328      0x148 Drivers\FEHXBee.o
                0x0001b328                FEHXBee::Initialize()
 .text._ZN7FEHXBee13IsInitializedEv
                0x0001b470       0x18 Drivers\FEHXBee.o
                0x0001b470                FEHXBee::IsInitialized()
 .text._ZN7FEHXBee17ReceiveDataSearchEPcjh
                0x0001b488       0xb4 Drivers\FEHXBee.o
                0x0001b488                FEHXBee::ReceiveDataSearch(char*, unsigned int, unsigned char)
 .text._ZN7FEHXBee8SendDataEPcj
                0x0001b53c       0x50 Drivers\FEHXBee.o
                0x0001b53c                FEHXBee::SendData(char*, unsigned int)
 .text._ZN7FEHXBee17SetPacketCallBackEPFvPhhE
                0x0001b58c       0x20 Drivers\FEHXBee.o
                0x0001b58c                FEHXBee::SetPacketCallBack(void (*)(unsigned char*, unsigned char))
 .text._Z9UART0_ISRv
                0x0001b5ac      0x174 Drivers\FEHXBee.o
                0x0001b5ac                UART0_ISR()
 .text._ZN6FEHRPSC2Ev
                0x0001b720       0x88 Libraries\FEHRPS.o
                0x0001b720                FEHRPS::FEHRPS()
                0x0001b720                FEHRPS::FEHRPS()
 .text._ZN6FEHRPS10InitializeEi
                0x0001b7a8      0x994 Libraries\FEHRPS.o
                0x0001b7a8                FEHRPS::Initialize(int)
 .text._ZN6FEHRPS10InitializeEc
                0x0001c13c       0x4c Libraries\FEHRPS.o
                0x0001c13c                FEHRPS::Initialize(char)
 .text._ZN6FEHRPS19InitializeTouchMenuEv
                0x0001c188      0x908 Libraries\FEHRPS.o
                0x0001c188                FEHRPS::InitializeTouchMenu()
 .text._ZN6FEHRPS19CurrentRegionLetterEv
                0x0001ca90       0x20 Libraries\FEHRPS.o
                0x0001ca90                FEHRPS::CurrentRegionLetter()
 .text._ZN6FEHRPS13WaitForPacketEv
                0x0001cab0       0x78 Libraries\FEHRPS.o
                0x0001cab0                FEHRPS::WaitForPacket()
 .text._ZN6FEHRPS1XEv
                0x0001cb28       0x20 Libraries\FEHRPS.o
                0x0001cb28                FEHRPS::X()
 .text._ZN6FEHRPS1YEv
                0x0001cb48       0x20 Libraries\FEHRPS.o
                0x0001cb48                FEHRPS::Y()
 .text._ZN6FEHRPS7HeadingEv
                0x0001cb68       0x20 Libraries\FEHRPS.o
                0x0001cb68                FEHRPS::Heading()
 .text._Z14RPSDataProcessPhh
                0x0001cb88      0x164 Libraries\FEHRPS.o
                0x0001cb88                RPSDataProcess(unsigned char*, unsigned char)
 .text._Z41__static_initialization_and_destruction_0ii
                0x0001ccec       0x30 Libraries\FEHRPS.o
 .text._GLOBAL__sub_I_RPS
                0x0001cd1c       0x14 Libraries\FEHRPS.o
 .text._ZN5FEHSDC2Ev
                0x0001cd30       0x24 Libraries\FEHSD.o
                0x0001cd30                FEHSD::FEHSD()
                0x0001cd30                FEHSD::FEHSD()
 .text._ZN5FEHSD7OpenLogEv
                0x0001cd54      0x1a4 Libraries\FEHSD.o
                0x0001cd54                FEHSD::OpenLog()
 .text._ZN5FEHSD8CloseLogEv
                0x0001cef8       0x38 Libraries\FEHSD.o
                0x0001cef8                FEHSD::CloseLog()
 .text._ZN5FEHSD6PrintfEPKcz
                0x0001cf30       0x30 Libraries\FEHSD.o
                0x0001cf30                FEHSD::Printf(char const*, ...)
 .text._ZN5FEHSD10InitializeEv
                0x0001cf60      0x118 Libraries\FEHSD.o
                0x0001cf60                FEHSD::Initialize()
 .text._Z41__static_initialization_and_destruction_0ii
                0x0001d078       0x30 Libraries\FEHSD.o
 .text._GLOBAL__sub_I_SD
                0x0001d0a8       0x14 Libraries\FEHSD.o
 .text.atanf    0x0001d0bc      0x240 C:\fehqt\Proteus/EWL/lib/armv7e-m\libm.a(s_atanf.o)
                0x0001d0bc                atanf
 .text.cosf     0x0001d2fc       0x98 C:\fehqt\Proteus/EWL/lib/armv7e-m\libm.a(s_cosf.o)
                0x0001d2fc                cosf
 .text.sinf     0x0001d394       0x88 C:\fehqt\Proteus/EWL/lib/armv7e-m\libm.a(s_sinf.o)
                0x0001d394                sinf
 .text.fmod     0x0001d41c        0x4 C:\fehqt\Proteus/EWL/lib/armv7e-m\libm.a(w_fmod.o)
                0x0001d41c                fmod
 .text.powf     0x0001d420        0x4 C:\fehqt\Proteus/EWL/lib/armv7e-m\libm.a(w_powf.o)
                0x0001d420                powf
 .text.sqrtf    0x0001d424        0x4 C:\fehqt\Proteus/EWL/lib/armv7e-m\libm.a(w_sqrtf.o)
                0x0001d424                sqrtf
 .text.__ieee754_fmod
                0x0001d428      0x244 C:\fehqt\Proteus/EWL/lib/armv7e-m\libm.a(e_fmod.o)
                0x0001d428                __ieee754_fmod
 .text.__ieee754_powf
                0x0001d66c      0x774 C:\fehqt\Proteus/EWL/lib/armv7e-m\libm.a(e_powf.o)
                0x0001d66c                __ieee754_powf
 .text.__ieee754_rem_pio2f
                0x0001dde0      0x2ac C:\fehqt\Proteus/EWL/lib/armv7e-m\libm.a(e_rem_pio2f.o)
                0x0001dde0                __ieee754_rem_pio2f
 .text.__ieee754_sqrtf
                0x0001e08c       0xb0 C:\fehqt\Proteus/EWL/lib/armv7e-m\libm.a(e_sqrtf.o)
                0x0001e08c                __ieee754_sqrtf
 .text.__kernel_cosf
                0x0001e13c      0x138 C:\fehqt\Proteus/EWL/lib/armv7e-m\libm.a(k_cosf.o)
                0x0001e13c                __kernel_cosf
 .text.__kernel_rem_pio2f
                0x0001e274      0x5e8 C:\fehqt\Proteus/EWL/lib/armv7e-m\libm.a(k_rem_pio2f.o)
                0x0001e274                __kernel_rem_pio2f
 .text.__kernel_sinf
                0x0001e85c       0xf4 C:\fehqt\Proteus/EWL/lib/armv7e-m\libm.a(k_sinf.o)
                0x0001e85c                __kernel_sinf
 .text.__fpclassifyf
                0x0001e950       0x2c C:\fehqt\Proteus/EWL/lib/armv7e-m\libm.a(math_api.o)
                0x0001e950                __fpclassifyf
 .text.floorf   0x0001e97c       0x84 C:\fehqt\Proteus/EWL/lib/armv7e-m\libm.a(s_floorf.o)
                0x0001e97c                floorf
 .text.scalbnf  0x0001ea00       0xac C:\fehqt\Proteus/EWL/lib/armv7e-m\libm.a(s_scalbnf.o)
                0x0001ea00                scalbnf
 .text.sprintf  0x0001eaac       0x1c C:\fehqt\Proteus/EWL/lib/armv7e-m\libc.a(sprintf.o)
                0x0001eaac                sprintf
 .text.__StringWrite
                0x0001eac8       0x28 C:\fehqt\Proteus/EWL/lib/armv7e-m\libc.a(vsnprintf.o)
                0x0001eac8                __StringWrite
 .text.vsnprintf
                0x0001eaf0       0x34 C:\fehqt\Proteus/EWL/lib/armv7e-m\libc.a(vsnprintf.o)
                0x0001eaf0                vsnprintf
 .text.exit     0x0001eb24       0x38 C:\fehqt\Proteus/EWL/lib/armv7e-m\libc.a(exit.o)
                0x0001eb24                exit
 .text.memcpy   0x0001eb5c       0x12 C:\fehqt\Proteus/EWL/lib/armv7e-m\libc.a(memcpy.o)
                0x0001eb5c                memcpy
 .text.memset   0x0001eb6e        0xc C:\fehqt\Proteus/EWL/lib/armv7e-m\libc.a(memset.o)
                0x0001eb6e                memset
 .text.strcpy   0x0001eb7a       0x18 C:\fehqt\Proteus/EWL/lib/armv7e-m\libc.a(strcpy.o)
                0x0001eb7a                strcpy
 .text.strlen   0x0001eb92       0x10 C:\fehqt\Proteus/EWL/lib/armv7e-m\libc.a(strlen.o)
                0x0001eb92                strlen
 .text.long2str.isra.0
                0x0001eba2      0x196 C:\fehqt\Proteus/EWL/lib/armv7e-m\libc.a(printformat_.o)
 .text.__pformatter_
                0x0001ed38      0x3f8 C:\fehqt\Proteus/EWL/lib/armv7e-m\libc.a(printformat_.o)
                0x0001ed38                __pformatter_
 .text.__sformatter
                0x0001f130      0x74e C:\fehqt\Proteus/EWL/lib/armv7e-m\libc.a(scanformat_.o)
                0x0001f130                __sformatter
 *fill*         0x0001f87e        0x2 00
 .text.isalpha  0x0001f880       0x1c C:\fehqt\Proteus/EWL/lib/armv7e-m\libc.a(ctype_aeabi.o)
                0x0001f880                isalpha
 .text.isspace  0x0001f89c       0x1c C:\fehqt\Proteus/EWL/lib/armv7e-m\libc.a(ctype_aeabi.o)
                0x0001f89c                isspace
 .text.toupper  0x0001f8b8        0xc C:\fehqt\Proteus/EWL/lib/armv7e-m\libc.a(ctype_aeabi.o)
                0x0001f8b8                toupper
 .text.__strtoul
                0x0001f8c4      0x1dc C:\fehqt\Proteus/EWL/lib/armv7e-m\libc.a(__strtoul.o)
                0x0001f8c4                __strtoul
 .text.__fill_mem
                0x0001faa0       0x76 C:\fehqt\Proteus/EWL/lib/armv7e-m\libc.a(__filll_mem.o)
                0x0001faa0                __fill_mem
 .text.memchr   0x0001fb16       0x1a C:\fehqt\Proteus/EWL/lib/armv7e-m\libc.a(memchr.o)
                0x0001fb16                memchr
 .text.strchr   0x0001fb30       0x1c C:\fehqt\Proteus/EWL/lib/armv7e-m\libc.a(strchr.o)
                0x0001fb30                strchr
 .text.__init_cpp
                0x0001fb4c       0x4c C:\fehqt\Proteus/EWL/lib/armv7e-m\librt.a(gcc_ctor_dtor.o)
                0x0001fb4c                __init_cpp
 .text.__fini_cpp
                0x0001fb98       0x34 C:\fehqt\Proteus/EWL/lib/armv7e-m\librt.a(gcc_ctor_dtor.o)
                0x0001fb98                __fini_cpp
 .text.__copy_rom_section
                0x0001fbcc       0x44 C:\fehqt\Proteus/EWL/lib/armv7e-m\librt.a(ROMCopy.o)
                0x0001fbcc                __copy_rom_section
 .text.__copy_rom_sections_to_ram
                0x0001fc10       0x34 C:\fehqt\Proteus/EWL/lib/armv7e-m\librt.a(ROMCopy.o)
                0x0001fc10                __copy_rom_sections_to_ram
 .text.__destroy_global_chain
                0x0001fc44       0x1c C:\fehqt\Proteus/EWL/lib/armv7e-m\librt.a(__arm_eabi_init.o)
                0x0001fc44                __destroy_global_chain
 .text.__init_registers
                0x0001fc60       0x20 C:\fehqt\Proteus/EWL/lib/armv7e-m\librt.a(__arm_eabi_init.o)
                0x0001fc60                __init_registers
 .text.__init_user
                0x0001fc80        0x4 C:\fehqt\Proteus/EWL/lib/armv7e-m\librt.a(__arm_eabi_init.o)
                0x0001fc80                __init_user
 *(.rodata)
 .rodata        0x0001fc84      0xffc ..\main.o
 .rodata        0x00020c80       0x10 Drivers\ff.o
 .rodata        0x00020c90       0x78 Libraries\FEHIO.o
 .rodata        0x00020d08       0x34 Libraries\FEHLCD.o
 .rodata        0x00020d3c      0x238 Libraries\FEHRPS.o
 .rodata        0x00020f74       0xdc Libraries\FEHSD.o
 *(.rodata*)
 .rodata._ZL18LEFT_MOTOR_PERCENT
                0x00021050        0x4 ..\main.o
 .rodata._ZL19RIGHT_MOTOR_PERCENT
                0x00021054        0x4 ..\main.o
 .rodata._ZZL11create_nameP3DIRPPKcE5excvt
                0x00021058       0x80 Drivers\ff.o
 .rodata.K60_SDHC0_init
                0x000210d8        0xc Drivers\SDHC.o
                0x000210d8                K60_SDHC0_init
 .rodata._ZL21ESDHC_COMMAND_XFERTYP
                0x000210e4      0x100 Drivers\SDHC.o
 .rodata._ZL9GPIOPorts
                0x000211e4       0x20 Libraries\FEHIO.o
 .rodata._ZL10ADCNumbers
                0x00021204       0x24 Libraries\FEHIO.o
 .rodata._ZL14GPIOPinNumbers
                0x00021228       0x80 Libraries\FEHIO.o
 .rodata._ZL16AnalogPinNumbers
                0x000212a8       0x84 Libraries\FEHIO.o
 .rodata.atanlo
                0x0002132c       0x10 C:\fehqt\Proteus/EWL/lib/armv7e-m\libm.a(s_atanf.o)
 .rodata.atanhi
                0x0002133c       0x10 C:\fehqt\Proteus/EWL/lib/armv7e-m\libm.a(s_atanf.o)
 *fill*         0x0002134c        0x4 00
 .rodata.Zero   0x00021350       0x10 C:\fehqt\Proteus/EWL/lib/armv7e-m\libm.a(e_fmod.o)
 .rodata.dp_h   0x00021360        0x8 C:\fehqt\Proteus/EWL/lib/armv7e-m\libm.a(e_powf.o)
 .rodata.dp_l   0x00021368        0x8 C:\fehqt\Proteus/EWL/lib/armv7e-m\libm.a(e_powf.o)
 .rodata.bp     0x00021370        0x8 C:\fehqt\Proteus/EWL/lib/armv7e-m\libm.a(e_powf.o)
 .rodata.npio2_hw
                0x00021378       0x80 C:\fehqt\Proteus/EWL/lib/armv7e-m\libm.a(e_rem_pio2f.o)
 .rodata.two_over_pi
                0x000213f8      0x318 C:\fehqt\Proteus/EWL/lib/armv7e-m\libm.a(e_rem_pio2f.o)
 .rodata.init_jk
                0x00021710        0xc C:\fehqt\Proteus/EWL/lib/armv7e-m\libm.a(k_rem_pio2f.o)
 .rodata.PIo2   0x0002171c       0x2c C:\fehqt\Proteus/EWL/lib/armv7e-m\libm.a(k_rem_pio2f.o)
 .rodata.str1.1
                0x00021748        0x1 C:\fehqt\Proteus/EWL/lib/armv7e-m\libc.a(printformat_.o)
 .rodata.__aeabi_ctype_table_C
                0x00021749      0x101 C:\fehqt\Proteus/EWL/lib/armv7e-m\libc.a(ctype_aeabi.o)
                0x00021749                __aeabi_ctype_table_C
 *(.glue_7)
 .glue_7        0x00000000        0x0 linker stubs
 *(.glue_7t)
 .glue_7t       0x00000000        0x0 linker stubs
 *(.eh_frame)
 *(.init)
 *(.fini)
                0x0002184c                . = ALIGN (0x4)
 *fill*         0x0002184a        0x2 00
                0x0002184c                _etext = .

.vfp11_veneer   0x0002184c        0x0
 .vfp11_veneer  0x00000000        0x0 linker stubs

.v4_bx          0x0002184c        0x0
 .v4_bx         0x00000000        0x0 linker stubs

.ARM.extab
 *(.ARM.extab* .gnu.linkonce.armextab.*)

.ARM            0x0002184c        0x0
                0x0002184c                __exidx_start = .
 *(.ARM.exidx*)
                0x0002184c                __exidx_end = .

.ctors          0x0002184c        0x0
                0x0002184c                __CTOR_LIST__ = .
 *crtbegin.o(.ctors)
 *(EXCLUDE_FILE(*crtend.o) .ctors)
 *(SORT(.ctors.*))
 *(.ctors)
                0x0002184c                __CTOR_END__ = .

.dtors          0x0002184c        0x0
                0x0002184c                __DTOR_LIST__ = .
 *crtbegin.o(.dtors)
 *(EXCLUDE_FILE(*crtend.o) .dtors)
 *(SORT(.dtors.*))
 *(.dtors)
                0x0002184c                __DTOR_END__ = .

.preinit_array  0x0002184c        0x0
                0x0002184c                PROVIDE (__preinit_array_start, .)
 *(.preinit_array*)
                0x0002184c                PROVIDE (__preinit_array_end, .)

.init_array     0x0002184c       0x20
                0x0002184c                PROVIDE (__init_array_start, .)
 *(SORT(.init_array.*))
 *(.init_array*)
 .init_array    0x0002184c        0x4 ..\main.o
 .init_array    0x00021850        0x4 FEHProteus.o
 .init_array    0x00021854        0x4 Libraries\FEHBuzzer.o
 .init_array    0x00021858        0x4 Libraries\FEHLCD.o
 .init_array    0x0002185c        0x4 Libraries\FEHAccel.o
 .init_array    0x00021860        0x4 Libraries\FEHBattery.o
 .init_array    0x00021864        0x4 Libraries\FEHRPS.o
 .init_array    0x00021868        0x4 Libraries\FEHSD.o
                0x0002186c                PROVIDE (__init_array_end, .)

.fini_array     0x0002186c        0x0
                0x0002186c                PROVIDE (__fini_array_start, .)
 *(SORT(.fini_array.*))
 *(.fini_array*)
                0x0002186c                PROVIDE (__fini_array_end, .)
                0x0002186c                ___ROM_AT = .

.data           0x1fff0400      0xd24 load address 0x0002186c
                0x1fff0400                . = ALIGN (0x4)
                0x1fff0400                _sdata = .
 *(.data)
 *(.data*)
 .data.currentLeftMotorPercent
                0x1fff0400        0x4 ..\main.o
                0x1fff0400                currentLeftMotorPercent
 .data.currentRightMotorPercent
                0x1fff0404        0x4 ..\main.o
                0x1fff0404                currentRightMotorPercent
 .data._ZL4Stat
                0x1fff0408        0x1 Drivers\SDHC.o
 *fill*         0x1fff0409        0x3 00
 .data.image    0x1fff040c      0x750 Libraries\FEHLCD.o
                0x1fff040c                image
 .data.logo     0x1fff0b5c      0x3e8 Libraries\FEHLCD.o
                0x1fff0b5c                logo
 .data._ZN6FEHLCD8fontDataE
                0x1fff0f44      0x1e0 Libraries\FEHLCD.o
                0x1fff0f44                FEHLCD::fontData
                0x1fff1124                . = ALIGN (0x4)
                0x1fff1124                _edata = .
                0x00000d24                ___data_size = (_edata - _sdata)
                0x00022590                ___m_data2_ROMStart = (___ROM_AT + SIZEOF (.data))

.user_data2     0x20000000        0x0 load address 0x00022590
                0x20000000                . = ALIGN (0x4)
                0x20000000                ___m_data2_RAMStart = .
 *(.data2)
                0x20000000                ___m_data2_RAMEnd = .
                0x20000000                . = ALIGN (0x4)
                0x00000000                ___m_data2_ROMSize = (___m_data2_RAMEnd - ___m_data2_RAMStart)
                0x20000000                . = ALIGN (0x4)

.bss            0x1fff1124      0x868 load address 0x00022590
                0x1fff1124                __START_BSS = .
                0x1fff1124                PROVIDE (__bss_start__, __START_BSS)
 *(.bss)
 *(.bss*)
 .bss.leftMotor
                0x1fff1124        0x8 ..\main.o
                0x1fff1124                leftMotor
 .bss.rightMotor
                0x1fff112c        0x8 ..\main.o
                0x1fff112c                rightMotor
 .bss.armServo  0x1fff1134        0xc ..\main.o
                0x1fff1134                armServo
 .bss.bumpSwitch
                0x1fff1140        0x4 ..\main.o
                0x1fff1140                bumpSwitch
 .bss.lightSensor
                0x1fff1144        0x4 ..\main.o
                0x1fff1144                lightSensor
 .bss.TOKEN_X   0x1fff1148        0x4 ..\main.o
                0x1fff1148                TOKEN_X
 .bss.TOKEN_Y   0x1fff114c        0x4 ..\main.o
                0x1fff114c                TOKEN_Y
 .bss.TOKEN_HEADING
                0x1fff1150        0x4 ..\main.o
                0x1fff1150                TOKEN_HEADING
 .bss.DDR_BLUE_LIGHT_X
                0x1fff1154        0x4 ..\main.o
                0x1fff1154                DDR_BLUE_LIGHT_X
 .bss.DDR_LIGHT_Y
                0x1fff1158        0x4 ..\main.o
                0x1fff1158                DDR_LIGHT_Y
 .bss.RPS_BUTTON_X
                0x1fff115c        0x4 ..\main.o
                0x1fff115c                RPS_BUTTON_X
 .bss.RPS_BUTTON_Y
                0x1fff1160        0x4 ..\main.o
                0x1fff1160                RPS_BUTTON_Y
 .bss.RPS_BUTTON_HEADING
                0x1fff1164        0x4 ..\main.o
                0x1fff1164                RPS_BUTTON_HEADING
 .bss.FOOSBALL_START_X
                0x1fff1168        0x4 ..\main.o
                0x1fff1168                FOOSBALL_START_X
 .bss.FOOSBALL_START_Y
                0x1fff116c        0x4 ..\main.o
                0x1fff116c                FOOSBALL_START_Y
 .bss.FOOSBALL_END_X
                0x1fff1170        0x4 ..\main.o
                0x1fff1170                FOOSBALL_END_X
 .bss.FOOSBALL_END_Y
                0x1fff1174        0x4 ..\main.o
                0x1fff1174                FOOSBALL_END_Y
 .bss.LEVER_X   0x1fff1178        0x4 ..\main.o
                0x1fff1178                LEVER_X
 .bss.LEVER_Y   0x1fff117c        0x4 ..\main.o
                0x1fff117c                LEVER_Y
 .bss.LEVER_HEADING
                0x1fff1180        0x4 ..\main.o
                0x1fff1180                LEVER_HEADING
 .bss.hasExhaustedDeadzone
                0x1fff1184        0x1 ..\main.o
                0x1fff1184                hasExhaustedDeadzone
 *fill*         0x1fff1185        0x3 00
 .bss.lastValidX
                0x1fff1188        0x4 ..\main.o
                0x1fff1188                lastValidX
 .bss.lastValidY
                0x1fff118c        0x4 ..\main.o
                0x1fff118c                lastValidY
 .bss.lastValidHeading
                0x1fff1190        0x4 ..\main.o
                0x1fff1190                lastValidHeading
 .bss._ZL4argv  0x1fff1194        0x4 Startup\__arm_start.o
 .bss.MasterTransmission
                0x1fff1198        0x1 Drivers\i2c.o
                0x1fff1198                MasterTransmission
 .bss.SlaveID   0x1fff1199        0x1 Drivers\i2c.o
                0x1fff1199                SlaveID
 *fill*         0x1fff119a        0x2 00
 .bss._ZL5FatFs
                0x1fff119c        0x4 Drivers\ff.o
 .bss._ZL4Fsid  0x1fff11a0        0x2 Drivers\ff.o
 .bss._ZL7CurrVol
                0x1fff11a2        0x1 Drivers\ff.o
 *fill*         0x1fff11a3        0x1 00
 .bss.SDHC_Card
                0x1fff11a4       0x14 Drivers\SDHC.o
                0x1fff11a4                SDHC_Card
 .bss.SDHC_Init
                0x1fff11b8        0x4 Drivers\SDHC.o
                0x1fff11b8                SDHC_Init
 .bss.SDHC_Info
                0x1fff11bc      0x204 Drivers\SDHC.o
                0x1fff11bc                SDHC_Info
 .bss.SDHC_Device
                0x1fff13c0        0x8 Drivers\SDHC.o
                0x1fff13c0                SDHC_Device
 .bss.Propeller
                0x1fff13c8        0x4 FEHProteus.o
                0x1fff13c8                Propeller
 .bss.CoreClockKHz
                0x1fff13cc        0x4 FEHProteus.o
                0x1fff13cc                CoreClockKHz
 .bss.CoreClockMHz
                0x1fff13d0        0x4 FEHProteus.o
                0x1fff13d0                CoreClockMHz
 .bss.PeripheralClockKHz
                0x1fff13d4        0x4 FEHProteus.o
                0x1fff13d4                PeripheralClockKHz
 .bss._ZN14AnalogInputPin17Master_Adc_ConfigE
                0x1fff13d8       0x10 Libraries\FEHIO.o
                0x1fff13d8                AnalogInputPin::Master_Adc_Config
 .bss._ZN14AnalogInputPin18Encoder_Adc_ConfigE
                0x1fff13e8       0x10 Libraries\FEHIO.o
                0x1fff13e8                AnalogInputPin::Encoder_Adc_Config
 .bss.interrupt_counts
                0x1fff13f8       0x80 Libraries\FEHIO.o
                0x1fff13f8                interrupt_counts
 .bss._ZN13AnalogEncoder7pinListE
                0x1fff1478        0x4 Libraries\FEHIO.o
                0x1fff1478                AnalogEncoder::pinList
 .bss.__interrupt_counter
                0x1fff147c        0x4 Libraries\FEHIO.o
                0x1fff147c                __interrupt_counter
 .bss.Buzzer    0x1fff1480        0x4 Libraries\FEHBuzzer.o
                0x1fff1480                Buzzer
 .bss.LCD       0x1fff1484       0x44 Libraries\FEHLCD.o
                0x1fff1484                LCD
 .bss.initialized
                0x1fff14c8        0x1 Libraries\FEHLCD.o
                0x1fff14c8                initialized
 *fill*         0x1fff14c9        0x3 00
 .bss.Accel     0x1fff14cc        0x4 Libraries\FEHAccel.o
                0x1fff14cc                Accel
 .bss.Battery   0x1fff14d0        0x4 Libraries\FEHBattery.o
                0x1fff14d0                Battery
 .bss.XBeeDataProcess
                0x1fff14d4        0x4 Drivers\FEHXBee.o
                0x1fff14d4                XBeeDataProcess
 .bss._xbeebuffer
                0x1fff14d8       0x10 Drivers\FEHXBee.o
                0x1fff14d8                _xbeebuffer
 .bss._xbeebufferindex
                0x1fff14e8        0x1 Drivers\FEHXBee.o
                0x1fff14e8                _xbeebufferindex
 .bss._xbeestate
                0x1fff14e9        0x1 Drivers\FEHXBee.o
                0x1fff14e9                _xbeestate
 .bss._xbeebytereceived
                0x1fff14ea        0x1 Drivers\FEHXBee.o
                0x1fff14ea                _xbeebytereceived
 .bss._xbeebyte
                0x1fff14eb        0x1 Drivers\FEHXBee.o
                0x1fff14eb                _xbeebyte
 .bss.RPS       0x1fff14ec        0x8 Libraries\FEHRPS.o
                0x1fff14ec                RPS
 .bss._enabled  0x1fff14f4        0x1 Libraries\FEHRPS.o
                0x1fff14f4                _enabled
 *fill*         0x1fff14f5        0x3 00
 .bss._RPS_x    0x1fff14f8        0x4 Libraries\FEHRPS.o
                0x1fff14f8                _RPS_x
 .bss._RPS_y    0x1fff14fc        0x4 Libraries\FEHRPS.o
                0x1fff14fc                _RPS_y
 .bss._RPS_heading
                0x1fff1500        0x4 Libraries\FEHRPS.o
                0x1fff1500                _RPS_heading
 .bss._RPS_objective
                0x1fff1504        0x4 Libraries\FEHRPS.o
                0x1fff1504                _RPS_objective
 .bss._RPS_time
                0x1fff1508        0x1 Libraries\FEHRPS.o
                0x1fff1508                _RPS_time
 .bss._RPS_stop
                0x1fff1509        0x1 Libraries\FEHRPS.o
                0x1fff1509                _RPS_stop
 .bss._RPS_foundpacket
                0x1fff150a        0x1 Libraries\FEHRPS.o
                0x1fff150a                _RPS_foundpacket
 *fill*         0x1fff150b        0x1 00
 .bss.SD        0x1fff150c        0x4 Libraries\FEHSD.o
                0x1fff150c                SD
 .bss.logfil    0x1fff1510      0x228 Libraries\FEHSD.o
                0x1fff1510                logfil
 .bss._ZL9FATFS_Obj
                0x1fff1738      0x234 Libraries\FEHSD.o
 .bss.f_res     0x1fff196c        0x1 Libraries\FEHSD.o
                0x1fff196c                f_res
 *fill*         0x1fff196d        0x3 00
 .bss.__stdio_exit
                0x1fff1970        0x4 C:\fehqt\Proteus/EWL/lib/armv7e-m\libc.a(exit.o)
                0x1fff1970                __stdio_exit
 .bss.__console_exit
                0x1fff1974        0x4 C:\fehqt\Proteus/EWL/lib/armv7e-m\libc.a(exit.o)
                0x1fff1974                __console_exit
 .bss.__S_romp  0x1fff1978        0xc C:\fehqt\Proteus/EWL/lib/armv7e-m\librt.a(ROMCopy.o)
 .bss.__global_destructor_chain
                0x1fff1984        0x4 C:\fehqt\Proteus/EWL/lib/armv7e-m\librt.a(__arm_eabi_init.o)
                0x1fff1984                __global_destructor_chain
 *(COMMON)
 COMMON         0x1fff1988        0x4 C:\fehqt\Proteus/EWL/lib/armv7e-m\libc.a(errno.o)
                0x1fff1988                errno
                0x1fff198c                . = ALIGN (0x4)
                0x1fff198c                __END_BSS = .
                0x1fff198c                PROVIDE (__bss_end__, __END_BSS)

._user_heap_stack
                0x1fff198c     0x1000 load address 0x00022df8
                0x1fff198c                . = ALIGN (0x4)
                0x1fff198c                PROVIDE (end, .)
                0x1fff198c                PROVIDE (_end, .)
                0x1fff198c                __heap_addr = .
                0x1fff218c                . = (. + __heap_size)
 *fill*         0x1fff198c      0x800 00
                0x1fff298c                . = (. + __stack_size)
 *fill*         0x1fff218c      0x800 00
                0x1fff298c                . = ALIGN (0x4)
                0x00022590                _romp_at = ((___ROM_AT + SIZEOF (.data)) + SIZEOF (.user_data2))

.romp           0x20000000       0x24 load address 0x00022590
                0x00022590                __S_romp = _romp_at
                0x20000000        0x4 LONG 0x2186c ___ROM_AT
                0x20000004        0x4 LONG 0x1fff0400 _sdata
                0x20000008        0x4 LONG 0xd24 ___data_size
                0x2000000c        0x4 LONG 0x22590 ___m_data2_ROMStart
                0x20000010        0x4 LONG 0x20000000 ___m_data2_RAMStart
                0x20000014        0x4 LONG 0x0 ___m_data2_ROMSize
                0x20000018        0x4 LONG 0x0
                0x2000001c        0x4 LONG 0x0
                0x20000020        0x4 LONG 0x0

.ARM.attributes
                0x00000000       0x33
 *(.ARM.attributes)
 .ARM.attributes
                0x00000000       0x33 ..\main.o
 .ARM.attributes
                0x00000033       0x33 Startup\__arm_start.o
 .ARM.attributes
                0x00000066       0x33 Startup\__arm_end.o
 .ARM.attributes
                0x00000099       0x33 Startup\kinetis_sysinit.o
 .ARM.attributes
                0x000000cc       0x33 Libraries\FEHMotor.o
 .ARM.attributes
                0x000000ff       0x33 Drivers\i2c.o
 .ARM.attributes
                0x00000132       0x33 Drivers\spi.o
 .ARM.attributes
                0x00000165       0x33 Drivers\uart.o
 .ARM.attributes
                0x00000198       0x33 Drivers\ff.o
 .ARM.attributes
                0x000001cb       0x33 Drivers\SDHC.o
 .ARM.attributes
                0x000001fe       0x33 Drivers\lptmr.o
 .ARM.attributes
                0x00000231       0x33 FEHProteus.o
 .ARM.attributes
                0x00000264       0x33 Drivers\FEHPropeller.o
 .ARM.attributes
                0x00000297       0x33 Libraries\FEHUtility.o
 .ARM.attributes
                0x000002ca       0x33 Libraries\FEHIO.o
 .ARM.attributes
                0x000002fd       0x33 Drivers\adc16.o
 .ARM.attributes
                0x00000330       0x33 Libraries\FEHBuzzer.o
 .ARM.attributes
                0x00000363       0x33 Libraries\FEHServo.o
 .ARM.attributes
                0x00000396       0x33 Libraries\FEHLCD.o
 .ARM.attributes
                0x000003c9       0x33 Libraries\FEHAccel.o
 .ARM.attributes
                0x000003fc       0x33 Libraries\FEHBattery.o
 .ARM.attributes
                0x0000042f       0x33 Drivers\FEHXBee.o
 .ARM.attributes
                0x00000462       0x33 Libraries\FEHRPS.o
 .ARM.attributes
                0x00000495       0x33 Libraries\FEHSD.o
 .ARM.attributes
                0x000004c8       0x33 C:\fehqt\Proteus/EWL/lib/armv7e-m\libm.a(s_atanf.o)
 .ARM.attributes
                0x000004fb       0x33 C:\fehqt\Proteus/EWL/lib/armv7e-m\libm.a(s_cosf.o)
 .ARM.attributes
                0x0000052e       0x33 C:\fehqt\Proteus/EWL/lib/armv7e-m\libm.a(s_sinf.o)
 .ARM.attributes
                0x00000561       0x33 C:\fehqt\Proteus/EWL/lib/armv7e-m\libm.a(w_fmod.o)
 .ARM.attributes
                0x00000594       0x33 C:\fehqt\Proteus/EWL/lib/armv7e-m\libm.a(w_powf.o)
 .ARM.attributes
                0x000005c7       0x33 C:\fehqt\Proteus/EWL/lib/armv7e-m\libm.a(w_sqrtf.o)
 .ARM.attributes
                0x000005fa       0x33 C:\fehqt\Proteus/EWL/lib/armv7e-m\libm.a(e_fmod.o)
 .ARM.attributes
                0x0000062d       0x33 C:\fehqt\Proteus/EWL/lib/armv7e-m\libm.a(e_powf.o)
 .ARM.attributes
                0x00000660       0x33 C:\fehqt\Proteus/EWL/lib/armv7e-m\libm.a(e_rem_pio2f.o)
 .ARM.attributes
                0x00000693       0x33 C:\fehqt\Proteus/EWL/lib/armv7e-m\libm.a(e_sqrtf.o)
 .ARM.attributes
                0x000006c6       0x33 C:\fehqt\Proteus/EWL/lib/armv7e-m\libm.a(k_cosf.o)
 .ARM.attributes
                0x000006f9       0x33 C:\fehqt\Proteus/EWL/lib/armv7e-m\libm.a(k_rem_pio2f.o)
 .ARM.attributes
                0x0000072c       0x33 C:\fehqt\Proteus/EWL/lib/armv7e-m\libm.a(k_sinf.o)
 .ARM.attributes
                0x0000075f       0x33 C:\fehqt\Proteus/EWL/lib/armv7e-m\libm.a(math_api.o)
 .ARM.attributes
                0x00000792       0x33 C:\fehqt\Proteus/EWL/lib/armv7e-m\libm.a(s_floorf.o)
 .ARM.attributes
                0x000007c5       0x33 C:\fehqt\Proteus/EWL/lib/armv7e-m\libm.a(s_scalbnf.o)
 .ARM.attributes
                0x000007f8       0x33 C:\fehqt\Proteus/EWL/lib/armv7e-m\libc.a(errno.o)
 .ARM.attributes
                0x0000082b       0x33 C:\fehqt\Proteus/EWL/lib/armv7e-m\libc.a(sprintf.o)
 .ARM.attributes
                0x0000085e       0x33 C:\fehqt\Proteus/EWL/lib/armv7e-m\libc.a(vsnprintf.o)
 .ARM.attributes
                0x00000891       0x33 C:\fehqt\Proteus/EWL/lib/armv7e-m\libc.a(exit.o)
 .ARM.attributes
                0x000008c4       0x33 C:\fehqt\Proteus/EWL/lib/armv7e-m\libc.a(memcpy.o)
 .ARM.attributes
                0x000008f7       0x33 C:\fehqt\Proteus/EWL/lib/armv7e-m\libc.a(memset.o)
 .ARM.attributes
                0x0000092a       0x33 C:\fehqt\Proteus/EWL/lib/armv7e-m\libc.a(strcpy.o)
 .ARM.attributes
                0x0000095d       0x33 C:\fehqt\Proteus/EWL/lib/armv7e-m\libc.a(strlen.o)
 .ARM.attributes
                0x00000990       0x33 C:\fehqt\Proteus/EWL/lib/armv7e-m\libc.a(printformat_.o)
 .ARM.attributes
                0x000009c3       0x33 C:\fehqt\Proteus/EWL/lib/armv7e-m\libc.a(scanformat_.o)
 .ARM.attributes
                0x000009f6       0x33 C:\fehqt\Proteus/EWL/lib/armv7e-m\libc.a(ctype_aeabi.o)
 .ARM.attributes
                0x00000a29       0x33 C:\fehqt\Proteus/EWL/lib/armv7e-m\libc.a(__strtoul.o)
 .ARM.attributes
                0x00000a5c       0x33 C:\fehqt\Proteus/EWL/lib/armv7e-m\libc.a(__filll_mem.o)
 .ARM.attributes
                0x00000a8f       0x33 C:\fehqt\Proteus/EWL/lib/armv7e-m\libc.a(memchr.o)
 .ARM.attributes
                0x00000ac2       0x33 C:\fehqt\Proteus/EWL/lib/armv7e-m\libc.a(strchr.o)
 .ARM.attributes
                0x00000af5       0x1e c:/fehqt/proteus/gcc/bin/../lib/gcc/arm-none-eabi/4.6.2/armv7e-m\libgcc.a(_arm_addsubdf3.o)
 .ARM.attributes
                0x00000b13       0x1e c:/fehqt/proteus/gcc/bin/../lib/gcc/arm-none-eabi/4.6.2/armv7e-m\libgcc.a(_arm_muldivdf3.o)
 .ARM.attributes
                0x00000b31       0x1e c:/fehqt/proteus/gcc/bin/../lib/gcc/arm-none-eabi/4.6.2/armv7e-m\libgcc.a(_arm_cmpdf2.o)
 .ARM.attributes
                0x00000b4f       0x1e c:/fehqt/proteus/gcc/bin/../lib/gcc/arm-none-eabi/4.6.2/armv7e-m\libgcc.a(_arm_fixdfsi.o)
 .ARM.attributes
                0x00000b6d       0x1e c:/fehqt/proteus/gcc/bin/../lib/gcc/arm-none-eabi/4.6.2/armv7e-m\libgcc.a(_arm_fixunsdfsi.o)
 .ARM.attributes
                0x00000b8b       0x1e c:/fehqt/proteus/gcc/bin/../lib/gcc/arm-none-eabi/4.6.2/armv7e-m\libgcc.a(_arm_truncdfsf2.o)
 .ARM.attributes
                0x00000ba9       0x1e c:/fehqt/proteus/gcc/bin/../lib/gcc/arm-none-eabi/4.6.2/armv7e-m\libgcc.a(_arm_addsubsf3.o)
 .ARM.attributes
                0x00000bc7       0x1e c:/fehqt/proteus/gcc/bin/../lib/gcc/arm-none-eabi/4.6.2/armv7e-m\libgcc.a(_arm_muldivsf3.o)
 .ARM.attributes
                0x00000be5       0x1e c:/fehqt/proteus/gcc/bin/../lib/gcc/arm-none-eabi/4.6.2/armv7e-m\libgcc.a(_arm_cmpsf2.o)
 .ARM.attributes
                0x00000c03       0x1e c:/fehqt/proteus/gcc/bin/../lib/gcc/arm-none-eabi/4.6.2/armv7e-m\libgcc.a(_arm_fixsfsi.o)
 .ARM.attributes
                0x00000c21       0x1e c:/fehqt/proteus/gcc/bin/../lib/gcc/arm-none-eabi/4.6.2/armv7e-m\libgcc.a(_arm_fixunssfsi.o)
 .ARM.attributes
                0x00000c3f       0x33 C:\fehqt\Proteus/EWL/lib/armv7e-m\librt.a(gcc_ctor_dtor.o)
 .ARM.attributes
                0x00000c72       0x33 C:\fehqt\Proteus/EWL/lib/armv7e-m\librt.a(ROMCopy.o)
 .ARM.attributes
                0x00000ca5       0x33 C:\fehqt\Proteus/EWL/lib/armv7e-m\librt.a(__arm_eabi_init.o)
OUTPUT(../RestartedRobotProject.elf elf32-littlearm)

.debug_info     0x00000000    0x17970
 .debug_info    0x00000000     0x2195 ..\main.o
 .debug_info    0x00002195     0x12c5 Startup\__arm_start.o
 .debug_info    0x0000345a       0x58 Startup\__arm_end.o
 .debug_info    0x000034b2      0x61c Startup\kinetis_sysinit.o
 .debug_info    0x00003ace      0x335 Libraries\FEHMotor.o
 .debug_info    0x00003e03      0x250 Drivers\i2c.o
 .debug_info    0x00004053      0x6cf Drivers\spi.o
 .debug_info    0x00004722      0x59c Drivers\uart.o
 .debug_info    0x00004cbe     0x1da0 Drivers\ff.o
 .debug_info    0x00006a5e      0xf1d Drivers\SDHC.o
 .debug_info    0x0000797b      0x2de Drivers\lptmr.o
 .debug_info    0x00007c59      0x1a7 FEHProteus.o
 .debug_info    0x00007e00      0x722 Drivers\FEHPropeller.o
 .debug_info    0x00008522      0x36c Libraries\FEHUtility.o
 .debug_info    0x0000888e     0x1c6a Libraries\FEHIO.o
 .debug_info    0x0000a4f8      0x4ab Drivers\adc16.o
 .debug_info    0x0000a9a3      0xa42 Libraries\FEHBuzzer.o
 .debug_info    0x0000b3e5     0x1500 Libraries\FEHServo.o
 .debug_info    0x0000c8e5     0x2c25 Libraries\FEHLCD.o
 .debug_info    0x0000f50a      0x26a Libraries\FEHAccel.o
 .debug_info    0x0000f774      0x3a9 Libraries\FEHBattery.o
 .debug_info    0x0000fb1d      0xac3 Drivers\FEHXBee.o
 .debug_info    0x000105e0     0x1b23 Libraries\FEHRPS.o
 .debug_info    0x00012103     0x16c8 Libraries\FEHSD.o
 .debug_info    0x000137cb      0x1eb C:\fehqt\Proteus/EWL/lib/armv7e-m\libm.a(s_atanf.o)
 .debug_info    0x000139b6      0x159 C:\fehqt\Proteus/EWL/lib/armv7e-m\libm.a(s_cosf.o)
 .debug_info    0x00013b0f      0x155 C:\fehqt\Proteus/EWL/lib/armv7e-m\libm.a(s_sinf.o)
 .debug_info    0x00013c64       0xc7 C:\fehqt\Proteus/EWL/lib/armv7e-m\libm.a(w_fmod.o)
 .debug_info    0x00013d2b       0xc7 C:\fehqt\Proteus/EWL/lib/armv7e-m\libm.a(w_powf.o)
 .debug_info    0x00013df2       0xba C:\fehqt\Proteus/EWL/lib/armv7e-m\libm.a(w_sqrtf.o)
 .debug_info    0x00013eac      0x264 C:\fehqt\Proteus/EWL/lib/armv7e-m\libm.a(e_fmod.o)
 .debug_info    0x00014110      0x4fa C:\fehqt\Proteus/EWL/lib/armv7e-m\libm.a(e_powf.o)
 .debug_info    0x0001460a      0x2e9 C:\fehqt\Proteus/EWL/lib/armv7e-m\libm.a(e_rem_pio2f.o)
 .debug_info    0x000148f3      0x1d5 C:\fehqt\Proteus/EWL/lib/armv7e-m\libm.a(e_sqrtf.o)
 .debug_info    0x00014ac8      0x1d0 C:\fehqt\Proteus/EWL/lib/armv7e-m\libm.a(k_cosf.o)
 .debug_info    0x00014c98      0x305 C:\fehqt\Proteus/EWL/lib/armv7e-m\libm.a(k_rem_pio2f.o)
 .debug_info    0x00014f9d      0x1c6 C:\fehqt\Proteus/EWL/lib/armv7e-m\libm.a(k_sinf.o)
 .debug_info    0x00015163      0x32c C:\fehqt\Proteus/EWL/lib/armv7e-m\libm.a(math_api.o)
 .debug_info    0x0001548f      0x14a C:\fehqt\Proteus/EWL/lib/armv7e-m\libm.a(s_floorf.o)
 .debug_info    0x000155d9      0x18f C:\fehqt\Proteus/EWL/lib/armv7e-m\libm.a(s_scalbnf.o)
 .debug_info    0x00015768       0xa5 C:\fehqt\Proteus/EWL/lib/armv7e-m\libc.a(errno.o)
 .debug_info    0x0001580d      0x11f C:\fehqt\Proteus/EWL/lib/armv7e-m\libc.a(sprintf.o)
 .debug_info    0x0001592c      0x206 C:\fehqt\Proteus/EWL/lib/armv7e-m\libc.a(vsnprintf.o)
 .debug_info    0x00015b32      0x103 C:\fehqt\Proteus/EWL/lib/armv7e-m\libc.a(exit.o)
 .debug_info    0x00015c35      0x113 C:\fehqt\Proteus/EWL/lib/armv7e-m\libc.a(memcpy.o)
 .debug_info    0x00015d48       0xf4 C:\fehqt\Proteus/EWL/lib/armv7e-m\libc.a(memset.o)
 .debug_info    0x00015e3c      0x10a C:\fehqt\Proteus/EWL/lib/armv7e-m\libc.a(strcpy.o)
 .debug_info    0x00015f46       0xf3 C:\fehqt\Proteus/EWL/lib/armv7e-m\libc.a(strlen.o)
 .debug_info    0x00016039      0x512 C:\fehqt\Proteus/EWL/lib/armv7e-m\libc.a(printformat_.o)
 .debug_info    0x0001654b      0x564 C:\fehqt\Proteus/EWL/lib/armv7e-m\libc.a(scanformat_.o)
 .debug_info    0x00016aaf      0x32a C:\fehqt\Proteus/EWL/lib/armv7e-m\libc.a(ctype_aeabi.o)
 .debug_info    0x00016dd9      0x1d7 C:\fehqt\Proteus/EWL/lib/armv7e-m\libc.a(__strtoul.o)
 .debug_info    0x00016fb0      0x13d C:\fehqt\Proteus/EWL/lib/armv7e-m\libc.a(__filll_mem.o)
 .debug_info    0x000170ed      0x129 C:\fehqt\Proteus/EWL/lib/armv7e-m\libc.a(memchr.o)
 .debug_info    0x00017216      0x110 C:\fehqt\Proteus/EWL/lib/armv7e-m\libc.a(strchr.o)
 .debug_info    0x00017326      0x1c0 C:\fehqt\Proteus/EWL/lib/armv7e-m\librt.a(gcc_ctor_dtor.o)
 .debug_info    0x000174e6      0x1b8 C:\fehqt\Proteus/EWL/lib/armv7e-m\librt.a(ROMCopy.o)
 .debug_info    0x0001769e      0x2d2 C:\fehqt\Proteus/EWL/lib/armv7e-m\librt.a(__arm_eabi_init.o)

.debug_abbrev   0x00000000     0x4cad
 .debug_abbrev  0x00000000      0x411 ..\main.o
 .debug_abbrev  0x00000411      0x28f Startup\__arm_start.o
 .debug_abbrev  0x000006a0       0x45 Startup\__arm_end.o
 .debug_abbrev  0x000006e5      0x1c3 Startup\kinetis_sysinit.o
 .debug_abbrev  0x000008a8      0x18c Libraries\FEHMotor.o
 .debug_abbrev  0x00000a34       0xfc Drivers\i2c.o
 .debug_abbrev  0x00000b30      0x18b Drivers\spi.o
 .debug_abbrev  0x00000cbb      0x15f Drivers\uart.o
 .debug_abbrev  0x00000e1a      0x18f Drivers\ff.o
 .debug_abbrev  0x00000fa9      0x223 Drivers\SDHC.o
 .debug_abbrev  0x000011cc       0xd2 Drivers\lptmr.o
 .debug_abbrev  0x0000129e      0x101 FEHProteus.o
 .debug_abbrev  0x0000139f      0x1c6 Drivers\FEHPropeller.o
 .debug_abbrev  0x00001565      0x154 Libraries\FEHUtility.o
 .debug_abbrev  0x000016b9      0x448 Libraries\FEHIO.o
 .debug_abbrev  0x00001b01      0x12a Drivers\adc16.o
 .debug_abbrev  0x00001c2b      0x1da Libraries\FEHBuzzer.o
 .debug_abbrev  0x00001e05      0x312 Libraries\FEHServo.o
 .debug_abbrev  0x00002117      0x38c Libraries\FEHLCD.o
 .debug_abbrev  0x000024a3      0x13b Libraries\FEHAccel.o
 .debug_abbrev  0x000025de      0x1cb Libraries\FEHBattery.o
 .debug_abbrev  0x000027a9      0x231 Drivers\FEHXBee.o
 .debug_abbrev  0x000029da      0x38c Libraries\FEHRPS.o
 .debug_abbrev  0x00002d66      0x357 Libraries\FEHSD.o
 .debug_abbrev  0x000030bd       0xe4 C:\fehqt\Proteus/EWL/lib/armv7e-m\libm.a(s_atanf.o)
 .debug_abbrev  0x000031a1       0xb0 C:\fehqt\Proteus/EWL/lib/armv7e-m\libm.a(s_cosf.o)
 .debug_abbrev  0x00003251       0xbd C:\fehqt\Proteus/EWL/lib/armv7e-m\libm.a(s_sinf.o)
 .debug_abbrev  0x0000330e       0x5d C:\fehqt\Proteus/EWL/lib/armv7e-m\libm.a(w_fmod.o)
 .debug_abbrev  0x0000336b       0x5d C:\fehqt\Proteus/EWL/lib/armv7e-m\libm.a(w_powf.o)
 .debug_abbrev  0x000033c8       0x5d C:\fehqt\Proteus/EWL/lib/armv7e-m\libm.a(w_sqrtf.o)
 .debug_abbrev  0x00003425      0x102 C:\fehqt\Proteus/EWL/lib/armv7e-m\libm.a(e_fmod.o)
 .debug_abbrev  0x00003527      0x13a C:\fehqt\Proteus/EWL/lib/armv7e-m\libm.a(e_powf.o)
 .debug_abbrev  0x00003661      0x109 C:\fehqt\Proteus/EWL/lib/armv7e-m\libm.a(e_rem_pio2f.o)
 .debug_abbrev  0x0000376a       0xe3 C:\fehqt\Proteus/EWL/lib/armv7e-m\libm.a(e_sqrtf.o)
 .debug_abbrev  0x0000384d       0xb4 C:\fehqt\Proteus/EWL/lib/armv7e-m\libm.a(k_cosf.o)
 .debug_abbrev  0x00003901      0x104 C:\fehqt\Proteus/EWL/lib/armv7e-m\libm.a(k_rem_pio2f.o)
 .debug_abbrev  0x00003a05       0xc3 C:\fehqt\Proteus/EWL/lib/armv7e-m\libm.a(k_sinf.o)
 .debug_abbrev  0x00003ac8      0x136 C:\fehqt\Proteus/EWL/lib/armv7e-m\libm.a(math_api.o)
 .debug_abbrev  0x00003bfe       0xa7 C:\fehqt\Proteus/EWL/lib/armv7e-m\libm.a(s_floorf.o)
 .debug_abbrev  0x00003ca5       0xb4 C:\fehqt\Proteus/EWL/lib/armv7e-m\libm.a(s_scalbnf.o)
 .debug_abbrev  0x00003d59       0x48 C:\fehqt\Proteus/EWL/lib/armv7e-m\libc.a(errno.o)
 .debug_abbrev  0x00003da1       0xb5 C:\fehqt\Proteus/EWL/lib/armv7e-m\libc.a(sprintf.o)
 .debug_abbrev  0x00003e56       0xf4 C:\fehqt\Proteus/EWL/lib/armv7e-m\libc.a(vsnprintf.o)
 .debug_abbrev  0x00003f4a       0x8f C:\fehqt\Proteus/EWL/lib/armv7e-m\libc.a(exit.o)
 .debug_abbrev  0x00003fd9       0x97 C:\fehqt\Proteus/EWL/lib/armv7e-m\libc.a(memcpy.o)
 .debug_abbrev  0x00004070       0x66 C:\fehqt\Proteus/EWL/lib/armv7e-m\libc.a(memset.o)
 .debug_abbrev  0x000040d6       0x7c C:\fehqt\Proteus/EWL/lib/armv7e-m\libc.a(strcpy.o)
 .debug_abbrev  0x00004152       0x7e C:\fehqt\Proteus/EWL/lib/armv7e-m\libc.a(strlen.o)
 .debug_abbrev  0x000041d0      0x204 C:\fehqt\Proteus/EWL/lib/armv7e-m\libc.a(printformat_.o)
 .debug_abbrev  0x000043d4      0x1fb C:\fehqt\Proteus/EWL/lib/armv7e-m\libc.a(scanformat_.o)
 .debug_abbrev  0x000045cf       0x9a C:\fehqt\Proteus/EWL/lib/armv7e-m\libc.a(ctype_aeabi.o)
 .debug_abbrev  0x00004669       0xc6 C:\fehqt\Proteus/EWL/lib/armv7e-m\libc.a(__strtoul.o)
 .debug_abbrev  0x0000472f       0x8b C:\fehqt\Proteus/EWL/lib/armv7e-m\libc.a(__filll_mem.o)
 .debug_abbrev  0x000047ba       0x99 C:\fehqt\Proteus/EWL/lib/armv7e-m\libc.a(memchr.o)
 .debug_abbrev  0x00004853       0x8d C:\fehqt\Proteus/EWL/lib/armv7e-m\libc.a(strchr.o)
 .debug_abbrev  0x000048e0       0x9d C:\fehqt\Proteus/EWL/lib/armv7e-m\librt.a(gcc_ctor_dtor.o)
 .debug_abbrev  0x0000497d      0x160 C:\fehqt\Proteus/EWL/lib/armv7e-m\librt.a(ROMCopy.o)
 .debug_abbrev  0x00004add      0x1d0 C:\fehqt\Proteus/EWL/lib/armv7e-m\librt.a(__arm_eabi_init.o)

.debug_loc      0x00000000     0x8bb4
 .debug_loc     0x00000000      0x7d8 ..\main.o
 .debug_loc     0x000007d8       0xb0 Startup\__arm_start.o
 .debug_loc     0x00000888       0x38 Startup\__arm_end.o
 .debug_loc     0x000008c0       0x84 Startup\kinetis_sysinit.o
 .debug_loc     0x00000944       0xe0 Libraries\FEHMotor.o
 .debug_loc     0x00000a24       0xe0 Drivers\i2c.o
 .debug_loc     0x00000b04      0x19c Drivers\spi.o
 .debug_loc     0x00000ca0       0xe0 Drivers\uart.o
 .debug_loc     0x00000d80      0xa96 Drivers\ff.o
 .debug_loc     0x00001816      0x370 Drivers\SDHC.o
 .debug_loc     0x00001b86       0x38 Drivers\lptmr.o
 .debug_loc     0x00001bbe       0x64 FEHProteus.o
 .debug_loc     0x00001c22      0x118 Drivers\FEHPropeller.o
 .debug_loc     0x00001d3a      0x1a8 Libraries\FEHUtility.o
 .debug_loc     0x00001ee2      0x8d6 Libraries\FEHIO.o
 .debug_loc     0x000027b8       0xa8 Drivers\adc16.o
 .debug_loc     0x00002860      0x304 Libraries\FEHBuzzer.o
 .debug_loc     0x00002b64      0x1fa Libraries\FEHServo.o
 .debug_loc     0x00002d5e     0x1147 Libraries\FEHLCD.o
 .debug_loc     0x00003ea5      0x144 Libraries\FEHAccel.o
 .debug_loc     0x00003fe9       0xd4 Libraries\FEHBattery.o
 .debug_loc     0x000040bd      0x1c0 Drivers\FEHXBee.o
 .debug_loc     0x0000427d      0x3e8 Libraries\FEHRPS.o
 .debug_loc     0x00004665      0x24a Libraries\FEHSD.o
 .debug_loc     0x000048af      0x1c0 C:\fehqt\Proteus/EWL/lib/armv7e-m\libm.a(s_atanf.o)
 .debug_loc     0x00004a6f       0xf8 C:\fehqt\Proteus/EWL/lib/armv7e-m\libm.a(s_cosf.o)
 .debug_loc     0x00004b67       0xae C:\fehqt\Proteus/EWL/lib/armv7e-m\libm.a(s_sinf.o)
 .debug_loc     0x00004c15       0x30 C:\fehqt\Proteus/EWL/lib/armv7e-m\libm.a(w_fmod.o)
 .debug_loc     0x00004c45       0x26 C:\fehqt\Proteus/EWL/lib/armv7e-m\libm.a(w_powf.o)
 .debug_loc     0x00004c6b       0x13 C:\fehqt\Proteus/EWL/lib/armv7e-m\libm.a(w_sqrtf.o)
 .debug_loc     0x00004c7e      0x310 C:\fehqt\Proteus/EWL/lib/armv7e-m\libm.a(e_fmod.o)
 .debug_loc     0x00004f8e      0x6d0 C:\fehqt\Proteus/EWL/lib/armv7e-m\libm.a(e_powf.o)
 .debug_loc     0x0000565e      0x321 C:\fehqt\Proteus/EWL/lib/armv7e-m\libm.a(e_rem_pio2f.o)
 .debug_loc     0x0000597f      0x110 C:\fehqt\Proteus/EWL/lib/armv7e-m\libm.a(e_sqrtf.o)
 .debug_loc     0x00005a8f       0xf7 C:\fehqt\Proteus/EWL/lib/armv7e-m\libm.a(k_cosf.o)
 .debug_loc     0x00005b86      0x654 C:\fehqt\Proteus/EWL/lib/armv7e-m\libm.a(k_rem_pio2f.o)
 .debug_loc     0x000061da       0xdf C:\fehqt\Proteus/EWL/lib/armv7e-m\libm.a(k_sinf.o)
 .debug_loc     0x000062b9      0x27c C:\fehqt\Proteus/EWL/lib/armv7e-m\libm.a(math_api.o)
 .debug_loc     0x00006535       0xcf C:\fehqt\Proteus/EWL/lib/armv7e-m\libm.a(s_floorf.o)
 .debug_loc     0x00006604       0xe5 C:\fehqt\Proteus/EWL/lib/armv7e-m\libm.a(s_scalbnf.o)
 .debug_loc     0x000066e9       0x3f C:\fehqt\Proteus/EWL/lib/armv7e-m\libc.a(sprintf.o)
 .debug_loc     0x00006728      0x105 C:\fehqt\Proteus/EWL/lib/armv7e-m\libc.a(vsnprintf.o)
 .debug_loc     0x0000682d       0x3e C:\fehqt\Proteus/EWL/lib/armv7e-m\libc.a(exit.o)
 .debug_loc     0x0000686b       0x46 C:\fehqt\Proteus/EWL/lib/armv7e-m\libc.a(memcpy.o)
 .debug_loc     0x000068b1       0x64 C:\fehqt\Proteus/EWL/lib/armv7e-m\libc.a(memset.o)
 .debug_loc     0x00006915       0x20 C:\fehqt\Proteus/EWL/lib/armv7e-m\libc.a(strcpy.o)
 .debug_loc     0x00006935       0x31 C:\fehqt\Proteus/EWL/lib/armv7e-m\libc.a(strlen.o)
 .debug_loc     0x00006966     0x106f C:\fehqt\Proteus/EWL/lib/armv7e-m\libc.a(printformat_.o)
 .debug_loc     0x000079d5      0x8cb C:\fehqt\Proteus/EWL/lib/armv7e-m\libc.a(scanformat_.o)
 .debug_loc     0x000082a0      0x18e C:\fehqt\Proteus/EWL/lib/armv7e-m\libc.a(ctype_aeabi.o)
 .debug_loc     0x0000842e      0x2ad C:\fehqt\Proteus/EWL/lib/armv7e-m\libc.a(__strtoul.o)
 .debug_loc     0x000086db      0x12c C:\fehqt\Proteus/EWL/lib/armv7e-m\libc.a(__filll_mem.o)
 .debug_loc     0x00008807       0x82 C:\fehqt\Proteus/EWL/lib/armv7e-m\libc.a(memchr.o)
 .debug_loc     0x00008889       0x78 C:\fehqt\Proteus/EWL/lib/armv7e-m\libc.a(strchr.o)
 .debug_loc     0x00008901       0xbe C:\fehqt\Proteus/EWL/lib/armv7e-m\librt.a(gcc_ctor_dtor.o)
 .debug_loc     0x000089bf       0x9b C:\fehqt\Proteus/EWL/lib/armv7e-m\librt.a(ROMCopy.o)
 .debug_loc     0x00008a5a      0x15a C:\fehqt\Proteus/EWL/lib/armv7e-m\librt.a(__arm_eabi_init.o)

.debug_aranges  0x00000000     0x1208
 .debug_aranges
                0x00000000      0x148 ..\main.o
 .debug_aranges
                0x00000148       0x48 Startup\__arm_start.o
 .debug_aranges
                0x00000190       0x20 Startup\__arm_end.o
 .debug_aranges
                0x000001b0       0x30 Startup\kinetis_sysinit.o
 .debug_aranges
                0x000001e0       0x38 Libraries\FEHMotor.o
 .debug_aranges
                0x00000218       0x38 Drivers\i2c.o
 .debug_aranges
                0x00000250       0x58 Drivers\spi.o
 .debug_aranges
                0x000002a8       0x38 Drivers\uart.o
 .debug_aranges
                0x000002e0      0x198 Drivers\ff.o
 .debug_aranges
                0x00000478       0x98 Drivers\SDHC.o
 .debug_aranges
                0x00000510       0x20 Drivers\lptmr.o
 .debug_aranges
                0x00000530       0x28 FEHProteus.o
 .debug_aranges
                0x00000558       0x40 Drivers\FEHPropeller.o
 .debug_aranges
                0x00000598       0x58 Libraries\FEHUtility.o
 .debug_aranges
                0x000005f0      0x160 Libraries\FEHIO.o
 .debug_aranges
                0x00000750       0x30 Drivers\adc16.o
 .debug_aranges
                0x00000780       0x88 Libraries\FEHBuzzer.o
 .debug_aranges
                0x00000808       0x60 Libraries\FEHServo.o
 .debug_aranges
                0x00000868      0x290 Libraries\FEHLCD.o
 .debug_aranges
                0x00000af8       0x48 Libraries\FEHAccel.o
 .debug_aranges
                0x00000b40       0x38 Libraries\FEHBattery.o
 .debug_aranges
                0x00000b78       0x58 Drivers\FEHXBee.o
 .debug_aranges
                0x00000bd0       0xa8 Libraries\FEHRPS.o
 .debug_aranges
                0x00000c78       0x68 Libraries\FEHSD.o
 .debug_aranges
                0x00000ce0       0x20 C:\fehqt\Proteus/EWL/lib/armv7e-m\libm.a(s_atanf.o)
 .debug_aranges
                0x00000d00       0x20 C:\fehqt\Proteus/EWL/lib/armv7e-m\libm.a(s_cosf.o)
 .debug_aranges
                0x00000d20       0x20 C:\fehqt\Proteus/EWL/lib/armv7e-m\libm.a(s_sinf.o)
 .debug_aranges
                0x00000d40       0x20 C:\fehqt\Proteus/EWL/lib/armv7e-m\libm.a(w_fmod.o)
 .debug_aranges
                0x00000d60       0x20 C:\fehqt\Proteus/EWL/lib/armv7e-m\libm.a(w_powf.o)
 .debug_aranges
                0x00000d80       0x20 C:\fehqt\Proteus/EWL/lib/armv7e-m\libm.a(w_sqrtf.o)
 .debug_aranges
                0x00000da0       0x20 C:\fehqt\Proteus/EWL/lib/armv7e-m\libm.a(e_fmod.o)
 .debug_aranges
                0x00000dc0       0x20 C:\fehqt\Proteus/EWL/lib/armv7e-m\libm.a(e_powf.o)
 .debug_aranges
                0x00000de0       0x20 C:\fehqt\Proteus/EWL/lib/armv7e-m\libm.a(e_rem_pio2f.o)
 .debug_aranges
                0x00000e00       0x20 C:\fehqt\Proteus/EWL/lib/armv7e-m\libm.a(e_sqrtf.o)
 .debug_aranges
                0x00000e20       0x20 C:\fehqt\Proteus/EWL/lib/armv7e-m\libm.a(k_cosf.o)
 .debug_aranges
                0x00000e40       0x20 C:\fehqt\Proteus/EWL/lib/armv7e-m\libm.a(k_rem_pio2f.o)
 .debug_aranges
                0x00000e60       0x20 C:\fehqt\Proteus/EWL/lib/armv7e-m\libm.a(k_sinf.o)
 .debug_aranges
                0x00000e80       0x60 C:\fehqt\Proteus/EWL/lib/armv7e-m\libm.a(math_api.o)
 .debug_aranges
                0x00000ee0       0x20 C:\fehqt\Proteus/EWL/lib/armv7e-m\libm.a(s_floorf.o)
 .debug_aranges
                0x00000f00       0x20 C:\fehqt\Proteus/EWL/lib/armv7e-m\libm.a(s_scalbnf.o)
 .debug_aranges
                0x00000f20       0x20 C:\fehqt\Proteus/EWL/lib/armv7e-m\libc.a(sprintf.o)
 .debug_aranges
                0x00000f40       0x28 C:\fehqt\Proteus/EWL/lib/armv7e-m\libc.a(vsnprintf.o)
 .debug_aranges
                0x00000f68       0x20 C:\fehqt\Proteus/EWL/lib/armv7e-m\libc.a(exit.o)
 .debug_aranges
                0x00000f88       0x20 C:\fehqt\Proteus/EWL/lib/armv7e-m\libc.a(memcpy.o)
 .debug_aranges
                0x00000fa8       0x20 C:\fehqt\Proteus/EWL/lib/armv7e-m\libc.a(memset.o)
 .debug_aranges
                0x00000fc8       0x20 C:\fehqt\Proteus/EWL/lib/armv7e-m\libc.a(strcpy.o)
 .debug_aranges
                0x00000fe8       0x20 C:\fehqt\Proteus/EWL/lib/armv7e-m\libc.a(strlen.o)
 .debug_aranges
                0x00001008       0x28 C:\fehqt\Proteus/EWL/lib/armv7e-m\libc.a(printformat_.o)
 .debug_aranges
                0x00001030       0x20 C:\fehqt\Proteus/EWL/lib/armv7e-m\libc.a(scanformat_.o)
 .debug_aranges
                0x00001050       0x88 C:\fehqt\Proteus/EWL/lib/armv7e-m\libc.a(ctype_aeabi.o)
 .debug_aranges
                0x000010d8       0x20 C:\fehqt\Proteus/EWL/lib/armv7e-m\libc.a(__strtoul.o)
 .debug_aranges
                0x000010f8       0x20 C:\fehqt\Proteus/EWL/lib/armv7e-m\libc.a(__filll_mem.o)
 .debug_aranges
                0x00001118       0x20 C:\fehqt\Proteus/EWL/lib/armv7e-m\libc.a(memchr.o)
 .debug_aranges
                0x00001138       0x20 C:\fehqt\Proteus/EWL/lib/armv7e-m\libc.a(strchr.o)
 .debug_aranges
                0x00001158       0x28 C:\fehqt\Proteus/EWL/lib/armv7e-m\librt.a(gcc_ctor_dtor.o)
 .debug_aranges
                0x00001180       0x30 C:\fehqt\Proteus/EWL/lib/armv7e-m\librt.a(ROMCopy.o)
 .debug_aranges
                0x000011b0       0x58 C:\fehqt\Proteus/EWL/lib/armv7e-m\librt.a(__arm_eabi_init.o)

.debug_line     0x00000000     0x9860
 .debug_line    0x00000000      0xd55 ..\main.o
 .debug_line    0x00000d55      0x3ad Startup\__arm_start.o
 .debug_line    0x00001102      0x21a Startup\__arm_end.o
 .debug_line    0x0000131c      0x291 Startup\kinetis_sysinit.o
 .debug_line    0x000015ad      0x237 Libraries\FEHMotor.o
 .debug_line    0x000017e4      0x2ad Drivers\i2c.o
 .debug_line    0x00001a91      0x295 Drivers\spi.o
 .debug_line    0x00001d26      0x212 Drivers\uart.o
 .debug_line    0x00001f38     0x1114 Drivers\ff.o
 .debug_line    0x0000304c      0x678 Drivers\SDHC.o
 .debug_line    0x000036c4      0x1c0 Drivers\lptmr.o
 .debug_line    0x00003884      0x1da FEHProteus.o
 .debug_line    0x00003a5e      0x264 Drivers\FEHPropeller.o
 .debug_line    0x00003cc2      0x282 Libraries\FEHUtility.o
 .debug_line    0x00003f44      0x6ee Libraries\FEHIO.o
 .debug_line    0x00004632      0x20f Drivers\adc16.o
 .debug_line    0x00004841      0x2df Libraries\FEHBuzzer.o
 .debug_line    0x00004b20      0x545 Libraries\FEHServo.o
 .debug_line    0x00005065     0x1151 Libraries\FEHLCD.o
 .debug_line    0x000061b6      0x23f Libraries\FEHAccel.o
 .debug_line    0x000063f5      0x218 Libraries\FEHBattery.o
 .debug_line    0x0000660d      0x349 Drivers\FEHXBee.o
 .debug_line    0x00006956      0x746 Libraries\FEHRPS.o
 .debug_line    0x0000709c      0x3fa Libraries\FEHSD.o
 .debug_line    0x00007496       0xe6 C:\fehqt\Proteus/EWL/lib/armv7e-m\libm.a(s_atanf.o)
 .debug_line    0x0000757c       0xc0 C:\fehqt\Proteus/EWL/lib/armv7e-m\libm.a(s_cosf.o)
 .debug_line    0x0000763c       0xc6 C:\fehqt\Proteus/EWL/lib/armv7e-m\libm.a(s_sinf.o)
 .debug_line    0x00007702       0x76 C:\fehqt\Proteus/EWL/lib/armv7e-m\libm.a(w_fmod.o)
 .debug_line    0x00007778       0x76 C:\fehqt\Proteus/EWL/lib/armv7e-m\libm.a(w_powf.o)
 .debug_line    0x000077ee       0x77 C:\fehqt\Proteus/EWL/lib/armv7e-m\libm.a(w_sqrtf.o)
 .debug_line    0x00007865      0x16d C:\fehqt\Proteus/EWL/lib/armv7e-m\libm.a(e_fmod.o)
 .debug_line    0x000079d2      0x1f0 C:\fehqt\Proteus/EWL/lib/armv7e-m\libm.a(e_powf.o)
 .debug_line    0x00007bc2      0x11b C:\fehqt\Proteus/EWL/lib/armv7e-m\libm.a(e_rem_pio2f.o)
 .debug_line    0x00007cdd       0xf0 C:\fehqt\Proteus/EWL/lib/armv7e-m\libm.a(e_sqrtf.o)
 .debug_line    0x00007dcd       0xbc C:\fehqt\Proteus/EWL/lib/armv7e-m\libm.a(k_cosf.o)
 .debug_line    0x00007e89      0x433 C:\fehqt\Proteus/EWL/lib/armv7e-m\libm.a(k_rem_pio2f.o)
 .debug_line    0x000082bc       0xab C:\fehqt\Proteus/EWL/lib/armv7e-m\libm.a(k_sinf.o)
 .debug_line    0x00008367      0x178 C:\fehqt\Proteus/EWL/lib/armv7e-m\libm.a(math_api.o)
 .debug_line    0x000084df       0xc4 C:\fehqt\Proteus/EWL/lib/armv7e-m\libm.a(s_floorf.o)
 .debug_line    0x000085a3       0xc7 C:\fehqt\Proteus/EWL/lib/armv7e-m\libm.a(s_scalbnf.o)
 .debug_line    0x0000866a       0x4d C:\fehqt\Proteus/EWL/lib/armv7e-m\libc.a(errno.o)
 .debug_line    0x000086b7       0x94 C:\fehqt\Proteus/EWL/lib/armv7e-m\libc.a(sprintf.o)
 .debug_line    0x0000874b       0xd2 C:\fehqt\Proteus/EWL/lib/armv7e-m\libc.a(vsnprintf.o)
 .debug_line    0x0000881d       0x94 C:\fehqt\Proteus/EWL/lib/armv7e-m\libc.a(exit.o)
 .debug_line    0x000088b1       0x8d C:\fehqt\Proteus/EWL/lib/armv7e-m\libc.a(memcpy.o)
 .debug_line    0x0000893e       0x8f C:\fehqt\Proteus/EWL/lib/armv7e-m\libc.a(memset.o)
 .debug_line    0x000089cd       0x8e C:\fehqt\Proteus/EWL/lib/armv7e-m\libc.a(strcpy.o)
 .debug_line    0x00008a5b       0x89 C:\fehqt\Proteus/EWL/lib/armv7e-m\libc.a(strlen.o)